Component: ARM Compiler 5.06 update 6 (build 750) Tool: armlink [4d35ed]

==============================================================================

Section Cross References

    main.o(i.KeyTaskFunc) refers to key.o(i.key_init) for key_init
    main.o(i.KeyTaskFunc) refers to queue.o(i.xQueueGenericCreate) for xQueueGenericCreate
    main.o(i.KeyTaskFunc) refers to key.o(i.key_scan) for key_scan
    main.o(i.KeyTaskFunc) refers to queue.o(i.xQueueGenericSend) for xQueueGenericSend
    main.o(i.KeyTaskFunc) refers to tasks.o(i.vTaskDelay) for vTaskDelay
    main.o(i.KeyTaskFunc) refers to main.o(.data) for .data
    main.o(i.MainTaskFunc) refers to oled.o(i.OLED_Init) for OLED_Init
    main.o(i.MainTaskFunc) refers to usart1.o(i.USART1_ShowWaiting) for USART1_ShowWaiting
    main.o(i.MainTaskFunc) refers to usart1.o(i.USART1_Read) for USART1_Read
    main.o(i.MainTaskFunc) refers to heap_4.o(i.vPortFree) for vPortFree
    main.o(i.MainTaskFunc) refers to test.o(i.test_LED) for test_LED
    main.o(i.MainTaskFunc) refers to test.o(i.oled_test) for oled_test
    main.o(i.MainTaskFunc) refers to test.o(i.test_KEY) for test_KEY
    main.o(i.main) refers to misc.o(i.NVIC_PriorityGroupConfig) for NVIC_PriorityGroupConfig
    main.o(i.main) refers to systick.o(i.Clock_Init) for Clock_Init
    main.o(i.main) refers to systick.o(i.SysTick_Init) for SysTick_Init
    main.o(i.main) refers to usart1.o(i.Usart1_Init) for Usart1_Init
    main.o(i.main) refers to printfa.o(i.__0printf) for __2printf
    main.o(i.main) refers to led.o(i.Led_Init) for Led_Init
    main.o(i.main) refers to tasks.o(i.xTaskCreate) for xTaskCreate
    main.o(i.main) refers to tasks.o(i.vTaskStartScheduler) for vTaskStartScheduler
    main.o(i.main) refers to main.o(i.MainTaskFunc) for MainTaskFunc
    main.o(i.main) refers to main.o(i.KeyTaskFunc) for KeyTaskFunc
    stm32f10x_it.o(i.SysTick_Handler) refers to tasks.o(i.xTaskGetSchedulerState) for xTaskGetSchedulerState
    stm32f10x_it.o(i.SysTick_Handler) refers to port.o(i.xPortSysTickHandler) for xPortSysTickHandler
    system_stm32f10x.o(i.SetSysClock) refers to system_stm32f10x.o(i.SetSysClockTo48) for SetSysClockTo48
    system_stm32f10x.o(i.SystemCoreClockUpdate) refers to system_stm32f10x.o(.data) for .data
    system_stm32f10x.o(i.SystemInit) refers to system_stm32f10x.o(i.SetSysClock) for SetSysClock
    startup_stm32f10x_hd.o(RESET) refers to startup_stm32f10x_hd.o(STACK) for __initial_sp
    startup_stm32f10x_hd.o(RESET) refers to startup_stm32f10x_hd.o(.text) for Reset_Handler
    startup_stm32f10x_hd.o(RESET) refers to stm32f10x_it.o(i.NMI_Handler) for NMI_Handler
    startup_stm32f10x_hd.o(RESET) refers to stm32f10x_it.o(i.HardFault_Handler) for HardFault_Handler
    startup_stm32f10x_hd.o(RESET) refers to stm32f10x_it.o(i.MemManage_Handler) for MemManage_Handler
    startup_stm32f10x_hd.o(RESET) refers to stm32f10x_it.o(i.BusFault_Handler) for BusFault_Handler
    startup_stm32f10x_hd.o(RESET) refers to stm32f10x_it.o(i.UsageFault_Handler) for UsageFault_Handler
    startup_stm32f10x_hd.o(RESET) refers to port.o(.emb_text) for SVC_Handler
    startup_stm32f10x_hd.o(RESET) refers to stm32f10x_it.o(i.DebugMon_Handler) for DebugMon_Handler
    startup_stm32f10x_hd.o(RESET) refers to stm32f10x_it.o(i.SysTick_Handler) for SysTick_Handler
    startup_stm32f10x_hd.o(RESET) refers to usart1.o(i.DMA1_Channel5_IRQHandler) for DMA1_Channel5_IRQHandler
    startup_stm32f10x_hd.o(RESET) refers to usart1.o(i.USART1_IRQHandler) for USART1_IRQHandler
    startup_stm32f10x_hd.o(RESET) refers to usart2.o(i.USART2_IRQHandler) for USART2_IRQHandler
    startup_stm32f10x_hd.o(.text) refers to system_stm32f10x.o(i.SystemInit) for SystemInit
    startup_stm32f10x_hd.o(.text) refers to entry.o(.ARM.Collect$$$$00000000) for __main
    test.o(i.buzzer_test) refers to buzzer.o(i.buzzer_on) for buzzer_on
    test.o(i.buzzer_test) refers to tasks.o(i.vTaskDelay) for vTaskDelay
    test.o(i.buzzer_test) refers to buzzer.o(i.buzzer_off) for buzzer_off
    test.o(i.test_KEY) refers to queue.o(i.xQueueReceive) for xQueueReceive
    test.o(i.test_KEY) refers to oled.o(i.OLED_ShowNum) for OLED_ShowNum
    test.o(i.test_KEY) refers to test.o(.data) for .data
    test.o(i.test_KEY) refers to main.o(.data) for xKeyQueue
    test.o(i.test_LED) refers to led.o(i.Led1_On) for Led1_On
    test.o(i.test_LED) refers to led.o(i.Led2_On) for Led2_On
    test.o(i.test_LED) refers to led.o(i.Led3_On) for Led3_On
    test.o(i.test_LED) refers to led.o(i.Led4_On) for Led4_On
    test.o(i.test_LED) refers to led.o(i.Led5_On) for Led5_On
    test.o(i.test_LED) refers to led.o(i.Led6_On) for Led6_On
    test.o(i.test_LED) refers to tasks.o(i.vTaskDelay) for vTaskDelay
    test.o(i.test_LED) refers to test.o(.data) for .data
    key.o(i.adc_get_value) refers to stm32f10x_adc.o(i.ADC_RegularChannelConfig) for ADC_RegularChannelConfig
    key.o(i.adc_get_value) refers to stm32f10x_adc.o(i.ADC_ClearFlag) for ADC_ClearFlag
[...]
    .ARM.Collect$$$$0000000D                 0x08000140   Section        0  entry10a.o(.ARM.Collect$$$$0000000D)
    .ARM.Collect$$$$0000000F                 0x08000140   Section        0  entry11a.o(.ARM.Collect$$$$0000000F)
    .ARM.Collect$$$$00002712                 0x08000140   Section        4  entry2.o(.ARM.Collect$$$$00002712)
    __lit__00000000                          0x08000140   Data           4  entry2.o(.ARM.Collect$$$$00002712)
    .emb_text                                0x08000144   Section      150  port.o(.emb_text)
    .text                                    0x080001dc   Section       36  startup_stm32f10x_hd.o(.text)
    .text                                    0x08000200   Section        0  memcpya.o(.text)
    .text                                    0x08000224   Section        0  memseta.o(.text)
    .text                                    0x08000248   Section        0  uidiv.o(.text)
    .text                                    0x08000274   Section        0  uldiv.o(.text)
    .text                                    0x080002d6   Section        0  dadd.o(.text)
    .text                                    0x080002d6   Section        0  iusefp.o(.text)
    .text                                    0x08000424   Section        0  dmul.o(.text)
    .text                                    0x08000508   Section        0  ddiv.o(.text)
    .text                                    0x080005e6   Section        0  dfixul.o(.text)
    .text                                    0x08000618   Section       48  cdrcmple.o(.text)
    .text                                    0x08000648   Section       36  init.o(.text)
    .text                                    0x0800066c   Section        0  llshl.o(.text)
    .text                                    0x0800068a   Section        0  llushr.o(.text)
    .text                                    0x080006aa   Section        0  llsshr.o(.text)
    .text                                    0x080006ce   Section        0  depilogue.o(.text)
    i.ADC_ClearFlag                          0x08000788   Section        0  stm32f10x_adc.o(i.ADC_ClearFlag)
    i.ADC_Cmd                                0x0800078e   Section        0  stm32f10x_adc.o(i.ADC_Cmd)
    i.ADC_GetCalibrationStatus               0x080007a6   Section        0  stm32f10x_adc.o(i.ADC_GetCalibrationStatus)
    i.ADC_GetConversionValue                 0x080007b4   Section        0  stm32f10x_adc.o(i.ADC_GetConversionValue)
    i.ADC_GetFlagStatus                      0x080007ba   Section        0  stm32f10x_adc.o(i.ADC_GetFlagStatus)
    i.ADC_GetResetCalibrationStatus          0x080007c8   Section        0  stm32f10x_adc.o(i.ADC_GetResetCalibrationStatus)
    i.ADC_Init                               0x080007d8   Section        0  stm32f10x_adc.o(i.ADC_Init)
    i.ADC_RegularChannelConfig               0x08000820   Section        0  stm32f10x_adc.o(i.ADC_RegularChannelConfig)
    i.ADC_ResetCalibration                   0x08000894   Section        0  stm32f10x_adc.o(i.ADC_ResetCalibration)
    i.ADC_SoftwareStartConvCmd               0x0800089e   Section        0  stm32f10x_adc.o(i.ADC_SoftwareStartConvCmd)
    i.ADC_StartCalibration                   0x080008b6   Section        0  stm32f10x_adc.o(i.ADC_StartCalibration)
    i.BusFault_Handler                       0x080008c0   Section        0  stm32f10x_it.o(i.BusFault_Handler)
    i.Clock_Init                             0x080008c2   Section        0  systick.o(i.Clock_Init)
    i.DMA1_Channel5_IRQHandler               0x08000918   Section        0  usart1.o(i.DMA1_Channel5_IRQHandler)
    i.DMA_ClearFlag                          0x0800097c   Section        0  stm32f10x_dma.o(i.DMA_ClearFlag)
    i.DMA_ClearITPendingBit                  0x08000994   Section        0  stm32f10x_dma.o(i.DMA_ClearITPendingBit)
    i.DMA_Cmd                                0x080009ac   Section        0  stm32f10x_dma.o(i.DMA_Cmd)
    i.DMA_DeInit                             0x080009c8   Section        0  stm32f10x_dma.o(i.DMA_DeInit)
    i.DMA_GetCurrDataCounter                 0x08000ac0   Section        0  stm32f10x_dma.o(i.DMA_GetCurrDataCounter)
    i.DMA_GetITStatus                        0x08000ac8   Section        0  stm32f10x_dma.o(i.DMA_GetITStatus)
    i.DMA_ITConfig                           0x08000aec   Section        0  stm32f10x_dma.o(i.DMA_ITConfig)
    i.DMA_Init                               0x08000b00   Section        0  stm32f10x_dma.o(i.DMA_Init)
    i.DMA_SetCurrDataCounter                 0x08000b3a   Section        0  stm32f10x_dma.o(i.DMA_SetCurrDataCounter)
    i.Data_TO_FIFO                           0x08000b3e   Section        0  usart1.o(i.Data_TO_FIFO)
    Data_TO_FIFO                             0x08000b3f   Thumb Code   100  usart1.o(i.Data_TO_FIFO)
    i.DebugMon_Handler                       0x08000ba2   Section        0  stm32f10x_it.o(i.DebugMon_Handler)
    i.GPIO_Init                              0x08000ba4   Section        0  stm32f10x_gpio.o(i.GPIO_Init)
    i.GPIO_ReadInputDataBit                  0x08000c4a   Section        0  stm32f10x_gpio.o(i.GPIO_ReadInputDataBit)
    i.GPIO_ResetBits                         0x08000c58   Section        0  stm32f10x_gpio.o(i.GPIO_ResetBits)
    i.GPIO_SetBits                           0x08000c5c   Section        0  stm32f10x_gpio.o(i.GPIO_SetBits)
    i.HardFault_Handler                      0x08000c60   Section        0  stm32f10x_it.o(i.HardFault_Handler)
    i.IIC_Start                              0x08000c64   Section        0  oled.o(i.IIC_Start)
    IIC_Start                                0x08000c65   Thumb Code    66  oled.o(i.IIC_Start)
    i.IIC_Stop                               0x08000cac   Section        0  oled.o(i.IIC_Stop)
    IIC_Stop                                 0x08000cad   Thumb Code    54  oled.o(i.IIC_Stop)
    i.IIC_Wait_Ack                           0x08000ce8   Section        0  oled.o(i.IIC_Wait_Ack)
    IIC_Wait_Ack                             0x08000ce9   Thumb Code   106  oled.o(i.IIC_Wait_Ack)
    i.IIC_Write_Byte                         0x08000d58   Section        0  oled.o(i.IIC_Write_Byte)
    IIC_Write_Byte                           0x08000d59   Thumb Code    90  oled.o(i.IIC_Write_Byte)
    i.KeyTaskFunc                            0x08000db8   Section        0  main.o(i.KeyTaskFunc)
    KeyTaskFunc                              0x08000db9   Thumb Code    58  main.o(i.KeyTaskFunc)
    i.Led1_On                                0x08000df8   Section        0  led.o(i.Led1_On)
    i.Led2_On                                0x08000e54   Section        0  led.o(i.Led2_On)
    i.Led3_On                                0x08000eb0   Section        0  led.o(i.Led3_On)
    i.Led4_On                                0x08000f0c   Section        0  led.o(i.Led4_On)
    i.Led5_On                                0x08000f68   Section        0  led.o(i.Led5_On)
    i.Led6_On                                0x08000fc4   Section        0  led.o(i.Led6_On)
    i.Led_Init                               0x08001020   Section        0  led.o(i.Led_Init)
    i.MainTaskFunc                           0x080010b0   Section        0  main.o(i.MainTaskFunc)
    MainTaskFunc                             0x080010b1   Thumb Code    48  main.o(i.MainTaskFunc)
    i.MemManage_Handler                      0x080010e0   Section        0  stm32f10x_it.o(i.MemManage_Handler)
    i.NMI_Handler                            0x080010e2   Section        0  stm32f10x_it.o(i.NMI_Handler)
    i.NVIC_Init                              0x080010e4   Section        0  misc.o(i.NVIC_Init)
    i.NVIC_PriorityGroupConfig               0x08001148   Section        0  misc.o(i.NVIC_PriorityGroupConfig)
    i.NVIC_SetPriority                       0x0800115c   Section        0  systick.o(i.NVIC_SetPriority)
    NVIC_SetPriority                         0x0800115d   Thumb Code    32  systick.o(i.NVIC_SetPriority)
    i.OLED_Clear                             0x0800117c   Section        0  oled.o(i.OLED_Clear)
    i.OLED_DrawPoint                         0x080011a8   Section        0  oled.o(i.OLED_DrawPoint)
    OLED_DrawPoint                           0x080011a9   Thumb Code    56  oled.o(i.OLED_DrawPoint)
    i.OLED_GPIO_Init                         0x080011e4   Section        0  oled.o(i.OLED_GPIO_Init)
    OLED_GPIO_Init                           0x080011e5   Thumb Code    50  oled.o(i.OLED_GPIO_Init)
    i.OLED_Init                              0x0800121c   Section        0  oled.o(i.OLED_Init)
    i.OLED_Refresh_Gram                      0x080012f8   Section        0  oled.o(i.OLED_Refresh_Gram)
    OLED_Refresh_Gram                        0x080012f9   Thumb Code    76  oled.o(i.OLED_Refresh_Gram)
    i.OLED_ShowChar                          0x08001348   Section        0  oled.o(i.OLED_ShowChar)
    OLED_ShowChar                            0x08001349   Thumb Code   186  oled.o(i.OLED_ShowChar)
    i.OLED_ShowNum                           0x08001410   Section        0  oled.o(i.OLED_ShowNum)
    i.OLED_ShowString                        0x08001498   Section        0  oled.o(i.OLED_ShowString)
    i.OLED_WR_Byte                           0x080014ec   Section        0  oled.o(i.OLED_WR_Byte)
    OLED_WR_Byte                             0x080014ed   Thumb Code    66  oled.o(i.OLED_WR_Byte)
    i.RCC_AHBPeriphClockCmd                  0x08001530   Section        0  stm32f10x_rcc.o(i.RCC_AHBPeriphClockCmd)
    i.RCC_APB2PeriphClockCmd                 0x0800154c   Section        0  stm32f10x_rcc.o(i.RCC_APB2PeriphClockCmd)
    i.RCC_DeInit                             0x08001568   Section        0  stm32f10x_rcc.o(i.RCC_DeInit)
    i.RCC_GetClocksFreq                      0x080015a8   Section        0  stm32f10x_rcc.o(i.RCC_GetClocksFreq)
    i.RCC_GetFlagStatus                      0x08001654   Section        0  stm32f10x_rcc.o(i.RCC_GetFlagStatus)
    i.RCC_GetSYSCLKSource                    0x08001684   Section        0  stm32f10x_rcc.o(i.RCC_GetSYSCLKSource)
    i.RCC_HCLKConfig                         0x08001694   Section        0  stm32f10x_rcc.o(i.RCC_HCLKConfig)
    i.RCC_HSICmd                             0x080016a8   Section        0  stm32f10x_rcc.o(i.RCC_HSICmd)
    i.RCC_PCLK1Config                        0x080016b4   Section        0  stm32f10x_rcc.o(i.RCC_PCLK1Config)
    i.RCC_PCLK2Config                        0x080016c8   Section        0  stm32f10x_rcc.o(i.RCC_PCLK2Config)
    i.RCC_PLLCmd                             0x080016dc   Section        0  stm32f10x_rcc.o(i.RCC_PLLCmd)
    i.RCC_PLLConfig                          0x080016e8   Section        0  stm32f10x_rcc.o(i.RCC_PLLConfig)
    i.RCC_SYSCLKConfig                       0x080016fc   Section        0  stm32f10x_rcc.o(i.RCC_SYSCLKConfig)
    i.SetSysClock                            0x08001710   Section        0  system_stm32f10x.o(i.SetSysClock)
    SetSysClock                              0x08001711   Thumb Code     4  system_stm32f10x.o(i.SetSysClock)
    i.SetSysClockTo48                        0x08001714   Section        0  system_stm32f10x.o(i.SetSysClockTo48)
    SetSysClockTo48                          0x08001715   Thumb Code   166  system_stm32f10x.o(i.SetSysClockTo48)
    i.SysTick_Handler                        0x080017c4   Section        0  stm32f10x_it.o(i.SysTick_Handler)
    i.SysTick_Init                           0x080017d8   Section        0  systick.o(i.SysTick_Init)
    i.SystemInit                             0x08001848   Section        0  system_stm32f10x.o(i.SystemInit)
    i.USART1_IRQHandler                      0x08001898   Section        0  usart1.o(i.USART1_IRQHandler)
    i.USART1_ParseData                       0x08001934   Section        0  usart1.o(i.USART1_ParseData)
    i.USART1_ProcessFrame                    0x0800199c   Section        0  usart1.o(i.USART1_ProcessFrame)
    USART1_ProcessFrame                      0x0800199d   Thumb Code   186  usart1.o(i.USART1_ProcessFrame)
    i.USART1_Read                            0x08001a6c   Section        0  usart1.o(i.USART1_Read)
    i.USART1_ShowWaiting                     0x08001b60   Section        0  usart1.o(i.USART1_ShowWaiting)
    i.USART2_IRQHandler                      0x08001b8c   Section        0  usart2.o(i.USART2_IRQHandler)
    i.USART_Cmd                              0x08001c0c   Section        0  stm32f10x_usart.o(i.USART_Cmd)
    i.USART_DMACmd                           0x08001c24   Section        0  stm32f10x_usart.o(i.USART_DMACmd)
    i.USART_GetFlagStatus                    0x08001c38   Section        0  stm32f10x_usart.o(i.USART_GetFlagStatus)
    i.USART_GetITStatus                      0x08001c46   Section        0  stm32f10x_usart.o(i.USART_GetITStatus)
    i.USART_ITConfig                         0x08001c86   Section        0  stm32f10x_usart.o(i.USART_ITConfig)
    i.USART_Init                             0x08001cbc   Section        0  stm32f10x_usart.o(i.USART_Init)
    i.USART_ReceiveData                      0x08001d78   Section        0  stm32f10x_usart.o(i.USART_ReceiveData)
    i.USART_SendData                         0x08001d80   Section        0  stm32f10x_usart.o(i.USART_SendData)
    i.UsageFault_Handler                     0x08001d88   Section        0  stm32f10x_it.o(i.UsageFault_Handler)
    i.Usart1_Init                            0x08001d8c   Section        0  usart1.o(i.Usart1_Init)
    i.Usart1_Receive_DMA_Init                0x08001e54   Section        0  usart1.o(i.Usart1_Receive_DMA_Init)
    Usart1_Receive_DMA_Init                  0x08001e55   Thumb Code   112  usart1.o(i.Usart1_Receive_DMA_Init)
    i.Usart1_Send_DMA_Init                   0x08001ed0   Section        0  usart1.o(i.Usart1_Send_DMA_Init)
    Usart1_Send_DMA_Init                     0x08001ed1   Thumb Code    88  usart1.o(i.Usart1_Send_DMA_Init)
    i.__0printf                              0x08001f34   Section        0  printfa.o(i.__0printf)
    i.__scatterload_copy                     0x08001f54   Section       14  handlers.o(i.__scatterload_copy)
    i.__scatterload_null                     0x08001f62   Section        2  handlers.o(i.__scatterload_null)
    i.__scatterload_zeroinit                 0x08001f64   Section       14  handlers.o(i.__scatterload_zeroinit)
    i._fp_digits                             0x08001f74   Section        0  printfa.o(i._fp_digits)
    _fp_digits                               0x08001f75   Thumb Code   366  printfa.o(i._fp_digits)
    i._printf_core                           0x080020f8   Section        0  printfa.o(i._printf_core)
    _printf_core                             0x080020f9   Thumb Code  1744  printfa.o(i._printf_core)
    i._printf_post_padding                   0x080027d4   Section        0  printfa.o(i._printf_post_padding)
    _printf_post_padding                     0x080027d5   Thumb Code    36  printfa.o(i._printf_post_padding)
    i._printf_pre_padding                    0x080027f8   Section        0  printfa.o(i._printf_pre_padding)
    _printf_pre_padding                      0x080027f9   Thumb Code    46  printfa.o(i._printf_pre_padding)
    i.adc_get_value                          0x08002828   Section        0  key.o(i.adc_get_value)
    i.adc_init                               0x08002864   Section        0  key.o(i.adc_init)
    i.adc_to_mv                              0x080028e4   Section        0  key.o(i.adc_to_mv)
    adc_to_mv                                0x080028e5   Thumb Code    18  key.o(i.adc_to_mv)
    i.fputc                                  0x080028f8   Section        0  usart1.o(i.fputc)
    i.key_decode_mv                          0x0800291c   Section        0  key.o(i.key_decode_mv)
    key_decode_mv                            0x0800291d   Thumb Code    54  key.o(i.key_decode_mv)
    i.key_init                               0x08002954   Section        0  key.o(i.key_init)
    i.key_scan                               0x08002968   Section        0  key.o(i.key_scan)
    i.key_scan_pb10                          0x0800298c   Section        0  key.o(i.key_scan_pb10)
    key_scan_pb10                            0x0800298d   Thumb Code    26  key.o(i.key_scan_pb10)
    i.key_scan_pb11                          0x080029ac   Section        0  key.o(i.key_scan_pb11)
    key_scan_pb11                            0x080029ad   Thumb Code    26  key.o(i.key_scan_pb11)
    i.main                                   0x080029cc   Section        0  main.o(i.main)
    i.oled_test                              0x08002a44   Section        0  test.o(i.oled_test)
    i.prvAddCurrentTaskToDelayedList         0x08002a48   Section        0  tasks.o(i.prvAddCurrentTaskToDelayedList)
    prvAddCurrentTaskToDelayedList           0x08002a49   Thumb Code    86  tasks.o(i.prvAddCurrentTaskToDelayedList)
    i.prvAddNewTaskToReadyList               0x08002aa8   Section        0  tasks.o(i.prvAddNewTaskToReadyList)
    prvAddNewTaskToReadyList                 0x08002aa9   Thumb Code   124  tasks.o(i.prvAddNewTaskToReadyList)
    i.prvCheckForValidListAndQueue           0x08002b30   Section        0  timers.o(i.prvCheckForValidListAndQueue)
    prvCheckForValidListAndQueue             0x08002b31   Thumb Code    62  timers.o(i.prvCheckForValidListAndQueue)
    i.prvCheckTasksWaitingTermination        0x08002b80   Section        0  tasks.o(i.prvCheckTasksWaitingTermination)
    prvCheckTasksWaitingTermination          0x08002b81   Thumb Code    52  tasks.o(i.prvCheckTasksWaitingTermination)
    i.prvCopyDataFromQueue                   0x08002bbc   Section        0  queue.o(i.prvCopyDataFromQueue)
    prvCopyDataFromQueue                     0x08002bbd   Thumb Code    40  queue.o(i.prvCopyDataFromQueue)
    i.prvCopyDataToQueue                     0x08002be4   Section        0  queue.o(i.prvCopyDataToQueue)
    prvCopyDataToQueue                       0x08002be5   Thumb Code   110  queue.o(i.prvCopyDataToQueue)
    i.prvDeleteTCB                           0x08002c52   Section        0  tasks.o(i.prvDeleteTCB)
    prvDeleteTCB                             0x08002c53   Thumb Code    20  tasks.o(i.prvDeleteTCB)
    i.prvGetNextExpireTime                   0x08002c68   Section        0  timers.o(i.prvGetNextExpireTime)
    prvGetNextExpireTime                     0x08002c69   Thumb Code    30  timers.o(i.prvGetNextExpireTime)
    i.prvHeapInit                            0x08002c8c   Section        0  heap_4.o(i.prvHeapInit)
    prvHeapInit                              0x08002c8d   Thumb Code    68  heap_4.o(i.prvHeapInit)
    i.prvIdleTask                            0x08002cd8   Section        0  tasks.o(i.prvIdleTask)
    prvIdleTask                              0x08002cd9   Thumb Code    30  tasks.o(i.prvIdleTask)
    i.prvInitialiseNewQueue                  0x08002d00   Section        0  queue.o(i.prvInitialiseNewQueue)
    prvInitialiseNewQueue                    0x08002d01   Thumb Code    34  queue.o(i.prvInitialiseNewQueue)
    i.prvInitialiseNewTask                   0x08002d22   Section        0  tasks.o(i.prvInitialiseNewTask)
    prvInitialiseNewTask                     0x08002d23   Thumb Code   154  tasks.o(i.prvInitialiseNewTask)
    i.prvInitialiseTaskLists                 0x08002dbc   Section        0  tasks.o(i.prvInitialiseTaskLists)
    prvInitialiseTaskLists                   0x08002dbd   Thumb Code    74  tasks.o(i.prvInitialiseTaskLists)
    i.prvInsertBlockIntoFreeList             0x08002e14   Section        0  heap_4.o(i.prvInsertBlockIntoFreeList)
    prvInsertBlockIntoFreeList               0x08002e15   Thumb Code    78  heap_4.o(i.prvInsertBlockIntoFreeList)
    i.prvInsertTimerInActiveList             0x08002e68   Section        0  timers.o(i.prvInsertTimerInActiveList)
    prvInsertTimerInActiveList               0x08002e69   Thumb Code    60  timers.o(i.prvInsertTimerInActiveList)
    i.prvIsQueueEmpty                        0x08002ea8   Section        0  queue.o(i.prvIsQueueEmpty)
    prvIsQueueEmpty                          0x08002ea9   Thumb Code    26  queue.o(i.prvIsQueueEmpty)
    i.prvIsQueueFull                         0x08002ec2   Section        0  queue.o(i.prvIsQueueFull)
    prvIsQueueFull                           0x08002ec3   Thumb Code    30  queue.o(i.prvIsQueueFull)
    i.prvProcessExpiredTimer                 0x08002ee0   Section        0  timers.o(i.prvProcessExpiredTimer)
    prvProcessExpiredTimer                   0x08002ee1   Thumb Code    88  timers.o(i.prvProcessExpiredTimer)
    i.prvProcessReceivedCommands             0x08002f3c   Section        0  timers.o(i.prvProcessReceivedCommands)
    prvProcessReceivedCommands               0x08002f3d   Thumb Code   192  timers.o(i.prvProcessReceivedCommands)
    i.prvProcessTimerOrBlockTask             0x08003000   Section        0  timers.o(i.prvProcessTimerOrBlockTask)
    prvProcessTimerOrBlockTask               0x08003001   Thumb Code   100  timers.o(i.prvProcessTimerOrBlockTask)
    i.prvResetNextTaskUnblockTime            0x0800306c   Section        0  tasks.o(i.prvResetNextTaskUnblockTime)
    prvResetNextTaskUnblockTime              0x0800306d   Thumb Code    30  tasks.o(i.prvResetNextTaskUnblockTime)
    i.prvSampleTimeNow                       0x08003090   Section        0  timers.o(i.prvSampleTimeNow)
    prvSampleTimeNow                         0x08003091   Thumb Code    38  timers.o(i.prvSampleTimeNow)
    i.prvSwitchTimerLists                    0x080030bc   Section        0  timers.o(i.prvSwitchTimerLists)
    prvSwitchTimerLists                      0x080030bd   Thumb Code   104  timers.o(i.prvSwitchTimerLists)
    i.prvTaskExitError                       0x08003128   Section        0  port.o(i.prvTaskExitError)
    prvTaskExitError                         0x08003129   Thumb Code    40  port.o(i.prvTaskExitError)
    i.prvTimerTask                           0x08003154   Section        0  timers.o(i.prvTimerTask)
    prvTimerTask                             0x08003155   Thumb Code    20  timers.o(i.prvTimerTask)
    i.prvUnlockQueue                         0x08003168   Section        0  queue.o(i.prvUnlockQueue)
    prvUnlockQueue                           0x08003169   Thumb Code   106  queue.o(i.prvUnlockQueue)
    i.pvPortMalloc                           0x080031d4   Section        0  heap_4.o(i.pvPortMalloc)
    i.pxPortInitialiseStack                  0x080032a8   Section        0  port.o(i.pxPortInitialiseStack)
    i.test_KEY                               0x080032c4   Section        0  test.o(i.test_KEY)
    i.test_LED                               0x080032f8   Section        0  test.o(i.test_LED)
    i.uxListRemove                           0x08003358   Section        0  list.o(i.uxListRemove)
    i.vListInitialise                        0x0800337e   Section        0  list.o(i.vListInitialise)
    i.vListInitialiseItem                    0x08003394   Section        0  list.o(i.vListInitialiseItem)
    i.vListInsert                            0x0800339a   Section        0  list.o(i.vListInsert)
    i.vListInsertEnd                         0x080033ca   Section        0  list.o(i.vListInsertEnd)
    i.vPortEnterCritical                     0x080033e4   Section        0  port.o(i.vPortEnterCritical)
    i.vPortExitCritical                      0x08003424   Section        0  port.o(i.vPortExitCritical)
    i.vPortFree                              0x08003450   Section        0  heap_4.o(i.vPortFree)
    i.vPortSetupTimerInterrupt               0x080034ac   Section        0  port.o(i.vPortSetupTimerInterrupt)
    i.vPortValidateInterruptPriority         0x080034d0   Section        0  port.o(i.vPortValidateInterruptPriority)
    i.vQueueAddToRegistry                    0x08003524   Section        0  queue.o(i.vQueueAddToRegistry)
    i.vQueueWaitForMessageRestricted         0x08003548   Section        0  queue.o(i.vQueueWaitForMessageRestricted)
    i.vTaskDelay                             0x08003590   Section        0  tasks.o(i.vTaskDelay)
    i.vTaskInternalSetTimeOutState           0x080035e0   Section        0  tasks.o(i.vTaskInternalSetTimeOutState)
    i.vTaskMissedYield                       0x080035f0   Section        0  tasks.o(i.vTaskMissedYield)
    i.vTaskPlaceOnEventList                  0x080035fc   Section        0  tasks.o(i.vTaskPlaceOnEventList)
    i.vTaskPlaceOnEventListRestricted        0x08003630   Section        0  tasks.o(i.vTaskPlaceOnEventListRestricted)
    i.vTaskStartScheduler                    0x0800366c   Section        0  tasks.o(i.vTaskStartScheduler)
    i.vTaskSuspendAll                        0x080036dc   Section        0  tasks.o(i.vTaskSuspendAll)
    i.vTaskSwitchContext                     0x080036ec   Section        0  tasks.o(i.vTaskSwitchContext)
    i.xPortStartScheduler                    0x08003754   Section        0  port.o(i.xPortStartScheduler)
    i.xPortSysTickHandler                    0x080037fc   Section        0  port.o(i.xPortSysTickHandler)
    i.xQueueGenericCreate                    0x08003828   Section        0  queue.o(i.xQueueGenericCreate)
    i.xQueueGenericReset                     0x0800386c   Section        0  queue.o(i.xQueueGenericReset)
    i.xQueueGenericSend                      0x080038f8   Section        0  queue.o(i.xQueueGenericSend)
    i.xQueueGenericSendFromISR               0x08003a5c   Section        0  queue.o(i.xQueueGenericSendFromISR)
    i.xQueueReceive                          0x08003b1c   Section        0  queue.o(i.xQueueReceive)
    i.xTaskCheckForTimeOut                   0x08003c58   Section        0  tasks.o(i.xTaskCheckForTimeOut)
    i.xTaskCreate                            0x08003cd4   Section        0  tasks.o(i.xTaskCreate)
    i.xTaskGetSchedulerState                 0x08003d34   Section        0  tasks.o(i.xTaskGetSchedulerState)
    i.xTaskGetTickCount                      0x08003d50   Section        0  tasks.o(i.xTaskGetTickCount)
    i.xTaskIncrementTick                     0x08003d5c   Section        0  tasks.o(i.xTaskIncrementTick)
    i.xTaskPriorityDisinherit                0x08003e28   Section        0  tasks.o(i.xTaskPriorityDisinherit)
    i.xTaskRemoveFromEventList               0x08003ea4   Section        0  tasks.o(i.xTaskRemoveFromEventList)
    i.xTaskResumeAll                         0x08003f1c   Section        0  tasks.o(i.xTaskResumeAll)
    i.xTimerCreateTimerTask                  0x08003fe4   Section        0  timers.o(i.xTimerCreateTimerTask)
    i.xTimerGenericCommand                   0x08004030   Section        0  timers.o(i.xTimerGenericCommand)
    .constdata                               0x0800409c   Section     6080  oled.o(.constdata)
    .data                                    0x20000000   Section        4  main.o(.data)
    .data                                    0x20000004   Section       20  system_stm32f10x.o(.data)
    .data                                    0x20000018   Section        2  test.o(.data)
    led_state                                0x20000018   Data           1  test.o(.data)
    key1                                     0x20000019   Data           1  test.o(.data)
    .data                                    0x2000001a   Section        4  key.o(.data)
    key_adc_mv                               0x2000001a   Data           4  key.o(.data)
    .data                                    0x2000001e   Section       20  stm32f10x_rcc.o(.data)
    ADCPrescTable                            0x2000001e   Data           4  stm32f10x_rcc.o(.data)
    APBAHBPrescTable                         0x20000022   Data          16  stm32f10x_rcc.o(.data)
    .data                                    0x20000034   Section        8  usart1.o(.data)
    frame_index                              0x20000034   Data           1  usart1.o(.data)
    is_receiving_frame                       0x20000035   Data           1  usart1.o(.data)
    initialized                              0x20000036   Data           1  usart1.o(.data)
    .data                                    0x2000003c   Section        4  usart2.o(.data)
    uartRecv_Queue                           0x2000003c   Data           4  usart2.o(.data)
    .data                                    0x20000040   Section       60  tasks.o(.data)
    pxDelayedTaskList                        0x20000044   Data           4  tasks.o(.data)
    pxOverflowDelayedTaskList                0x20000048   Data           4  tasks.o(.data)
    uxDeletedTasksWaitingCleanUp             0x2000004c   Data           4  tasks.o(.data)
    uxCurrentNumberOfTasks                   0x20000050   Data           4  tasks.o(.data)
    xTickCount                               0x20000054   Data           4  tasks.o(.data)
    uxTopReadyPriority                       0x20000058   Data           4  tasks.o(.data)
    xSchedulerRunning                        0x2000005c   Data           4  tasks.o(.data)
    uxPendedTicks                            0x20000060   Data           4  tasks.o(.data)
    xYieldPending                            0x20000064   Data           4  tasks.o(.data)
    xNumOfOverflows                          0x20000068   Data           4  tasks.o(.data)
    uxTaskNumber                             0x2000006c   Data           4  tasks.o(.data)
    xNextTaskUnblockTime                     0x20000070   Data           4  tasks.o(.data)
    xIdleTaskHandle                          0x20000074   Data           4  tasks.o(.data)
    uxSchedulerSuspended                     0x20000078   Data           4  tasks.o(.data)
    .data                                    0x2000007c   Section       20  timers.o(.data)
    pxCurrentTimerList                       0x2000007c   Data           4  timers.o(.data)
    pxOverflowTimerList                      0x20000080   Data           4  timers.o(.data)
    xTimerQueue                              0x20000084   Data           4  timers.o(.data)
    xTimerTaskHandle                         0x20000088   Data           4  timers.o(.data)
    xLastTime                                0x2000008c   Data           4  timers.o(.data)
    .data                                    0x20000090   Section       24  heap_4.o(.data)
    pxEnd                                    0x20000090   Data           4  heap_4.o(.data)
    xFreeBytesRemaining                      0x20000094   Data           4  heap_4.o(.data)
    xMinimumEverFreeBytesRemaining           0x20000098   Data           4  heap_4.o(.data)
    xBlockAllocatedBit                       0x2000009c   Data           4  heap_4.o(.data)
    xStart                                   0x200000a0   Data           8  heap_4.o(.data)
    .data                                    0x200000a8   Section       12  port.o(.data)
    ucMaxSysCallPriority                     0x200000a8   Data           1  port.o(.data)
    uxCriticalNesting                        0x200000ac   Data           4  port.o(.data)
    ulMaxPRIGROUPValue                       0x200000b0   Data           4  port.o(.data)
    .data                                    0x200000b4   Section        4  stdout.o(.data)
    .bss                                     0x200000b8   Section     1356  usart1.o(.bss)
    USART1_TX_Buff                           0x200000b8   Data         128  usart1.o(.bss)
    USART1_RX_Buff                           0x20000138   Data         128  usart1.o(.bss)
    usart1Fifo                               0x200001b8   Data        1036  usart1.o(.bss)
    frame_buffer                             0x200005c4   Data          64  usart1.o(.bss)
    .bss                                     0x20000604   Section       16  usart2.o(.bss)
    uartRecv                                 0x20000604   Data          16  usart2.o(.bss)
    .bss                                     0x20000614   Section       64  queue.o(.bss)
    .bss                                     0x20000654   Section     1220  tasks.o(.bss)
    pxReadyTasksLists                        0x20000654   Data        1120  tasks.o(.bss)
    xDelayedTaskList1                        0x20000ab4   Data          20  tasks.o(.bss)
    xDelayedTaskList2                        0x20000ac8   Data          20  tasks.o(.bss)
    xPendingReadyList                        0x20000adc   Data          20  tasks.o(.bss)
    xTasksWaitingTermination                 0x20000af0   Data          20  tasks.o(.bss)
    xSuspendedTaskList                       0x20000b04   Data          20  tasks.o(.bss)
    .bss                                     0x20000b18   Section       40  timers.o(.bss)
    xActiveTimerList1                        0x20000b18   Data          20  timers.o(.bss)
    xActiveTimerList2                        0x20000b2c   Data          20  timers.o(.bss)
    .bss                                     0x20000b40   Section    15360  heap_4.o(.bss)
    ucHeap                                   0x20000b40   Data       15360  heap_4.o(.bss)
    .bss                                     0x20004740   Section     1024  oled.o(.bss)
    OLED_GRAM                                0x20004740   Data        1024  oled.o(.bss)
    STACK                                    0x20004b40   Section     1024  startup_stm32f10x_hd.o(STACK)

    Global Symbols

    Symbol Name                              Value     Ov Type        Size  Object(Section)

    BuildAttributes$$THM_ISAv4$P$D$K$B$S$PE$A:L22UL41UL21$X:L11$S22US41US21$IEEE1$IW$USESV6$~STKCKD$USESV7$~SHL$OTIME$ROPI$EBA8$MICROLIB$REQ8$PRES8$EABIv2 0x00000000   Number         0  anon$$obj.o ABSOLUTE
    __ARM_use_no_argv                        0x00000000   Number         0  main.o ABSOLUTE
    _printf_a                                0x00000000   Number         0  stubs.o ABSOLUTE
    _printf_c                                0x00000000   Number         0  stubs.o ABSOLUTE
    _printf_charcount                        0x00000000   Number         0  stubs.o ABSOLUTE
    _printf_d                                0x00000000   Number         0  stubs.o ABSOLUTE
    _printf_e                                0x00000000   Number         0  stubs.o ABSOLUTE
    _printf_f                                0x00000000   Number         0  stubs.o ABSOLUTE
    _printf_flags                            0x00000000   Number         0  stubs.o ABSOLUTE
    _printf_fp_dec                           0x00000000   Number         0  stubs.o ABSOLUTE
    _printf_fp_hex                           0x00000000   Number         0  stubs.o ABSOLUTE
    _printf_g                                0x00000000   Number         0  stubs.o ABSOLUTE
    _printf_i                                0x00000000   Number         0  stubs.o ABSOLUTE
    _printf_int_dec                          0x00000000   Number         0  stubs.o ABSOLUTE
    _printf_l                                0x00000000   Number         0  stubs.o ABSOLUTE
    _printf_lc                               0x00000000   Number         0  stubs.o ABSOLUTE
    _printf_ll                               0x00000000   Number         0  stubs.o ABSOLUTE
    _printf_lld                              0x00000000   Number         0  stubs.o ABSOLUTE
    _printf_lli                              0x00000000   Number         0  stubs.o ABSOLUTE
    _printf_llo                              0x00000000   Number         0  stubs.o ABSOLUTE
    _printf_llu                              0x00000000   Number         0  stubs.o ABSOLUTE
    _printf_llx                              0x00000000   Number         0  stubs.o ABSOLUTE
    _printf_longlong_dec                     0x00000000   Number         0  stubs.o ABSOLUTE
    _printf_longlong_hex                     0x00000000   Number         0  stubs.o ABSOLUTE
    _printf_longlong_oct                     0x00000000   Number         0  stubs.o ABSOLUTE
    _printf_ls                               0x00000000   Number         0  stubs.o ABSOLUTE
    _printf_mbtowc                           0x00000000   Number         0  stubs.o ABSOLUTE
    _printf_n                                0x00000000   Number         0  stubs.o ABSOLUTE
    _printf_o                                0x00000000   Number         0  stubs.o ABSOLUTE
    _printf_p                                0x00000000   Number         0  stubs.o ABSOLUTE
    _printf_percent                          0x00000000   Number         0  stubs.o ABSOLUTE
    _printf_pre_padding                      0x00000000   Number         0  stubs.o ABSOLUTE
    _printf_return_value                     0x00000000   Number         0  stubs.o ABSOLUTE
    _printf_s                                0x00000000   Number         0  stubs.o ABSOLUTE
    _printf_sizespec                         0x00000000   Number         0  stubs.o ABSOLUTE
    _printf_str                              0x00000000   Number         0  stubs.o ABSOLUTE
    _printf_truncate_signed                  0x00000000   Number         0  stubs.o ABSOLUTE
    _printf_truncate_unsigned                0x00000000   Number         0  stubs.o ABSOLUTE
    _printf_u                                0x00000000   Number         0  stubs.o ABSOLUTE
    _printf_wc                               0x00000000   Number         0  stubs.o ABSOLUTE
    _printf_wctomb                           0x00000000   Number         0  stubs.o ABSOLUTE
    _printf_widthprec                        0x00000000   Number         0  stubs.o ABSOLUTE
    _printf_x                                0x00000000   Number         0  stubs.o ABSOLUTE
    __cpp_initialize__aeabi_                  - Undefined Weak Reference
    __cxa_finalize                            - Undefined Weak Reference
    __decompress                              - Undefined Weak Reference
    _clock_init                               - Undefined Weak Reference
    _microlib_exit                            - Undefined Weak Reference
    __Vectors_Size                           0x00000130   Number         0  startup_stm32f10x_hd.o ABSOLUTE
    __Vectors                                0x08000000   Data           4  startup_stm32f10x_hd.o(RESET)
    __Vectors_End                            0x08000130   Data           0  startup_stm32f10x_hd.o(RESET)
    __main                                   0x08000131   Thumb Code     0  entry.o(.ARM.Collect$$$$00000000)
    _main_stk                                0x08000131   Thumb Code     0  entry2.o(.ARM.Collect$$$$00000001)
    _main_scatterload                        0x08000135   Thumb Code     0  entry5.o(.ARM.Collect$$$$00000004)
    __main_after_scatterload                 0x08000139   Thumb Code     0  entry5.o(.ARM.Collect$$$$00000004)
    _main_clock                              0x08000139   Thumb Code     0  entry7b.o(.ARM.Collect$$$$00000008)
    _main_cpp_init                           0x08000139   Thumb Code     0  entry8b.o(.ARM.Collect$$$$0000000A)
    _main_init                               0x08000139   Thumb Code     0  entry9a.o(.ARM.Collect$$$$0000000B)
    __rt_final_cpp                           0x08000141   Thumb Code     0  entry10a.o(.ARM.Collect$$$$0000000D)
    __rt_final_exit                          0x08000141   Thumb Code     0  entry11a.o(.ARM.Collect$$$$0000000F)
    SVC_Handler                              0x08000145   Thumb Code    32  port.o(.emb_text)
    __asm___6_port_c_39a90d8d__prvStartFirstTask 0x08000169   Thumb Code    28  port.o(.emb_text)
    PendSV_Handler                           0x08000189   Thumb Code    72  port.o(.emb_text)
    vPortGetIPSR                             0x080001d5   Thumb Code     6  port.o(.emb_text)
    Reset_Handler                            0x080001dd   Thumb Code     8  startup_stm32f10x_hd.o(.text)
    ADC1_2_IRQHandler                        0x080001f7   Thumb Code     0  startup_stm32f10x_hd.o(.text)
    ADC3_IRQHandler                          0x080001f7   Thumb Code     0  startup_stm32f10x_hd.o(.text)
    CAN1_RX1_IRQHandler                      0x080001f7   Thumb Code     0  startup_stm32f10x_hd.o(.text)
    CAN1_SCE_IRQHandler                      0x080001f7   Thumb Code     0  startup_stm32f10x_hd.o(.text)
    DMA1_Channel1_IRQHandler                 0x080001f7   Thumb Code     0  startup_stm32f10x_hd.o(.text)
    DMA1_Channel2_IRQHandler                 0x080001f7   Thumb Code     0  startup_stm32f10x_hd.o(.text)
    DMA1_Channel3_IRQHandler                 0x080001f7   Thumb Code     0  startup_stm32f10x_hd.o(.text)
    DMA1_Channel4_IRQHandler                 0x080001f7   Thumb Code     0  startup_stm32f10x_hd.o(.text)
    DMA1_Channel6_IRQHandler                 0x080001f7   Thumb Code     0  startup_stm32f10x_hd.o(.text)
    DMA1_Channel7_IRQHandler                 0x080001f7   Thumb Code     0  startup_stm32f10x_hd.o(.text)
    DMA2_Channel1_IRQHandler                 0x080001f7   Thumb Code     0  startup_stm32f10x_hd.o(.text)
    DMA2_Channel2_IRQHandler                 0x080001f7   Thumb Code     0  startup_stm32f10x_hd.o(.text)
    DMA2_Channel3_IRQHandler                 0x080001f7   Thumb Code     0  startup_stm32f10x_hd.o(.text)
    DMA2_Channel4_5_IRQHandler               0x080001f7   Thumb Code     0  startup_stm32f10x_hd.o(.text)
    EXTI0_IRQHandler                         0x080001f7   Thumb Code     0  startup_stm32f10x_hd.o(.text)
    EXTI15_10_IRQHandler                     0x080001f7   Thumb Code     0  startup_stm32f10x_hd.o(.text)
    EXTI1_IRQHandler                         0x080001f7   Thumb Code     0  startup_stm32f10x_hd.o(.text)
    EXTI2_IRQHandler                         0x080001f7   Thumb Code     0  startup_stm32f10x_hd.o(.text)
    EXTI3_IRQHandler                         0x080001f7   Thumb Code     0  startup_stm32f10x_hd.o(.text)
    EXTI4_IRQHandler                         0x080001f7   Thumb Code     0  startup_stm32f10x_hd.o(.text)
    EXTI9_5_IRQHandler                       0x080001f7   Thumb Code     0  startup_stm32f10x_hd.o(.text)
    FLASH_IRQHandler                         0x080001f7   Thumb Code     0  startup_stm32f10x_hd.o(.text)
    FSMC_IRQHandler                          0x080001f7   Thumb Code     0  startup_stm32f10x_hd.o(.text)
    I2C1_ER_IRQHandler                       0x080001f7   Thumb Code     0  startup_stm32f10x_hd.o(.text)
    I2C1_EV_IRQHandler                       0x080001f7   Thumb Code     0  startup_stm32f10x_hd.o(.text)
    I2C2_ER_IRQHandler                       0x080001f7   Thumb Code     0  startup_stm32f10x_hd.o(.text)
    I2C2_EV_IRQHandler                       0x080001f7   Thumb Code     0  startup_stm32f10x_hd.o(.text)
    PVD_IRQHandler                           0x080001f7   Thumb Code     0  startup_stm32f10x_hd.o(.text)
    RCC_IRQHandler                           0x080001f7   Thumb Code     0  startup_stm32f10x_hd.o(.text)
    RTCAlarm_IRQHandler                      0x080001f7   Thumb Code     0  startup_stm32f10x_hd.o(.text)
    RTC_IRQHandler                           0x080001f7   Thumb Code     0  startup_stm32f10x_hd.o(.text)
    SDIO_IRQHandler                          0x080001f7   Thumb Code     0  startup_stm32f10x_hd.o(.text)
    SPI1_IRQHandler                          0x080001f7   Thumb Code     0  startup_stm32f10x_hd.o(.text)
    SPI2_IRQHandler                          0x080001f7   Thumb Code     0  startup_stm32f10x_hd.o(.text)
    SPI3_IRQHandler                          0x080001f7   Thumb Code     0  startup_stm32f10x_hd.o(.text)
    TAMPER_IRQHandler                        0x080001f7   Thumb Code     0  startup_stm32f10x_hd.o(.text)
    TIM1_BRK_IRQHandler                      0x080001f7   Thumb Code     0  startup_stm32f10x_hd.o(.text)
    TIM1_CC_IRQHandler                       0x080001f7   Thumb Code     0  startup_stm32f10x_hd.o(.text)
    TIM1_TRG_COM_IRQHandler                  0x080001f7   Thumb Code     0  startup_stm32f10x_hd.o(.text)
    TIM1_UP_IRQHandler                       0x080001f7   Thumb Code     0  startup_stm32f10x_hd.o(.text)
    TIM2_IRQHandler                          0x080001f7   Thumb Code     0  startup_stm32f10x_hd.o(.text)
    TIM3_IRQHandler                          0x080001f7   Thumb Code     0  startup_stm32f10x_hd.o(.text)
    TIM4_IRQHandler                          0x080001f7   Thumb Code     0  startup_stm32f10x_hd.o(.text)
    TIM5_IRQHandler                          0x080001f7   Thumb Code     0  startup_stm32f10x_hd.o(.text)
    TIM6_IRQHandler                          0x080001f7   Thumb Code     0  startup_stm32f10x_hd.o(.text)
    TIM7_IRQHandler                          0x080001f7   Thumb Code     0  startup_stm32f10x_hd.o(.text)
    TIM8_BRK_IRQHandler                      0x080001f7   Thumb Code     0  startup_stm32f10x_hd.o(.text)
    TIM8_CC_IRQHandler                       0x080001f7   Thumb Code     0  startup_stm32f10x_hd.o(.text)
    TIM8_TRG_COM_IRQHandler                  0x080001f7   Thumb Code     0  startup_stm32f10x_hd.o(.text)
    TIM8_UP_IRQHandler                       0x080001f7   Thumb Code     0  startup_stm32f10x_hd.o(.text)
    UART4_IRQHandler                         0x080001f7   Thumb Code     0  startup_stm32f10x_hd.o(.text)
    UART5_IRQHandler                         0x080001f7   Thumb Code     0  startup_stm32f10x_hd.o(.text)
    USART3_IRQHandler                        0x080001f7   Thumb Code     0  startup_stm32f10x_hd.o(.text)
    USBWakeUp_IRQHandler                     0x080001f7   Thumb Code     0  startup_stm32f10x_hd.o(.text)
    USB_HP_CAN1_TX_IRQHandler                0x080001f7   Thumb Code     0  startup_stm32f10x_hd.o(.text)
    USB_LP_CAN1_RX0_IRQHandler               0x080001f7   Thumb Code     0  startup_stm32f10x_hd.o(.text)
    WWDG_IRQHandler                          0x080001f7   Thumb Code     0  startup_stm32f10x_hd.o(.text)
    __aeabi_memcpy                           0x08000201   Thumb Code    36  memcpya.o(.text)
    __aeabi_memcpy4                          0x08000201   Thumb Code     0  memcpya.o(.text)
    __aeabi_memcpy8                          0x08000201   Thumb Code     0  memcpya.o(.text)
    __aeabi_memset                           0x08000225   Thumb Code    14  memseta.o(.text)
    __aeabi_memset4                          0x08000225   Thumb Code     0  memseta.o(.text)
    __aeabi_memset8                          0x08000225   Thumb Code     0  memseta.o(.text)
    __aeabi_memclr                           0x08000233   Thumb Code     4  memseta.o(.text)
    __aeabi_memclr4                          0x08000233   Thumb Code     0  memseta.o(.text)
    __aeabi_memclr8                          0x08000233   Thumb Code     0  memseta.o(.text)
    memset                                   0x08000237   Thumb Code    18  memseta.o(.text)
    __aeabi_uidiv                            0x08000249   Thumb Code     0  uidiv.o(.text)
    __aeabi_uidivmod                         0x08000249   Thumb Code    44  uidiv.o(.text)
    __aeabi_uldivmod                         0x08000275   Thumb Code    98  uldiv.o(.text)
    __I$use$fp                               0x080002d7   Thumb Code     0  iusefp.o(.text)
    __aeabi_dadd                             0x080002d7   Thumb Code   322  dadd.o(.text)
    __aeabi_dsub                             0x08000419   Thumb Code     6  dadd.o(.text)
    __aeabi_drsub                            0x0800041f   Thumb Code     6  dadd.o(.text)
    __aeabi_dmul                             0x08000425   Thumb Code   228  dmul.o(.text)
    __aeabi_ddiv                             0x08000509   Thumb Code   222  ddiv.o(.text)
    __aeabi_d2ulz                            0x080005e7   Thumb Code    48  dfixul.o(.text)
    __aeabi_cdrcmple                         0x08000619   Thumb Code    48  cdrcmple.o(.text)
    __scatterload                            0x08000649   Thumb Code    28  init.o(.text)
    __scatterload_rt2                        0x08000649   Thumb Code     0  init.o(.text)
    __aeabi_llsl                             0x0800066d   Thumb Code    30  llshl.o(.text)
    _ll_shift_l                              0x0800066d   Thumb Code     0  llshl.o(.text)
    __aeabi_llsr                             0x0800068b   Thumb Code    32  llushr.o(.text)
    _ll_ushift_r                             0x0800068b   Thumb Code     0  llushr.o(.text)
    __aeabi_lasr                             0x080006ab   Thumb Code    36  llsshr.o(.text)
    _ll_sshift_r                             0x080006ab   Thumb Code     0  llsshr.o(.text)
    _double_round                            0x080006cf   Thumb Code    30  depilogue.o(.text)
    _double_epilogue                         0x080006ed   Thumb Code   156  depilogue.o(.text)
    ADC_ClearFlag                            0x08000789   Thumb Code     6  stm32f10x_adc.o(i.ADC_ClearFlag)
    ADC_Cmd                                  0x0800078f   Thumb Code    24  stm32f10x_adc.o(i.ADC_Cmd)
    ADC_GetCalibrationStatus                 0x080007a7   Thumb Code    14  stm32f10x_adc.o(i.ADC_GetCalibrationStatus)
    ADC_GetConversionValue                   0x080007b5   Thumb Code     6  stm32f10x_adc.o(i.ADC_GetConversionValue)
    ADC_GetFlagStatus                        0x080007bb   Thumb Code    14  stm32f10x_adc.o(i.ADC_GetFlagStatus)
    ADC_GetResetCalibrationStatus            0x080007c9   Thumb Code    14  stm32f10x_adc.o(i.ADC_GetResetCalibrationStatus)
    ADC_Init                                 0x080007d9   Thumb Code    62  stm32f10x_adc.o(i.ADC_Init)
    ADC_RegularChannelConfig                 0x08000821   Thumb Code   116  stm32f10x_adc.o(i.ADC_RegularChannelConfig)
    ADC_ResetCalibration                     0x08000895   Thumb Code    10  stm32f10x_adc.o(i.ADC_ResetCalibration)
    ADC_SoftwareStartConvCmd                 0x0800089f   Thumb Code    24  stm32f10x_adc.o(i.ADC_SoftwareStartConvCmd)
    ADC_StartCalibration                     0x080008b7   Thumb Code    10  stm32f10x_adc.o(i.ADC_StartCalibration)
    BusFault_Handler                         0x080008c1   Thumb Code     2  stm32f10x_it.o(i.BusFault_Handler)
    Clock_Init                               0x080008c3   Thumb Code    84  systick.o(i.Clock_Init)
    DMA1_Channel5_IRQHandler                 0x08000919   Thumb Code    96  usart1.o(i.DMA1_Channel5_IRQHandler)
    DMA_ClearFlag                            0x0800097d   Thumb Code    16  stm32f10x_dma.o(i.DMA_ClearFlag)
    DMA_ClearITPendingBit                    0x08000995   Thumb Code    16  stm32f10x_dma.o(i.DMA_ClearITPendingBit)
    DMA_Cmd                                  0x080009ad   Thumb Code    26  stm32f10x_dma.o(i.DMA_Cmd)
    DMA_DeInit                               0x080009c9   Thumb Code   238  stm32f10x_dma.o(i.DMA_DeInit)
    DMA_GetCurrDataCounter                   0x08000ac1   Thumb Code     6  stm32f10x_dma.o(i.DMA_GetCurrDataCounter)
    DMA_GetITStatus                          0x08000ac9   Thumb Code    26  stm32f10x_dma.o(i.DMA_GetITStatus)
    DMA_ITConfig                             0x08000aed   Thumb Code    20  stm32f10x_dma.o(i.DMA_ITConfig)
    DMA_Init                                 0x08000b01   Thumb Code    58  stm32f10x_dma.o(i.DMA_Init)
    DMA_SetCurrDataCounter                   0x08000b3b   Thumb Code     4  stm32f10x_dma.o(i.DMA_SetCurrDataCounter)
    DebugMon_Handler                         0x08000ba3   Thumb Code     2  stm32f10x_it.o(i.DebugMon_Handler)
    GPIO_Init                                0x08000ba5   Thumb Code   166  stm32f10x_gpio.o(i.GPIO_Init)
    GPIO_ReadInputDataBit                    0x08000c4b   Thumb Code    14  stm32f10x_gpio.o(i.GPIO_ReadInputDataBit)
    GPIO_ResetBits                           0x08000c59   Thumb Code     4  stm32f10x_gpio.o(i.GPIO_ResetBits)
    GPIO_SetBits                             0x08000c5d   Thumb Code     4  stm32f10x_gpio.o(i.GPIO_SetBits)
    HardFault_Handler                        0x08000c61   Thumb Code     2  stm32f10x_it.o(i.HardFault_Handler)
    Led1_On                                  0x08000df9   Thumb Code    88  led.o(i.Led1_On)
    Led2_On                                  0x08000e55   Thumb Code    88  led.o(i.Led2_On)
    Led3_On                                  0x08000eb1   Thumb Code    88  led.o(i.Led3_On)
    Led4_On                                  0x08000f0d   Thumb Code    88  led.o(i.Led4_On)
    Led5_On                                  0x08000f69   Thumb Code    88  led.o(i.Led5_On)
    Led6_On                                  0x08000fc5   Thumb Code    88  led.o(i.Led6_On)
    Led_Init                                 0x08001021   Thumb Code   136  led.o(i.Led_Init)
    MemManage_Handler                        0x080010e1   Thumb Code     2  stm32f10x_it.o(i.MemManage_Handler)
    NMI_Handler                              0x080010e3   Thumb Code     2  stm32f10x_it.o(i.NMI_Handler)
    NVIC_Init                                0x080010e5   Thumb Code    96  misc.o(i.NVIC_Init)
    NVIC_PriorityGroupConfig                 0x08001149   Thumb Code    10  misc.o(i.NVIC_PriorityGroupConfig)
    OLED_Clear                               0x0800117d   Thumb Code    38  oled.o(i.OLED_Clear)
    OLED_Init                                0x0800121d   Thumb Code   220  oled.o(i.OLED_Init)
    OLED_ShowNum                             0x08001411   Thumb Code   136  oled.o(i.OLED_ShowNum)
    OLED_ShowString                          0x08001499   Thumb Code    84  oled.o(i.OLED_ShowString)
    RCC_AHBPeriphClockCmd                    0x08001531   Thumb Code    22  stm32f10x_rcc.o(i.RCC_AHBPeriphClockCmd)
    RCC_APB2PeriphClockCmd                   0x0800154d   Thumb Code    22  stm32f10x_rcc.o(i.RCC_APB2PeriphClockCmd)
    RCC_DeInit                               0x08001569   Thumb Code    50  stm32f10x_rcc.o(i.RCC_DeInit)
    RCC_GetClocksFreq                        0x080015a9   Thumb Code   154  stm32f10x_rcc.o(i.RCC_GetClocksFreq)
    RCC_GetFlagStatus                        0x08001655   Thumb Code    42  stm32f10x_rcc.o(i.RCC_GetFlagStatus)
    RCC_GetSYSCLKSource                      0x08001685   Thumb Code    10  stm32f10x_rcc.o(i.RCC_GetSYSCLKSource)
    RCC_HCLKConfig                           0x08001695   Thumb Code    14  stm32f10x_rcc.o(i.RCC_HCLKConfig)
    RCC_HSICmd                               0x080016a9   Thumb Code     6  stm32f10x_rcc.o(i.RCC_HSICmd)
    RCC_PCLK1Config                          0x080016b5   Thumb Code    14  stm32f10x_rcc.o(i.RCC_PCLK1Config)
    RCC_PCLK2Config                          0x080016c9   Thumb Code    16  stm32f10x_rcc.o(i.RCC_PCLK2Config)
    RCC_PLLCmd                               0x080016dd   Thumb Code     6  stm32f10x_rcc.o(i.RCC_PLLCmd)
    RCC_PLLConfig                            0x080016e9   Thumb Code    16  stm32f10x_rcc.o(i.RCC_PLLConfig)
    RCC_SYSCLKConfig                         0x080016fd   Thumb Code    14  stm32f10x_rcc.o(i.RCC_SYSCLKConfig)
    SysTick_Handler                          0x080017c5   Thumb Code    20  stm32f10x_it.o(i.SysTick_Handler)
    SysTick_Init                             0x080017d9   Thumb Code   102  systick.o(i.SysTick_Init)
    SystemInit                               0x08001849   Thumb Code    64  system_stm32f10x.o(i.SystemInit)
    USART1_IRQHandler                        0x08001899   Thumb Code   140  usart1.o(i.USART1_IRQHandler)
    USART1_ParseData                         0x08001935   Thumb Code    94  usart1.o(i.USART1_ParseData)
    USART1_Read                              0x08001a6d   Thumb Code   204  usart1.o(i.USART1_Read)
    USART1_ShowWaiting                       0x08001b61   Thumb Code    32  usart1.o(i.USART1_ShowWaiting)
    USART2_IRQHandler                        0x08001b8d   Thumb Code   114  usart2.o(i.USART2_IRQHandler)
    USART_Cmd                                0x08001c0d   Thumb Code    24  stm32f10x_usart.o(i.USART_Cmd)
    USART_DMACmd                             0x08001c25   Thumb Code    20  stm32f10x_usart.o(i.USART_DMACmd)
    USART_GetFlagStatus                      0x08001c39   Thumb Code    14  stm32f10x_usart.o(i.USART_GetFlagStatus)
    USART_GetITStatus                        0x08001c47   Thumb Code    64  stm32f10x_usart.o(i.USART_GetITStatus)
    USART_ITConfig                           0x08001c87   Thumb Code    54  stm32f10x_usart.o(i.USART_ITConfig)
    USART_Init                               0x08001cbd   Thumb Code   182  stm32f10x_usart.o(i.USART_Init)
    USART_ReceiveData                        0x08001d79   Thumb Code     8  stm32f10x_usart.o(i.USART_ReceiveData)
    USART_SendData                           0x08001d81   Thumb Code     8  stm32f10x_usart.o(i.USART_SendData)
    UsageFault_Handler                       0x08001d89   Thumb Code     2  stm32f10x_it.o(i.UsageFault_Handler)
    Usart1_Init                              0x08001d8d   Thumb Code   186  usart1.o(i.Usart1_Init)
    __0printf                                0x08001f35   Thumb Code    22  printfa.o(i.__0printf)
    __1printf                                0x08001f35   Thumb Code     0  printfa.o(i.__0printf)
    __2printf                                0x08001f35   Thumb Code     0  printfa.o(i.__0printf)
    __c89printf                              0x08001f35   Thumb Code     0  printfa.o(i.__0printf)
    printf                                   0x08001f35   Thumb Code     0  printfa.o(i.__0printf)
    __scatterload_copy                       0x08001f55   Thumb Code    14  handlers.o(i.__scatterload_copy)
    __scatterload_null                       0x08001f63   Thumb Code     2  handlers.o(i.__scatterload_null)
    __scatterload_zeroinit                   0x08001f65   Thumb Code    14  handlers.o(i.__scatterload_zeroinit)
    adc_get_value                            0x08002829   Thumb Code    54  key.o(i.adc_get_value)
    adc_init                                 0x08002865   Thumb Code   118  key.o(i.adc_init)
    fputc                                    0x080028f9   Thumb Code    30  usart1.o(i.fputc)
    key_init                                 0x08002955   Thumb Code    16  key.o(i.key_init)
    key_scan                                 0x08002969   Thumb Code    34  key.o(i.key_scan)
    main                                     0x080029cd   Thumb Code    82  main.o(i.main)
    oled_test                                0x08002a45   Thumb Code     4  test.o(i.oled_test)
    pvPortMalloc                             0x080031d5   Thumb Code   208  heap_4.o(i.pvPortMalloc)
    pxPortInitialiseStack                    0x080032a9   Thumb Code    24  port.o(i.pxPortInitialiseStack)
    test_KEY                                 0x080032c5   Thumb Code    42  test.o(i.test_KEY)
    test_LED                                 0x080032f9   Thumb Code    92  test.o(i.test_LED)
    uxListRemove                             0x08003359   Thumb Code    38  list.o(i.uxListRemove)
    vListInitialise                          0x0800337f   Thumb Code    22  list.o(i.vListInitialise)
    vListInitialiseItem                      0x08003395   Thumb Code     6  list.o(i.vListInitialiseItem)
    vListInsert                              0x0800339b   Thumb Code    48  list.o(i.vListInsert)
    vListInsertEnd                           0x080033cb   Thumb Code    24  list.o(i.vListInsertEnd)
    vPortEnterCritical                       0x080033e5   Thumb Code    54  port.o(i.vPortEnterCritical)
    vPortExitCritical                        0x08003425   Thumb Code    38  port.o(i.vPortExitCritical)
    vPortFree                                0x08003451   Thumb Code    88  heap_4.o(i.vPortFree)
    vPortSetupTimerInterrupt                 0x080034ad   Thumb Code    32  port.o(i.vPortSetupTimerInterrupt)
    vPortValidateInterruptPriority           0x080034d1   Thumb Code    74  port.o(i.vPortValidateInterruptPriority)
    vQueueAddToRegistry                      0x08003525   Thumb Code    32  queue.o(i.vQueueAddToRegistry)
    vQueueWaitForMessageRestricted           0x08003549   Thumb Code    70  queue.o(i.vQueueWaitForMessageRestricted)
    vTaskDelay                               0x08003591   Thumb Code    70  tasks.o(i.vTaskDelay)
    vTaskInternalSetTimeOutState             0x080035e1   Thumb Code    12  tasks.o(i.vTaskInternalSetTimeOutState)
    vTaskMissedYield                         0x080035f1   Thumb Code     8  tasks.o(i.vTaskMissedYield)
    vTaskPlaceOnEventList                    0x080035fd   Thumb Code    46  tasks.o(i.vTaskPlaceOnEventList)
    vTaskPlaceOnEventListRestricted          0x08003631   Thumb Code    54  tasks.o(i.vTaskPlaceOnEventListRestricted)
    vTaskStartScheduler                      0x0800366d   Thumb Code    94  tasks.o(i.vTaskStartScheduler)
    vTaskSuspendAll                          0x080036dd   Thumb Code    10  tasks.o(i.vTaskSuspendAll)
    vTaskSwitchContext                       0x080036ed   Thumb Code    94  tasks.o(i.vTaskSwitchContext)
    xPortStartScheduler                      0x08003755   Thumb Code   154  port.o(i.xPortStartScheduler)
    xPortSysTickHandler                      0x080037fd   Thumb Code    38  port.o(i.xPortSysTickHandler)
    xQueueGenericCreate                      0x08003829   Thumb Code    68  queue.o(i.xQueueGenericCreate)
    xQueueGenericReset                       0x0800386d   Thumb Code   134  queue.o(i.xQueueGenericReset)
    xQueueGenericSend                        0x080038f9   Thumb Code   352  queue.o(i.xQueueGenericSend)
    xQueueGenericSendFromISR                 0x08003a5d   Thumb Code   190  queue.o(i.xQueueGenericSendFromISR)
    xQueueReceive                            0x08003b1d   Thumb Code   310  queue.o(i.xQueueReceive)
    xTaskCheckForTimeOut                     0x08003c59   Thumb Code   118  tasks.o(i.xTaskCheckForTimeOut)
    xTaskCreate                              0x08003cd5   Thumb Code    96  tasks.o(i.xTaskCreate)
    xTaskGetSchedulerState                   0x08003d35   Thumb Code    24  tasks.o(i.xTaskGetSchedulerState)
    xTaskGetTickCount                        0x08003d51   Thumb Code     6  tasks.o(i.xTaskGetTickCount)
    xTaskIncrementTick                       0x08003d5d   Thumb Code   194  tasks.o(i.xTaskIncrementTick)
    xTaskPriorityDisinherit                  0x08003e29   Thumb Code   116  tasks.o(i.xTaskPriorityDisinherit)
    xTaskRemoveFromEventList                 0x08003ea5   Thumb Code   106  tasks.o(i.xTaskRemoveFromEventList)
    xTaskResumeAll                           0x08003f1d   Thumb Code   184  tasks.o(i.xTaskResumeAll)
    xTimerCreateTimerTask                    0x08003fe5   Thumb Code    60  timers.o(i.xTimerCreateTimerTask)
    xTimerGenericCommand                     0x08004031   Thumb Code   104  timers.o(i.xTimerGenericCommand)
    asc2_1206                                0x0800409c   Data        1140  oled.o(.constdata)
    asc2_1608                                0x08004510   Data        1520  oled.o(.constdata)
    asc2_2412                                0x08004b00   Data        3420  oled.o(.constdata)
    Region$$Table$$Base                      0x0800585c   Number         0  anon$$obj.o(Region$$Table)
    Region$$Table$$Limit                     0x0800587c   Number         0  anon$$obj.o(Region$$Table)
    xKeyQueue                                0x20000000   Data           4  main.o(.data)
    SystemCoreClock                          0x20000004   Data           4  system_stm32f10x.o(.data)
    AHBPrescTable                            0x20000008   Data          16  system_stm32f10x.o(.data)
    uartRecQueue                             0x20000038   Data           4  usart1.o(.data)
    pxCurrentTCB                             0x20000040   Data           4  tasks.o(.data)
    __stdout                                 0x200000b4   Data           4  stdout.o(.data)
    xQueueRegistry                           0x20000614   Data          64  queue.o(.bss)
    __initial_sp                             0x20004f40   Data           0  startup_stm32f10x_hd.o(STACK)



==============================================================================

Memory Map of the image

  Image Entry point : 0x08000131

  Load Region LR_IROM1 (Base: 0x08000000, Size: 0x00005934, Max: 0x00010000, ABSOLUTE)

    Execution Region ER_IROM1 (Exec base: 0x08000000, Load base: 0x08000000, Size: 0x0000587c, Max: 0x00010000, ABSOLUTE)

    Exec Addr    Load Addr    Size         Type   Attr      Idx    E Section Name        Object

    0x08000000   0x08000000   0x00000130   Data   RO          309    RESET               startup_stm32f10x_hd.o
    0x08000130   0x08000130   0x00000000   Code   RO         4935  * .ARM.Collect$$$$00000000  mc_w.l(entry.o)
    0x08000130   0x08000130   0x00000004   Code   RO         5213    .ARM.Collect$$$$00000001  mc_w.l(entry2.o)
    0x08000134   0x08000134   0x00000004   Code   RO         5216    .ARM.Collect$$$$00000004  mc_w.l(entry5.o)
    0x08000138   0x08000138   0x00000000   Code   RO         5218    .ARM.Collect$$$$00000008  mc_w.l(entry7b.o)
    0x08000138   0x08000138   0x00000000   Code   RO         5220    .ARM.Collect$$$$0000000A  mc_w.l(entry8b.o)
    0x08000138   0x08000138   0x00000008   Code   RO         5221    .ARM.Collect$$$$0000000B  mc_w.l(entry9a.o)
    0x08000140   0x08000140   0x00000000   Code   RO         5223    .ARM.Collect$$$$0000000D  mc_w.l(entry10a.o)
    0x08000140   0x08000140   0x00000000   Code   RO         5225    .ARM.Collect$$$$0000000F  mc_w.l(entry11a.o)
    0x08000140   0x08000140   0x00000004   Code   RO         5214    .ARM.Collect$$$$00002712  mc_w.l(entry2.o)
    0x08000144   0x08000144   0x00000096   Code   RO         4724    .emb_text           port.o
    0x080001da   0x080001da   0x00000002   PAD
    0x080001dc   0x080001dc   0x00000024   Code   RO          310    .text               startup_stm32f10x_hd.o
    0x08000200   0x08000200   0x00000024   Code   RO         4938    .text               mc_w.l(memcpya.o)
    0x08000224   0x08000224   0x00000024   Code   RO         4942    .text               mc_w.l(memseta.o)
    0x08000248   0x08000248   0x0000002c   Code   RO         5228    .text               mc_w.l(uidiv.o)
    0x08000274   0x08000274   0x00000062   Code   RO         5230    .text               mc_w.l(uldiv.o)
    0x080002d6   0x080002d6   0x00000000   Code   RO         5232    .text               mc_w.l(iusefp.o)
    0x080002d6   0x080002d6   0x0000014e   Code   RO         5235    .text               mf_w.l(dadd.o)
    0x08000424   0x08000424   0x000000e4   Code   RO         5237    .text               mf_w.l(dmul.o)
    0x08000508   0x08000508   0x000000de   Code   RO         5239    .text               mf_w.l(ddiv.o)
    0x080005e6   0x080005e6   0x00000030   Code   RO         5241    .text               mf_w.l(dfixul.o)
    0x08000616   0x08000616   0x00000002   PAD
    0x08000618   0x08000618   0x00000030   Code   RO         5243    .text               mf_w.l(cdrcmple.o)
    0x08000648   0x08000648   0x00000024   Code   RO         5245    .text               mc_w.l(init.o)
    0x0800066c   0x0800066c   0x0000001e   Code   RO         5247    .text               mc_w.l(llshl.o)
    0x0800068a   0x0800068a   0x00000020   Code   RO         5249    .text               mc_w.l(llushr.o)
    0x080006aa   0x080006aa   0x00000024   Code   RO         5251    .text               mc_w.l(llsshr.o)
    0x080006ce   0x080006ce   0x000000ba   Code   RO         5253    .text               mf_w.l(depilogue.o)
    0x08000788   0x08000788   0x00000006   Code   RO          491    i.ADC_ClearFlag     stm32f10x_adc.o
    0x0800078e   0x0800078e   0x00000018   Code   RO          493    i.ADC_Cmd           stm32f10x_adc.o
    0x080007a6   0x080007a6   0x0000000e   Code   RO          501    i.ADC_GetCalibrationStatus  stm32f10x_adc.o
    0x080007b4   0x080007b4   0x00000006   Code   RO          502    i.ADC_GetConversionValue  stm32f10x_adc.o
    0x080007ba   0x080007ba   0x0000000e   Code   RO          504    i.ADC_GetFlagStatus  stm32f10x_adc.o
    0x080007c8   0x080007c8   0x0000000e   Code   RO          507    i.ADC_GetResetCalibrationStatus  stm32f10x_adc.o
    0x080007d6   0x080007d6   0x00000002   PAD
    0x080007d8   0x080007d8   0x00000048   Code   RO          511    i.ADC_Init          stm32f10x_adc.o
    0x08000820   0x08000820   0x00000074   Code   RO          515    i.ADC_RegularChannelConfig  stm32f10x_adc.o
    0x08000894   0x08000894   0x0000000a   Code   RO          516    i.ADC_ResetCalibration  stm32f10x_adc.o
    0x0800089e   0x0800089e   0x00000018   Code   RO          518    i.ADC_SoftwareStartConvCmd  stm32f10x_adc.o
    0x080008b6   0x080008b6   0x0000000a   Code   RO          520    i.ADC_StartCalibration  stm32f10x_adc.o
    0x080008c0   0x080008c0   0x00000002   Code   RO          193    i.BusFault_Handler  stm32f10x_it.o
    0x080008c2   0x080008c2   0x00000054   Code   RO         3472    i.Clock_Init        systick.o
    0x08000916   0x08000916   0x00000002   PAD
    0x08000918   0x08000918   0x00000064   Code   RO         3499    i.DMA1_Channel5_IRQHandler  usart1.o
    0x0800097c   0x0800097c   0x00000018   Code   RO         1176    i.DMA_ClearFlag     stm32f10x_dma.o
    0x08000994   0x08000994   0x00000018   Code   RO         1177    i.DMA_ClearITPendingBit  stm32f10x_dma.o
    0x080009ac   0x080009ac   0x0000001a   Code   RO         1178    i.DMA_Cmd           stm32f10x_dma.o
    0x080009c6   0x080009c6   0x00000002   PAD
    0x080009c8   0x080009c8   0x000000f8   Code   RO         1179    i.DMA_DeInit        stm32f10x_dma.o
    0x08000ac0   0x08000ac0   0x00000006   Code   RO         1180    i.DMA_GetCurrDataCounter  stm32f10x_dma.o
    0x08000ac6   0x08000ac6   0x00000002   PAD
    0x08000ac8   0x08000ac8   0x00000024   Code   RO         1182    i.DMA_GetITStatus   stm32f10x_dma.o
    0x08000aec   0x08000aec   0x00000014   Code   RO         1183    i.DMA_ITConfig      stm32f10x_dma.o
    0x08000b00   0x08000b00   0x0000003a   Code   RO         1184    i.DMA_Init          stm32f10x_dma.o
    0x08000b3a   0x08000b3a   0x00000004   Code   RO         1185    i.DMA_SetCurrDataCounter  stm32f10x_dma.o
    0x08000b3e   0x08000b3e   0x00000064   Code   RO         3500    i.Data_TO_FIFO      usart1.o
    0x08000ba2   0x08000ba2   0x00000002   Code   RO          194    i.DebugMon_Handler  stm32f10x_it.o
    0x08000ba4   0x08000ba4   0x000000a6   Code   RO         1602    i.GPIO_Init         stm32f10x_gpio.o
    0x08000c4a   0x08000c4a   0x0000000e   Code   RO         1606    i.GPIO_ReadInputDataBit  stm32f10x_gpio.o
    0x08000c58   0x08000c58   0x00000004   Code   RO         1609    i.GPIO_ResetBits    stm32f10x_gpio.o
    0x08000c5c   0x08000c5c   0x00000004   Code   RO         1610    i.GPIO_SetBits      stm32f10x_gpio.o
    0x08000c60   0x08000c60   0x00000002   Code   RO          195    i.HardFault_Handler  stm32f10x_it.o
    0x08000c62   0x08000c62   0x00000002   PAD
    0x08000c64   0x08000c64   0x00000048   Code   RO         4801    i.IIC_Start         oled.o
    0x08000cac   0x08000cac   0x0000003c   Code   RO         4802    i.IIC_Stop          oled.o
    0x08000ce8   0x08000ce8   0x00000070   Code   RO         4803    i.IIC_Wait_Ack      oled.o
    0x08000d58   0x08000d58   0x00000060   Code   RO         4804    i.IIC_Write_Byte    oled.o
    0x08000db8   0x08000db8   0x00000040   Code   RO           17    i.KeyTaskFunc       main.o
    0x08000df8   0x08000df8   0x0000005c   Code   RO         3418    i.Led1_On           led.o
    0x08000e54   0x08000e54   0x0000005c   Code   RO         3419    i.Led2_On           led.o
    0x08000eb0   0x08000eb0   0x0000005c   Code   RO         3420    i.Led3_On           led.o
    0x08000f0c   0x08000f0c   0x0000005c   Code   RO         3421    i.Led4_On           led.o
    0x08000f68   0x08000f68   0x0000005c   Code   RO         3422    i.Led5_On           led.o
    0x08000fc4   0x08000fc4   0x0000005c   Code   RO         3423    i.Led6_On           led.o
    0x08001020   0x08001020   0x00000090   Code   RO         3424    i.Led_Init          led.o
    0x080010b0   0x080010b0   0x00000030   Code   RO           18    i.MainTaskFunc      main.o
    0x080010e0   0x080010e0   0x00000002   Code   RO          196    i.MemManage_Handler  stm32f10x_it.o
    0x080010e2   0x080010e2   0x00000002   Code   RO          197    i.NMI_Handler       stm32f10x_it.o
    0x080010e4   0x080010e4   0x00000064   Code   RO          451    i.NVIC_Init         misc.o
    0x08001148   0x08001148   0x00000014   Code   RO          452    i.NVIC_PriorityGroupConfig  misc.o
    0x0800115c   0x0800115c   0x00000020   Code   RO         3473    i.NVIC_SetPriority  systick.o
    0x0800117c   0x0800117c   0x0000002c   Code   RO         4805    i.OLED_Clear        oled.o
    0x080011a8   0x080011a8   0x0000003c   Code   RO         4808    i.OLED_DrawPoint    oled.o
    0x080011e4   0x080011e4   0x00000038   Code   RO         4809    i.OLED_GPIO_Init    oled.o
    0x0800121c   0x0800121c   0x000000dc   Code   RO         4810    i.OLED_Init         oled.o
    0x080012f8   0x080012f8   0x00000050   Code   RO         4811    i.OLED_Refresh_Gram  oled.o
    0x08001348   0x08001348   0x000000c8   Code   RO         4812    i.OLED_ShowChar     oled.o
    0x08001410   0x08001410   0x00000088   Code   RO         4813    i.OLED_ShowNum      oled.o
    0x08001498   0x08001498   0x00000054   Code   RO         4814    i.OLED_ShowString   oled.o
    0x080014ec   0x080014ec   0x00000042   Code   RO         4815    i.OLED_WR_Byte      oled.o
    0x0800152e   0x0800152e   0x00000002   PAD
    0x08001530   0x08001530   0x0000001c   Code   RO         2017    i.RCC_AHBPeriphClockCmd  stm32f10x_rcc.o
    0x0800154c   0x0800154c   0x0000001c   Code   RO         2020    i.RCC_APB2PeriphClockCmd  stm32f10x_rcc.o
    0x08001568   0x08001568   0x00000040   Code   RO         2027    i.RCC_DeInit        stm32f10x_rcc.o
    0x080015a8   0x080015a8   0x000000ac   Code   RO         2028    i.RCC_GetClocksFreq  stm32f10x_rcc.o
    0x08001654   0x08001654   0x00000030   Code   RO         2029    i.RCC_GetFlagStatus  stm32f10x_rcc.o
    0x08001684   0x08001684   0x00000010   Code   RO         2031    i.RCC_GetSYSCLKSource  stm32f10x_rcc.o
    0x08001694   0x08001694   0x00000014   Code   RO         2032    i.RCC_HCLKConfig    stm32f10x_rcc.o
    0x080016a8   0x080016a8   0x0000000c   Code   RO         2034    i.RCC_HSICmd        stm32f10x_rcc.o
    0x080016b4   0x080016b4   0x00000014   Code   RO         2039    i.RCC_PCLK1Config   stm32f10x_rcc.o
    0x080016c8   0x080016c8   0x00000014   Code   RO         2040    i.RCC_PCLK2Config   stm32f10x_rcc.o
    0x080016dc   0x080016dc   0x0000000c   Code   RO         2041    i.RCC_PLLCmd        stm32f10x_rcc.o
    0x080016e8   0x080016e8   0x00000014   Code   RO         2042    i.RCC_PLLConfig     stm32f10x_rcc.o
    0x080016fc   0x080016fc   0x00000014   Code   RO         2045    i.RCC_SYSCLKConfig  stm32f10x_rcc.o
    0x08001710   0x08001710   0x00000004   Code   RO          273    i.SetSysClock       system_stm32f10x.o
    0x08001714   0x08001714   0x000000b0   Code   RO          274    i.SetSysClockTo48   system_stm32f10x.o
    0x080017c4   0x080017c4   0x00000014   Code   RO          198    i.SysTick_Handler   stm32f10x_it.o
    0x080017d8   0x080017d8   0x00000070   Code   RO         3474    i.SysTick_Init      systick.o
    0x08001848   0x08001848   0x00000050   Code   RO          276    i.SystemInit        system_stm32f10x.o
    0x08001898   0x08001898   0x0000009c   Code   RO         3501    i.USART1_IRQHandler  usart1.o
    0x08001934   0x08001934   0x00000068   Code   RO         3502    i.USART1_ParseData  usart1.o
    0x0800199c   0x0800199c   0x000000d0   Code   RO         3503    i.USART1_ProcessFrame  usart1.o
    0x08001a6c   0x08001a6c   0x000000f4   Code   RO         3504    i.USART1_Read       usart1.o
    0x08001b60   0x08001b60   0x0000002c   Code   RO         3505    i.USART1_ShowWaiting  usart1.o
    0x08001b8c   0x08001b8c   0x00000080   Code   RO         3597    i.USART2_IRQHandler  usart2.o
    0x08001c0c   0x08001c0c   0x00000018   Code   RO         3188    i.USART_Cmd         stm32f10x_usart.o
    0x08001c24   0x08001c24   0x00000014   Code   RO         3189    i.USART_DMACmd      stm32f10x_usart.o
    0x08001c38   0x08001c38   0x0000000e   Code   RO         3191    i.USART_GetFlagStatus  stm32f10x_usart.o
    0x08001c46   0x08001c46   0x00000040   Code   RO         3192    i.USART_GetITStatus  stm32f10x_usart.o
    0x08001c86   0x08001c86   0x00000036   Code   RO         3194    i.USART_ITConfig    stm32f10x_usart.o
    0x08001cbc   0x08001cbc   0x000000bc   Code   RO         3195    i.USART_Init        stm32f10x_usart.o
    0x08001d78   0x08001d78   0x00000008   Code   RO         3202    i.USART_ReceiveData  stm32f10x_usart.o
    0x08001d80   0x08001d80   0x00000008   Code   RO         3205    i.USART_SendData    stm32f10x_usart.o
    0x08001d88   0x08001d88   0x00000002   Code   RO          199    i.UsageFault_Handler  stm32f10x_it.o
    0x08001d8a   0x08001d8a   0x00000002   PAD
    0x08001d8c   0x08001d8c   0x000000c8   Code   RO         3506    i.Usart1_Init       usart1.o
    0x08001e54   0x08001e54   0x0000007c   Code   RO         3507    i.Usart1_Receive_DMA_Init  usart1.o
    0x08001ed0   0x08001ed0   0x00000064   Code   RO         3509    i.Usart1_Send_DMA_Init  usart1.o
    0x08001f34   0x08001f34   0x00000020   Code   RO         5179    i.__0printf         mc_w.l(printfa.o)
    0x08001f54   0x08001f54   0x0000000e   Code   RO         5257    i.__scatterload_copy  mc_w.l(handlers.o)
    0x08001f62   0x08001f62   0x00000002   Code   RO         5258    i.__scatterload_null  mc_w.l(handlers.o)
    0x08001f64   0x08001f64   0x0000000e   Code   RO         5259    i.__scatterload_zeroinit  mc_w.l(handlers.o)
    0x08001f72   0x08001f72   0x00000002   PAD
    0x08001f74   0x08001f74   0x00000184   Code   RO         5186    i._fp_digits        mc_w.l(printfa.o)
    0x080020f8   0x080020f8   0x000006dc   Code   RO         5187    i._printf_core      mc_w.l(printfa.o)
    0x080027d4   0x080027d4   0x00000024   Code   RO         5188    i._printf_post_padding  mc_w.l(printfa.o)
    0x080027f8   0x080027f8   0x0000002e   Code   RO         5189    i._printf_pre_padding  mc_w.l(printfa.o)
    0x08002826   0x08002826   0x00000002   PAD
    0x08002828   0x08002828   0x0000003c   Code   RO          353    i.adc_get_value     key.o
    0x08002864   0x08002864   0x00000080   Code   RO          354    i.adc_init          key.o
    0x080028e4   0x080028e4   0x00000012   Code   RO          355    i.adc_to_mv         key.o
    0x080028f6   0x080028f6   0x00000002   PAD
    0x080028f8   0x080028f8   0x00000024   Code   RO         3510    i.fputc             usart1.o
    0x0800291c   0x0800291c   0x00000036   Code   RO          356    i.key_decode_mv     key.o
    0x08002952   0x08002952   0x00000002   PAD
    0x08002954   0x08002954   0x00000014   Code   RO          358    i.key_init          key.o
    0x08002968   0x08002968   0x00000022   Code   RO          359    i.key_scan          key.o
    0x0800298a   0x0800298a   0x00000002   PAD
    0x0800298c   0x0800298c   0x00000020   Code   RO          360    i.key_scan_pb10     key.o
    0x080029ac   0x080029ac   0x00000020   Code   RO          361    i.key_scan_pb11     key.o
    0x080029cc   0x080029cc   0x00000078   Code   RO           19    i.main              main.o
    0x08002a44   0x08002a44   0x00000004   Code   RO          315    i.oled_test         test.o
    0x08002a48   0x08002a48   0x00000060   Code   RO         4175    i.prvAddCurrentTaskToDelayedList  tasks.o
    0x08002aa8   0x08002aa8   0x00000088   Code   RO         4176    i.prvAddNewTaskToReadyList  tasks.o
    0x08002b30   0x08002b30   0x00000050   Code   RO         4530    i.prvCheckForValidListAndQueue  timers.o
    0x08002b80   0x08002b80   0x0000003c   Code   RO         4177    i.prvCheckTasksWaitingTermination  tasks.o
    0x08002bbc   0x08002bbc   0x00000028   Code   RO         3804    i.prvCopyDataFromQueue  queue.o
    0x08002be4   0x08002be4   0x0000006e   Code   RO         3805    i.prvCopyDataToQueue  queue.o
    0x08002c52   0x08002c52   0x00000014   Code   RO         4178    i.prvDeleteTCB      tasks.o
    0x08002c66   0x08002c66   0x00000002   PAD
    0x08002c68   0x08002c68   0x00000024   Code   RO         4531    i.prvGetNextExpireTime  timers.o
    0x08002c8c   0x08002c8c   0x0000004c   Code   RO         4675    i.prvHeapInit       heap_4.o
    0x08002cd8   0x08002cd8   0x00000028   Code   RO         4179    i.prvIdleTask       tasks.o
    0x08002d00   0x08002d00   0x00000022   Code   RO         3808    i.prvInitialiseNewQueue  queue.o
    0x08002d22   0x08002d22   0x0000009a   Code   RO         4180    i.prvInitialiseNewTask  tasks.o
    0x08002dbc   0x08002dbc   0x00000058   Code   RO         4181    i.prvInitialiseTaskLists  tasks.o
    0x08002e14   0x08002e14   0x00000054   Code   RO         4676    i.prvInsertBlockIntoFreeList  heap_4.o
    0x08002e68   0x08002e68   0x00000040   Code   RO         4533    i.prvInsertTimerInActiveList  timers.o
    0x08002ea8   0x08002ea8   0x0000001a   Code   RO         3809    i.prvIsQueueEmpty   queue.o
    0x08002ec2   0x08002ec2   0x0000001e   Code   RO         3810    i.prvIsQueueFull    queue.o
    0x08002ee0   0x08002ee0   0x0000005c   Code   RO         4534    i.prvProcessExpiredTimer  timers.o
    0x08002f3c   0x08002f3c   0x000000c4   Code   RO         4535    i.prvProcessReceivedCommands  timers.o
    0x08003000   0x08003000   0x0000006c   Code   RO         4536    i.prvProcessTimerOrBlockTask  timers.o
    0x0800306c   0x0800306c   0x00000024   Code   RO         4183    i.prvResetNextTaskUnblockTime  tasks.o
    0x08003090   0x08003090   0x0000002c   Code   RO         4537    i.prvSampleTimeNow  timers.o
    0x080030bc   0x080030bc   0x0000006c   Code   RO         4538    i.prvSwitchTimerLists  timers.o
    0x08003128   0x08003128   0x0000002c   Code   RO         4725    i.prvTaskExitError  port.o
    0x08003154   0x08003154   0x00000014   Code   RO         4539    i.prvTimerTask      timers.o
    0x08003168   0x08003168   0x0000006a   Code   RO         3811    i.prvUnlockQueue    queue.o
    0x080031d2   0x080031d2   0x00000002   PAD
    0x080031d4   0x080031d4   0x000000d4   Code   RO         4677    i.pvPortMalloc      heap_4.o
    0x080032a8   0x080032a8   0x0000001c   Code   RO         4726    i.pxPortInitialiseStack  port.o
    0x080032c4   0x080032c4   0x00000034   Code   RO          316    i.test_KEY          test.o
    0x080032f8   0x080032f8   0x00000060   Code   RO          317    i.test_LED          test.o
    0x08003358   0x08003358   0x00000026   Code   RO         3764    i.uxListRemove      list.o
    0x0800337e   0x0800337e   0x00000016   Code   RO         3765    i.vListInitialise   list.o
    0x08003394   0x08003394   0x00000006   Code   RO         3766    i.vListInitialiseItem  list.o
    0x0800339a   0x0800339a   0x00000030   Code   RO         3767    i.vListInsert       list.o
    0x080033ca   0x080033ca   0x00000018   Code   RO         3768    i.vListInsertEnd    list.o
    0x080033e2   0x080033e2   0x00000002   PAD
    0x080033e4   0x080033e4   0x00000040   Code   RO         4728    i.vPortEnterCritical  port.o
    0x08003424   0x08003424   0x0000002c   Code   RO         4729    i.vPortExitCritical  port.o
    0x08003450   0x08003450   0x0000005c   Code   RO         4678    i.vPortFree         heap_4.o
    0x080034ac   0x080034ac   0x00000024   Code   RO         4730    i.vPortSetupTimerInterrupt  port.o
    0x080034d0   0x080034d0   0x00000054   Code   RO         4731    i.vPortValidateInterruptPriority  port.o
    0x08003524   0x08003524   0x00000024   Code   RO         3817    i.vQueueAddToRegistry  queue.o
    0x08003548   0x08003548   0x00000046   Code   RO         3821    i.vQueueWaitForMessageRestricted  queue.o
    0x0800358e   0x0800358e   0x00000002   PAD
    0x08003590   0x08003590   0x00000050   Code   RO         4195    i.vTaskDelay        tasks.o
    0x080035e0   0x080035e0   0x00000010   Code   RO         4200    i.vTaskInternalSetTimeOutState  tasks.o
    0x080035f0   0x080035f0   0x0000000c   Code   RO         4201    i.vTaskMissedYield  tasks.o
    0x080035fc   0x080035fc   0x00000034   Code   RO         4203    i.vTaskPlaceOnEventList  tasks.o
    0x08003630   0x08003630   0x0000003c   Code   RO         4204    i.vTaskPlaceOnEventListRestricted  tasks.o
    0x0800366c   0x0800366c   0x00000070   Code   RO         4212    i.vTaskStartScheduler  tasks.o
    0x080036dc   0x080036dc   0x00000010   Code   RO         4214    i.vTaskSuspendAll   tasks.o
    0x080036ec   0x080036ec   0x00000068   Code   RO         4215    i.vTaskSwitchContext  tasks.o
    0x08003754   0x08003754   0x000000a8   Code   RO         4732    i.xPortStartScheduler  port.o
    0x080037fc   0x080037fc   0x0000002c   Code   RO         4733    i.xPortSysTickHandler  port.o
    0x08003828   0x08003828   0x00000044   Code   RO         3824    i.xQueueGenericCreate  queue.o
    0x0800386c   0x0800386c   0x0000008c   Code   RO         3825    i.xQueueGenericReset  queue.o
    0x080038f8   0x080038f8   0x00000164   Code   RO         3826    i.xQueueGenericSend  queue.o
    0x08003a5c   0x08003a5c   0x000000be   Code   RO         3827    i.xQueueGenericSendFromISR  queue.o
    0x08003b1a   0x08003b1a   0x00000002   PAD
    0x08003b1c   0x08003b1c   0x0000013c   Code   RO         3836    i.xQueueReceive     queue.o
    0x08003c58   0x08003c58   0x0000007c   Code   RO         4216    i.xTaskCheckForTimeOut  tasks.o
    0x08003cd4   0x08003cd4   0x00000060   Code   RO         4217    i.xTaskCreate       tasks.o
    0x08003d34   0x08003d34   0x0000001c   Code   RO         4221    i.xTaskGetSchedulerState  tasks.o
    0x08003d50   0x08003d50   0x0000000c   Code   RO         4222    i.xTaskGetTickCount  tasks.o
    0x08003d5c   0x08003d5c   0x000000cc   Code   RO         4224    i.xTaskIncrementTick  tasks.o
    0x08003e28   0x08003e28   0x0000007c   Code   RO         4227    i.xTaskPriorityDisinherit  tasks.o
    0x08003ea4   0x08003ea4   0x00000078   Code   RO         4229    i.xTaskRemoveFromEventList  tasks.o
    0x08003f1c   0x08003f1c   0x000000c8   Code   RO         4230    i.xTaskResumeAll    tasks.o
    0x08003fe4   0x08003fe4   0x0000004c   Code   RO         4545    i.xTimerCreateTimerTask  timers.o
    0x08004030   0x08004030   0x0000006c   Code   RO         4546    i.xTimerGenericCommand  timers.o
    0x0800409c   0x0800409c   0x000017c0   Data   RO         4817    .constdata          oled.o
    0x0800585c   0x0800585c   0x00000020   Data   RO         5255    Region$$Table       anon$$obj.o


    Execution Region RW_IRAM1 (Exec base: 0x20000000, Load base: 0x0800587c, Size: 0x00004f40, Max: 0x00005000, ABSOLUTE)

    Exec Addr    Load Addr    Size         Type   Attr      Idx    E Section Name        Object

    0x20000000   0x0800587c   0x00000004   Data   RW           21    .data               main.o
    0x20000004   0x08005880   0x00000014   Data   RW          277    .data               system_stm32f10x.o
    0x20000018   0x08005894   0x00000002   Data   RW          319    .data               test.o
    0x2000001a   0x08005896   0x00000004   Data   RW          362    .data               key.o
    0x2000001e   0x0800589a   0x00000014   Data   RW         2048    .data               stm32f10x_rcc.o
    0x20000032   0x080058ae   0x00000002   PAD
    0x20000034   0x080058b0   0x00000008   Data   RW         3512    .data               usart1.o
    0x2000003c   0x080058b8   0x00000004   Data   RW         3600    .data               usart2.o
    0x20000040   0x080058bc   0x0000003c   Data   RW         4233    .data               tasks.o
    0x2000007c   0x080058f8   0x00000014   Data   RW         4554    .data               timers.o
    0x20000090   0x0800590c   0x00000018   Data   RW         4683    .data               heap_4.o
    0x200000a8   0x08005924   0x0000000c   Data   RW         4734    .data               port.o
    0x200000b4   0x08005930   0x00000004   Data   RW         5227    .data               mc_w.l(stdout.o)
    0x200000b8        -       0x0000054c   Zero   RW         3511    .bss                usart1.o
    0x20000604        -       0x00000010   Zero   RW         3599    .bss                usart2.o
    0x20000614        -       0x00000040   Zero   RW         3840    .bss                queue.o
    0x20000654        -       0x000004c4   Zero   RW         4232    .bss                tasks.o
    0x20000b18        -       0x00000028   Zero   RW         4553    .bss                timers.o
    0x20000b40        -       0x00003c00   Zero   RW         4682    .bss                heap_4.o
    0x20004740        -       0x00000400   Zero   RW         4816    .bss                oled.o
    0x20004b40        -       0x00000400   Zero   RW          307    STACK               startup_stm32f10x_hd.o


==============================================================================

Image component sizes


      Code (inc. data)   RO Data    RW Data    ZI Data      Debug   Object Name

         0          0          0          0          0       4540   core_cm3.o
         0          0          0          0          0       8992   event_groups.o
       464         22          0         24      15360       4543   heap_4.o
       378         32          0          4          0       4945   key.o
       696         32          0          0          0       3523   led.o
       138          0          0          0          0       3154   list.o
       232         44          0          4          0     257267   main.o
       120         14          0          0          0       1703   misc.o
      1286         58       6080          0       1024       9742   oled.o
       662         70          0         12          0      10225   port.o
      1522         20          0          0         64      13534   queue.o
        36          8        304          0       1024        772   startup_stm32f10x_hd.o
       310         10          0          0          0       8965   stm32f10x_adc.o
       446         36          0          0          0       7225   stm32f10x_dma.o
       188          0          0          0          0       3864   stm32f10x_gpio.o
        32          0          0          0          0       2935   stm32f10x_it.o
       480         94          0         20          0      10174   stm32f10x_rcc.o
       380          6          0          0          0       7216   stm32f10x_usart.o
       260         26          0         20          0       2173   system_stm32f10x.o
       228         10          0          0          0      16839   systick.o
      1990        188          0         60       1220      20802   tasks.o
       152         20          0          2          0       1614   test.o
       932         84          0         20         40       9615   timers.o
      1416        148          0          8       1356      12310   usart1.o
       128         14          0          4         16       9108   usart2.o

    ----------------------------------------------------------------------
     12508        936       6416        180      20104     435780   Object Totals
         0          0         32          0          0          0   (incl. Generated)
        32          0          0          2          0          0   (incl. Padding)

    ----------------------------------------------------------------------

      Code (inc. data)   RO Data    RW Data    ZI Data      Debug   Library Member Name

         0          0          0          0          0          0   entry.o
         0          0          0          0          0          0   entry10a.o
         0          0          0          0          0          0   entry11a.o
         8          4          0          0          0          0   entry2.o
         4          0          0          0          0          0   entry5.o
         0          0          0          0          0          0   entry7b.o
         0          0          0          0          0          0   entry8b.o
         8          4          0          0          0          0   entry9a.o
        30          0          0          0          0          0   handlers.o
        36          8          0          0          0         68   init.o
         0          0          0          0          0          0   iusefp.o
        30          0          0          0          0         68   llshl.o
        36          0          0          0          0         68   llsshr.o
        32          0          0          0          0         68   llushr.o
        36          0          0          0          0         68   memcpya.o
        36          0          0          0          0        108   memseta.o
      2258         90          0          0          0        452   printfa.o
         0          0          0          4          0          0   stdout.o
        44          0          0          0          0         80   uidiv.o
        98          0          0          0          0         92   uldiv.o
        48          0          0          0          0         68   cdrcmple.o
       334          0          0          0          0        148   dadd.o
       222          0          0          0          0        100   ddiv.o
       186          0          0          0          0        176   depilogue.o
        48          0          0          0          0         68   dfixul.o
       228          0          0          0          0         96   dmul.o

    ----------------------------------------------------------------------
      3728        106          0          4          0       1728   Library Totals
         6          0          0          0          0          0   (incl. Padding)

    ----------------------------------------------------------------------

      Code (inc. data)   RO Data    RW Data    ZI Data      Debug   Library Name

      2656        106          0          4          0       1072   mc_w.l
      1066          0          0          0          0        656   mf_w.l

    ----------------------------------------------------------------------
      3728        106          0          4          0       1728   Library Totals

    ----------------------------------------------------------------------

==============================================================================


      Code (inc. data)   RO Data    RW Data    ZI Data      Debug   

     16236       1042       6416        184      20104     428040   Grand Totals
     16236       1042       6416        184      20104     428040   ELF Image Totals
     16236       1042       6416        184          0          0   ROM Totals

==============================================================================

    Total RO  Size (Code + RO Data)                22652 (  22.12kB)
    Total RW  Size (RW Data + ZI Data)             20288 (  19.81kB)
    Total ROM Size (Code + RO Data + RW Data)      22836 (  22.30kB)

==============================================================================

