Component: ARM Compiler 5.06 update 6 (build 750) Tool: armlink [4d35ed]

==============================================================================

Section Cross References

    main.o(i.KeyTaskFunc) refers to key.o(i.key_init) for key_init
    main.o(i.KeyTaskFunc) refers to queue.o(i.xQueueGenericCreate) for xQueueGenericCreate
    main.o(i.KeyTaskFunc) refers to key.o(i.key_scan) for key_scan
    main.o(i.KeyTaskFunc) refers to queue.o(i.xQueueGenericSend) for xQueueGenericSend
    main.o(i.KeyTaskFunc) refers to tasks.o(i.vTaskDelay) for vTaskDelay
    main.o(i.KeyTaskFunc) refers to main.o(.data) for .data
    main.o(i.LedRequestBreath) refers to queue.o(i.xQueueGenericSend) for xQueueGenericSend
    main.o(i.LedRequestBreath) refers to main.o(.data) for .data
    main.o(i.LedTaskFunc) refers to led.o(i.Led_Mode_Breath) for Led_Mode_Breath
    main.o(i.LedTaskFunc) refers to tasks.o(i.xTaskGetTickCount) for xTaskGetTickCount
    main.o(i.LedTaskFunc) refers to queue.o(i.xQueueReceive) for xQueueReceive
    main.o(i.LedTaskFunc) refers to led.o(i.Led_Mode_On) for Led_Mode_On
    main.o(i.LedTaskFunc) refers to led.o(i.Led_Mode_Off) for Led_Mode_Off
    main.o(i.LedTaskFunc) refers to led.o(i.Led_Mode_LongOff) for Led_Mode_LongOff
    main.o(i.LedTaskFunc) refers to led.o(i.Led_Mode_Blink) for Led_Mode_Blink
    main.o(i.LedTaskFunc) refers to tasks.o(i.vTaskDelayUntil) for vTaskDelayUntil
    main.o(i.LedTaskFunc) refers to led.o(i.Led_Update_1ms) for Led_Update_1ms
    main.o(i.LedTaskFunc) refers to printfa.o(i.__0printf) for __2printf
    main.o(i.LedTaskFunc) refers to main.o(.data) for .data
    main.o(i.MainTaskFunc) refers to oled.o(i.OLED_Init) for OLED_Init
    main.o(i.MainTaskFunc) refers to usart1.o(i.USART1_ShowWaiting) for USART1_ShowWaiting
    main.o(i.MainTaskFunc) refers to oled_menu.o(i.menu_init) for menu_init
    main.o(i.MainTaskFunc) refers to usart1.o(i.USART1_Read) for USART1_Read
    main.o(i.MainTaskFunc) refers to heap_4.o(i.vPortFree) for vPortFree
    main.o(i.MainTaskFunc) refers to oled_menu.o(i.menu_update) for menu_update
    main.o(i.MainTaskFunc) refers to queue.o(i.xQueueReceive) for xQueueReceive
    main.o(i.MainTaskFunc) refers to oled_menu.o(i.menu_handle_key) for menu_handle_key
    main.o(i.MainTaskFunc) refers to main.o(.data) for .data
    main.o(i.TimeKeeperTaskFunc) refers to tasks.o(i.xTaskGetTickCount) for xTaskGetTickCount
    main.o(i.TimeKeeperTaskFunc) refers to tasks.o(i.vTaskDelayUntil) for vTaskDelayUntil
    main.o(i.TimeKeeperTaskFunc) refers to main.o(.data) for .data
    main.o(i.main) refers to misc.o(i.NVIC_PriorityGroupConfig) for NVIC_PriorityGroupConfig
    main.o(i.main) refers to systick.o(i.Clock_Init) for Clock_Init
    main.o(i.main) refers to systick.o(i.SysTick_Init) for SysTick_Init
    main.o(i.main) refers to usart1.o(i.Usart1_Init) for Usart1_Init
    main.o(i.main) refers to printfa.o(i.__0printf) for __2printf
    main.o(i.main) refers to led.o(i.Led_Init) for Led_Init
    main.o(i.main) refers to pwm.o(i.pwm_init) for pwm_init
    main.o(i.main) refers to queue.o(i.xQueueGenericCreate) for xQueueGenericCreate
    main.o(i.main) refers to tasks.o(i.xTaskCreate) for xTaskCreate
    main.o(i.main) refers to tasks.o(i.vTaskStartScheduler) for vTaskStartScheduler
    main.o(i.main) refers to main.o(.data) for .data
    main.o(i.main) refers to main.o(i.MainTaskFunc) for MainTaskFunc
    main.o(i.main) refers to main.o(i.KeyTaskFunc) for KeyTaskFunc
    main.o(i.main) refers to main.o(i.TimeKeeperTaskFunc) for TimeKeeperTaskFunc
    main.o(i.main) refers to main.o(i.LedTaskFunc) for LedTaskFunc
    stm32f10x_it.o(i.SysTick_Handler) refers to tasks.o(i.xTaskGetSchedulerState) for xTaskGetSchedulerState
    stm32f10x_it.o(i.SysTick_Handler) refers to port.o(i.xPortSysTickHandler) for xPortSysTickHandler
    system_stm32f10x.o(i.SetSysClock) refers to system_stm32f10x.o(i.SetSysClockTo48) for SetSysClockTo48
    system_stm32f10x.o(i.SystemCoreClockUpdate) refers to system_stm32f10x.o(.data) for .data
    system_stm32f10x.o(i.SystemInit) refers to system_stm32f10x.o(i.SetSysClock) for SetSysClock
    startup_stm32f10x_hd.o(RESET) refers to startup_stm32f10x_hd.o(STACK) for __initial_sp
    startup_stm32f10x_hd.o(RESET) refers to startup_stm32f10x_hd.o(.text) for Reset_Handler
    startup_stm32f10x_hd.o(RESET) refers to stm32f10x_it.o(i.NMI_Handler) for NMI_Handler
    startup_stm32f10x_hd.o(RESET) refers to stm32f10x_it.o(i.HardFault_Handler) for HardFault_Handler
    startup_stm32f10x_hd.o(RESET) refers to stm32f10x_it.o(i.MemManage_Handler) for MemManage_Handler
    startup_stm32f10x_hd.o(RESET) refers to stm32f10x_it.o(i.BusFault_Handler) for BusFault_Handler
    startup_stm32f10x_hd.o(RESET) refers to stm32f10x_it.o(i.UsageFault_Handler) for UsageFault_Handler
    startup_stm32f10x_hd.o(RESET) refers to port.o(.emb_text) for SVC_Handler
[...]
    i.key_decode_mv                          0x08003234   Section        0  key.o(i.key_decode_mv)
    key_decode_mv                            0x08003235   Thumb Code    54  key.o(i.key_decode_mv)
    i.key_init                               0x0800326c   Section        0  key.o(i.key_init)
    i.key_scan                               0x08003280   Section        0  key.o(i.key_scan)
    i.key_scan_pb10                          0x080032a4   Section        0  key.o(i.key_scan_pb10)
    key_scan_pb10                            0x080032a5   Thumb Code    26  key.o(i.key_scan_pb10)
    i.key_scan_pb11                          0x080032c4   Section        0  key.o(i.key_scan_pb11)
    key_scan_pb11                            0x080032c5   Thumb Code    26  key.o(i.key_scan_pb11)
    i.led_off_target                         0x080032e4   Section        0  led.o(i.led_off_target)
    led_off_target                           0x080032e5   Thumb Code     4  led.o(i.led_off_target)
    i.led_on_target                          0x080032e8   Section        0  led.o(i.led_on_target)
    led_on_target                            0x080032e9   Thumb Code    48  led.o(i.led_on_target)
    i.main                                   0x0800331c   Section        0  main.o(i.main)
    i.main_menu_exit                         0x080033e0   Section        0  oled_menu.o(i.main_menu_exit)
    main_menu_exit                           0x080033e1   Thumb Code     2  oled_menu.o(i.main_menu_exit)
    i.main_menu_init                         0x080033e4   Section        0  oled_menu.o(i.main_menu_init)
    main_menu_init                           0x080033e5   Thumb Code    32  oled_menu.o(i.main_menu_init)
    i.main_menu_loop                         0x0800340c   Section        0  oled_menu.o(i.main_menu_loop)
    main_menu_loop                           0x0800340d   Thumb Code    80  oled_menu.o(i.main_menu_loop)
    i.menu_handle_key                        0x08003478   Section        0  oled_menu.o(i.menu_handle_key)
    i.menu_init                              0x08003630   Section        0  oled_menu.o(i.menu_init)
    i.menu_switch                            0x080036ec   Section        0  oled_menu.o(i.menu_switch)
    i.menu_update                            0x08003720   Section        0  oled_menu.o(i.menu_update)
    i.prvAddCurrentTaskToDelayedList         0x0800373c   Section        0  tasks.o(i.prvAddCurrentTaskToDelayedList)
    prvAddCurrentTaskToDelayedList           0x0800373d   Thumb Code    86  tasks.o(i.prvAddCurrentTaskToDelayedList)
    i.prvAddNewTaskToReadyList               0x0800379c   Section        0  tasks.o(i.prvAddNewTaskToReadyList)
    prvAddNewTaskToReadyList                 0x0800379d   Thumb Code   124  tasks.o(i.prvAddNewTaskToReadyList)
    i.prvCheckForValidListAndQueue           0x08003824   Section        0  timers.o(i.prvCheckForValidListAndQueue)
    prvCheckForValidListAndQueue             0x08003825   Thumb Code    62  timers.o(i.prvCheckForValidListAndQueue)
    i.prvCheckTasksWaitingTermination        0x08003874   Section        0  tasks.o(i.prvCheckTasksWaitingTermination)
    prvCheckTasksWaitingTermination          0x08003875   Thumb Code    52  tasks.o(i.prvCheckTasksWaitingTermination)
    i.prvCopyDataFromQueue                   0x080038b0   Section        0  queue.o(i.prvCopyDataFromQueue)
    prvCopyDataFromQueue                     0x080038b1   Thumb Code    40  queue.o(i.prvCopyDataFromQueue)
    i.prvCopyDataToQueue                     0x080038d8   Section        0  queue.o(i.prvCopyDataToQueue)
    prvCopyDataToQueue                       0x080038d9   Thumb Code   110  queue.o(i.prvCopyDataToQueue)
    i.prvDeleteTCB                           0x08003946   Section        0  tasks.o(i.prvDeleteTCB)
    prvDeleteTCB                             0x08003947   Thumb Code    20  tasks.o(i.prvDeleteTCB)
    i.prvGetNextExpireTime                   0x0800395c   Section        0  timers.o(i.prvGetNextExpireTime)
    prvGetNextExpireTime                     0x0800395d   Thumb Code    30  timers.o(i.prvGetNextExpireTime)
    i.prvHeapInit                            0x08003980   Section        0  heap_4.o(i.prvHeapInit)
    prvHeapInit                              0x08003981   Thumb Code    68  heap_4.o(i.prvHeapInit)
    i.prvIdleTask                            0x080039cc   Section        0  tasks.o(i.prvIdleTask)
    prvIdleTask                              0x080039cd   Thumb Code    30  tasks.o(i.prvIdleTask)
    i.prvInitialiseNewQueue                  0x080039f4   Section        0  queue.o(i.prvInitialiseNewQueue)
    prvInitialiseNewQueue                    0x080039f5   Thumb Code    34  queue.o(i.prvInitialiseNewQueue)
    i.prvInitialiseNewTask                   0x08003a16   Section        0  tasks.o(i.prvInitialiseNewTask)
    prvInitialiseNewTask                     0x08003a17   Thumb Code   154  tasks.o(i.prvInitialiseNewTask)
    i.prvInitialiseTaskLists                 0x08003ab0   Section        0  tasks.o(i.prvInitialiseTaskLists)
    prvInitialiseTaskLists                   0x08003ab1   Thumb Code    74  tasks.o(i.prvInitialiseTaskLists)
    i.prvInsertBlockIntoFreeList             0x08003b08   Section        0  heap_4.o(i.prvInsertBlockIntoFreeList)
    prvInsertBlockIntoFreeList               0x08003b09   Thumb Code    78  heap_4.o(i.prvInsertBlockIntoFreeList)
    i.prvInsertTimerInActiveList             0x08003b5c   Section        0  timers.o(i.prvInsertTimerInActiveList)
    prvInsertTimerInActiveList               0x08003b5d   Thumb Code    60  timers.o(i.prvInsertTimerInActiveList)
    i.prvIsQueueEmpty                        0x08003b9c   Section        0  queue.o(i.prvIsQueueEmpty)
    prvIsQueueEmpty                          0x08003b9d   Thumb Code    26  queue.o(i.prvIsQueueEmpty)
    i.prvIsQueueFull                         0x08003bb6   Section        0  queue.o(i.prvIsQueueFull)
    prvIsQueueFull                           0x08003bb7   Thumb Code    30  queue.o(i.prvIsQueueFull)
    i.prvProcessExpiredTimer                 0x08003bd4   Section        0  timers.o(i.prvProcessExpiredTimer)
    prvProcessExpiredTimer                   0x08003bd5   Thumb Code    88  timers.o(i.prvProcessExpiredTimer)
    i.prvProcessReceivedCommands             0x08003c30   Section        0  timers.o(i.prvProcessReceivedCommands)
    prvProcessReceivedCommands               0x08003c31   Thumb Code   192  timers.o(i.prvProcessReceivedCommands)
    i.prvProcessTimerOrBlockTask             0x08003cf4   Section        0  timers.o(i.prvProcessTimerOrBlockTask)
    prvProcessTimerOrBlockTask               0x08003cf5   Thumb Code   100  timers.o(i.prvProcessTimerOrBlockTask)
    i.prvResetNextTaskUnblockTime            0x08003d60   Section        0  tasks.o(i.prvResetNextTaskUnblockTime)
    prvResetNextTaskUnblockTime              0x08003d61   Thumb Code    30  tasks.o(i.prvResetNextTaskUnblockTime)
    i.prvSampleTimeNow                       0x08003d84   Section        0  timers.o(i.prvSampleTimeNow)
    prvSampleTimeNow                         0x08003d85   Thumb Code    38  timers.o(i.prvSampleTimeNow)
    i.prvSwitchTimerLists                    0x08003db0   Section        0  timers.o(i.prvSwitchTimerLists)
    prvSwitchTimerLists                      0x08003db1   Thumb Code   104  timers.o(i.prvSwitchTimerLists)
    i.prvTaskExitError                       0x08003e1c   Section        0  port.o(i.prvTaskExitError)
    prvTaskExitError                         0x08003e1d   Thumb Code    40  port.o(i.prvTaskExitError)
    i.prvTimerTask                           0x08003e48   Section        0  timers.o(i.prvTimerTask)
    prvTimerTask                             0x08003e49   Thumb Code    20  timers.o(i.prvTimerTask)
    i.prvUnlockQueue                         0x08003e5c   Section        0  queue.o(i.prvUnlockQueue)
    prvUnlockQueue                           0x08003e5d   Thumb Code   106  queue.o(i.prvUnlockQueue)
    i.pvPortMalloc                           0x08003ec8   Section        0  heap_4.o(i.pvPortMalloc)
    i.pwm_get_duty                           0x08003f9c   Section        0  pwm.o(i.pwm_get_duty)
    i.pwm_init                               0x08003fb8   Section        0  pwm.o(i.pwm_init)
    i.pwm_menu_exit                          0x080040c0   Section        0  oled_menu.o(i.pwm_menu_exit)
    pwm_menu_exit                            0x080040c1   Thumb Code    22  oled_menu.o(i.pwm_menu_exit)
    i.pwm_menu_init                          0x080040d8   Section        0  oled_menu.o(i.pwm_menu_init)
    pwm_menu_init                            0x080040d9   Thumb Code    86  oled_menu.o(i.pwm_menu_init)
    i.pwm_menu_loop                          0x08004148   Section        0  oled_menu.o(i.pwm_menu_loop)
    pwm_menu_loop                            0x08004149   Thumb Code    74  oled_menu.o(i.pwm_menu_loop)
    i.pwm_set_duty                           0x08004198   Section        0  pwm.o(i.pwm_set_duty)
    i.pxPortInitialiseStack                  0x080041c8   Section        0  port.o(i.pxPortInitialiseStack)
    i.uart_receive_menu_exit                 0x080041e4   Section        0  oled_menu.o(i.uart_receive_menu_exit)
    uart_receive_menu_exit                   0x080041e5   Thumb Code     2  oled_menu.o(i.uart_receive_menu_exit)
    i.uart_receive_menu_init                 0x080041e8   Section        0  oled_menu.o(i.uart_receive_menu_init)
    uart_receive_menu_init                   0x080041e9   Thumb Code    34  oled_menu.o(i.uart_receive_menu_init)
    i.uart_receive_menu_loop                 0x08004224   Section        0  oled_menu.o(i.uart_receive_menu_loop)
    uart_receive_menu_loop                   0x08004225   Thumb Code    12  oled_menu.o(i.uart_receive_menu_loop)
    i.uxListRemove                           0x08004238   Section        0  list.o(i.uxListRemove)
    i.vListInitialise                        0x0800425e   Section        0  list.o(i.vListInitialise)
    i.vListInitialiseItem                    0x08004274   Section        0  list.o(i.vListInitialiseItem)
    i.vListInsert                            0x0800427a   Section        0  list.o(i.vListInsert)
    i.vListInsertEnd                         0x080042aa   Section        0  list.o(i.vListInsertEnd)
    i.vPortEnterCritical                     0x080042c4   Section        0  port.o(i.vPortEnterCritical)
    i.vPortExitCritical                      0x08004304   Section        0  port.o(i.vPortExitCritical)
    i.vPortFree                              0x08004330   Section        0  heap_4.o(i.vPortFree)
    i.vPortSetupTimerInterrupt               0x0800438c   Section        0  port.o(i.vPortSetupTimerInterrupt)
    i.vPortValidateInterruptPriority         0x080043b0   Section        0  port.o(i.vPortValidateInterruptPriority)
    i.vQueueAddToRegistry                    0x08004404   Section        0  queue.o(i.vQueueAddToRegistry)
    i.vQueueWaitForMessageRestricted         0x08004428   Section        0  queue.o(i.vQueueWaitForMessageRestricted)
    i.vTaskDelay                             0x08004470   Section        0  tasks.o(i.vTaskDelay)
    i.vTaskDelayUntil                        0x080044c0   Section        0  tasks.o(i.vTaskDelayUntil)
    i.vTaskInternalSetTimeOutState           0x08004558   Section        0  tasks.o(i.vTaskInternalSetTimeOutState)
    i.vTaskMissedYield                       0x08004568   Section        0  tasks.o(i.vTaskMissedYield)
    i.vTaskPlaceOnEventList                  0x08004574   Section        0  tasks.o(i.vTaskPlaceOnEventList)
    i.vTaskPlaceOnEventListRestricted        0x080045a8   Section        0  tasks.o(i.vTaskPlaceOnEventListRestricted)
    i.vTaskStartScheduler                    0x080045e4   Section        0  tasks.o(i.vTaskStartScheduler)
    i.vTaskSuspendAll                        0x08004654   Section        0  tasks.o(i.vTaskSuspendAll)
    i.vTaskSwitchContext                     0x08004664   Section        0  tasks.o(i.vTaskSwitchContext)
    i.xPortStartScheduler                    0x080046cc   Section        0  port.o(i.xPortStartScheduler)
    i.xPortSysTickHandler                    0x08004774   Section        0  port.o(i.xPortSysTickHandler)
    i.xQueueGenericCreate                    0x080047a0   Section        0  queue.o(i.xQueueGenericCreate)
    i.xQueueGenericReset                     0x080047e4   Section        0  queue.o(i.xQueueGenericReset)
    i.xQueueGenericSend                      0x08004870   Section        0  queue.o(i.xQueueGenericSend)
    i.xQueueGenericSendFromISR               0x080049d4   Section        0  queue.o(i.xQueueGenericSendFromISR)
    i.xQueueReceive                          0x08004a94   Section        0  queue.o(i.xQueueReceive)
    i.xTaskCheckForTimeOut                   0x08004bd0   Section        0  tasks.o(i.xTaskCheckForTimeOut)
    i.xTaskCreate                            0x08004c4c   Section        0  tasks.o(i.xTaskCreate)
    i.xTaskGetSchedulerState                 0x08004cac   Section        0  tasks.o(i.xTaskGetSchedulerState)
    i.xTaskGetTickCount                      0x08004cc8   Section        0  tasks.o(i.xTaskGetTickCount)
    i.xTaskIncrementTick                     0x08004cd4   Section        0  tasks.o(i.xTaskIncrementTick)
    i.xTaskPriorityDisinherit                0x08004da0   Section        0  tasks.o(i.xTaskPriorityDisinherit)
    i.xTaskRemoveFromEventList               0x08004e1c   Section        0  tasks.o(i.xTaskRemoveFromEventList)
    i.xTaskResumeAll                         0x08004e94   Section        0  tasks.o(i.xTaskResumeAll)
    i.xTimerCreateTimerTask                  0x08004f5c   Section        0  timers.o(i.xTimerCreateTimerTask)
    i.xTimerGenericCommand                   0x08004fa8   Section        0  timers.o(i.xTimerGenericCommand)
    .constdata                               0x08005014   Section     6080  oled.o(.constdata)
    .data                                    0x20000000   Section       12  main.o(.data)
    .data                                    0x2000000c   Section       20  system_stm32f10x.o(.data)
    .data                                    0x20000020   Section        8  oled_menu.o(.data)
    current_menu                             0x20000020   Data           1  oled_menu.o(.data)
    current_pwm_channel                      0x20000021   Data           1  oled_menu.o(.data)
    adc_display_mode                         0x20000022   Data           1  oled_menu.o(.data)
    gpio_output_state                        0x20000023   Data           1  oled_menu.o(.data)
    last                                     0x20000024   Data           4  oled_menu.o(.data)
    .data                                    0x20000028   Section       16  key.o(.data)
    key_adc_mv                               0x20000028   Data           4  key.o(.data)
    pa_adc_mv                                0x2000002c   Data           4  key.o(.data)
    adc_dma_buffer                           0x20000030   Data           8  key.o(.data)
    .data                                    0x20000038   Section       20  stm32f10x_rcc.o(.data)
    ADCPrescTable                            0x20000038   Data           4  stm32f10x_rcc.o(.data)
    APBAHBPrescTable                         0x2000003c   Data          16  stm32f10x_rcc.o(.data)
    .data                                    0x2000004c   Section       36  led.o(.data)
    g_mode                                   0x2000004c   Data           1  led.o(.data)
    g_brightness                             0x2000004d   Data           1  led.o(.data)
    g_brightness_cur                         0x2000004e   Data           1  led.o(.data)
    g_breath_up                              0x2000004f   Data           1  led.o(.data)
    g_target_led                             0x20000050   Data           1  led.o(.data)
    g_pwm_cycle_ms                           0x20000051   Data           1  led.o(.data)
    g_pwm_phase_ms                           0x20000052   Data           1  led.o(.data)
    g_pwm_on_ms                              0x20000053   Data           1  led.o(.data)
    on_state                                 0x20000054   Data           1  led.o(.data)
    g_breath_time_ms                         0x20000056   Data           2  led.o(.data)
    g_blink_count                            0x20000058   Data           2  led.o(.data)
    g_single_blink_time_ms                   0x2000005a   Data           2  led.o(.data)
    g_blink_done                             0x2000005c   Data           2  led.o(.data)
    g_pwm_err_acc                            0x2000005e   Data           2  led.o(.data)
    g_sustain_blink_time_ms                  0x20000060   Data           4  led.o(.data)
    g_acc_ms                                 0x20000064   Data           4  led.o(.data)
    phase_ms                                 0x20000068   Data           4  led.o(.data)
    run_ms                                   0x2000006c   Data           4  led.o(.data)
    .data                                    0x20000070   Section        8  usart1.o(.data)
    frame_index                              0x20000070   Data           1  usart1.o(.data)
    is_receiving_frame                       0x20000071   Data           1  usart1.o(.data)
    initialized                              0x20000072   Data           1  usart1.o(.data)
    .data                                    0x20000078   Section        4  usart2.o(.data)
    uartRecv_Queue                           0x20000078   Data           4  usart2.o(.data)
    .data                                    0x2000007c   Section        2  pwm.o(.data)
    pwm1_duty                                0x2000007c   Data           1  pwm.o(.data)
    pwm2_duty                                0x2000007d   Data           1  pwm.o(.data)
    .data                                    0x20000080   Section       60  tasks.o(.data)
    pxDelayedTaskList                        0x20000084   Data           4  tasks.o(.data)
    pxOverflowDelayedTaskList                0x20000088   Data           4  tasks.o(.data)
    uxDeletedTasksWaitingCleanUp             0x2000008c   Data           4  tasks.o(.data)
    uxCurrentNumberOfTasks                   0x20000090   Data           4  tasks.o(.data)
    xTickCount                               0x20000094   Data           4  tasks.o(.data)
    uxTopReadyPriority                       0x20000098   Data           4  tasks.o(.data)
    xSchedulerRunning                        0x2000009c   Data           4  tasks.o(.data)
    uxPendedTicks                            0x200000a0   Data           4  tasks.o(.data)
    xYieldPending                            0x200000a4   Data           4  tasks.o(.data)
    xNumOfOverflows                          0x200000a8   Data           4  tasks.o(.data)
    uxTaskNumber                             0x200000ac   Data           4  tasks.o(.data)
    xNextTaskUnblockTime                     0x200000b0   Data           4  tasks.o(.data)
    xIdleTaskHandle                          0x200000b4   Data           4  tasks.o(.data)
    uxSchedulerSuspended                     0x200000b8   Data           4  tasks.o(.data)
    .data                                    0x200000bc   Section       20  timers.o(.data)
    pxCurrentTimerList                       0x200000bc   Data           4  timers.o(.data)
    pxOverflowTimerList                      0x200000c0   Data           4  timers.o(.data)
    xTimerQueue                              0x200000c4   Data           4  timers.o(.data)
    xTimerTaskHandle                         0x200000c8   Data           4  timers.o(.data)
    xLastTime                                0x200000cc   Data           4  timers.o(.data)
    .data                                    0x200000d0   Section       24  heap_4.o(.data)
    pxEnd                                    0x200000d0   Data           4  heap_4.o(.data)
    xFreeBytesRemaining                      0x200000d4   Data           4  heap_4.o(.data)
    xMinimumEverFreeBytesRemaining           0x200000d8   Data           4  heap_4.o(.data)
    xBlockAllocatedBit                       0x200000dc   Data           4  heap_4.o(.data)
    xStart                                   0x200000e0   Data           8  heap_4.o(.data)
    .data                                    0x200000e8   Section       12  port.o(.data)
    ucMaxSysCallPriority                     0x200000e8   Data           1  port.o(.data)
    uxCriticalNesting                        0x200000ec   Data           4  port.o(.data)
    ulMaxPRIGROUPValue                       0x200000f0   Data           4  port.o(.data)
    .data                                    0x200000f4   Section        4  stdout.o(.data)
    .bss                                     0x200000f8   Section       84  oled_menu.o(.bss)
    menu_init_funcs                          0x200000f8   Data          28  oled_menu.o(.bss)
    menu_loop_funcs                          0x20000114   Data          28  oled_menu.o(.bss)
    menu_exit_funcs                          0x20000130   Data          28  oled_menu.o(.bss)
    .bss                                     0x2000014c   Section     1356  usart1.o(.bss)
    USART1_TX_Buff                           0x2000014c   Data         128  usart1.o(.bss)
    USART1_RX_Buff                           0x200001cc   Data         128  usart1.o(.bss)
    usart1Fifo                               0x2000024c   Data        1036  usart1.o(.bss)
    frame_buffer                             0x20000658   Data          64  usart1.o(.bss)
    .bss                                     0x20000698   Section       16  usart2.o(.bss)
    uartRecv                                 0x20000698   Data          16  usart2.o(.bss)
    .bss                                     0x200006a8   Section       64  queue.o(.bss)
    .bss                                     0x200006e8   Section     1220  tasks.o(.bss)
    pxReadyTasksLists                        0x200006e8   Data        1120  tasks.o(.bss)
    xDelayedTaskList1                        0x20000b48   Data          20  tasks.o(.bss)
    xDelayedTaskList2                        0x20000b5c   Data          20  tasks.o(.bss)
    xPendingReadyList                        0x20000b70   Data          20  tasks.o(.bss)
    xTasksWaitingTermination                 0x20000b84   Data          20  tasks.o(.bss)
    xSuspendedTaskList                       0x20000b98   Data          20  tasks.o(.bss)
    .bss                                     0x20000bac   Section       40  timers.o(.bss)
    xActiveTimerList1                        0x20000bac   Data          20  timers.o(.bss)
    xActiveTimerList2                        0x20000bc0   Data          20  timers.o(.bss)
    .bss                                     0x20000bd4   Section    15360  heap_4.o(.bss)
    ucHeap                                   0x20000bd4   Data       15360  heap_4.o(.bss)
    .bss                                     0x200047d4   Section     1024  oled.o(.bss)
    OLED_GRAM                                0x200047d4   Data        1024  oled.o(.bss)
    STACK                                    0x20004bd8   Section     1024  startup_stm32f10x_hd.o(STACK)

    Global Symbols

    Symbol Name                              Value     Ov Type        Size  Object(Section)

    BuildAttributes$$THM_ISAv4$P$D$K$B$S$PE$A:L22UL41UL21$X:L11$S22US41US21$IEEE1$IW$USESV6$~STKCKD$USESV7$~SHL$OTIME$ROPI$EBA8$MICROLIB$REQ8$PRES8$EABIv2 0x00000000   Number         0  anon$$obj.o ABSOLUTE
    __ARM_use_no_argv                        0x00000000   Number         0  main.o ABSOLUTE
    _printf_a                                0x00000000   Number         0  stubs.o ABSOLUTE
    _printf_c                                0x00000000   Number         0  stubs.o ABSOLUTE
    _printf_charcount                        0x00000000   Number         0  stubs.o ABSOLUTE
    _printf_d                                0x00000000   Number         0  stubs.o ABSOLUTE
    _printf_e                                0x00000000   Number         0  stubs.o ABSOLUTE
    _printf_f                                0x00000000   Number         0  stubs.o ABSOLUTE
    _printf_flags                            0x00000000   Number         0  stubs.o ABSOLUTE
    _printf_fp_dec                           0x00000000   Number         0  stubs.o ABSOLUTE
    _printf_fp_hex                           0x00000000   Number         0  stubs.o ABSOLUTE
    _printf_g                                0x00000000   Number         0  stubs.o ABSOLUTE
    _printf_i                                0x00000000   Number         0  stubs.o ABSOLUTE
    _printf_int_dec                          0x00000000   Number         0  stubs.o ABSOLUTE
    _printf_l                                0x00000000   Number         0  stubs.o ABSOLUTE
    _printf_lc                               0x00000000   Number         0  stubs.o ABSOLUTE
    _printf_ll                               0x00000000   Number         0  stubs.o ABSOLUTE
    _printf_lld                              0x00000000   Number         0  stubs.o ABSOLUTE
    _printf_lli                              0x00000000   Number         0  stubs.o ABSOLUTE
    _printf_llo                              0x00000000   Number         0  stubs.o ABSOLUTE
    _printf_llu                              0x00000000   Number         0  stubs.o ABSOLUTE
    _printf_llx                              0x00000000   Number         0  stubs.o ABSOLUTE
    _printf_longlong_dec                     0x00000000   Number         0  stubs.o ABSOLUTE
    _printf_longlong_hex                     0x00000000   Number         0  stubs.o ABSOLUTE
    _printf_longlong_oct                     0x00000000   Number         0  stubs.o ABSOLUTE
    _printf_ls                               0x00000000   Number         0  stubs.o ABSOLUTE
    _printf_mbtowc                           0x00000000   Number         0  stubs.o ABSOLUTE
    _printf_n                                0x00000000   Number         0  stubs.o ABSOLUTE
    _printf_o                                0x00000000   Number         0  stubs.o ABSOLUTE
    _printf_p                                0x00000000   Number         0  stubs.o ABSOLUTE
    _printf_percent                          0x00000000   Number         0  stubs.o ABSOLUTE
    _printf_pre_padding                      0x00000000   Number         0  stubs.o ABSOLUTE
    _printf_return_value                     0x00000000   Number         0  stubs.o ABSOLUTE
    _printf_s                                0x00000000   Number         0  stubs.o ABSOLUTE
    _printf_sizespec                         0x00000000   Number         0  stubs.o ABSOLUTE
    _printf_str                              0x00000000   Number         0  stubs.o ABSOLUTE
    _printf_truncate_signed                  0x00000000   Number         0  stubs.o ABSOLUTE
    _printf_truncate_unsigned                0x00000000   Number         0  stubs.o ABSOLUTE
    _printf_u                                0x00000000   Number         0  stubs.o ABSOLUTE
    _printf_wc                               0x00000000   Number         0  stubs.o ABSOLUTE
    _printf_wctomb                           0x00000000   Number         0  stubs.o ABSOLUTE
    _printf_widthprec                        0x00000000   Number         0  stubs.o ABSOLUTE
    _printf_x                                0x00000000   Number         0  stubs.o ABSOLUTE
    __cpp_initialize__aeabi_                  - Undefined Weak Reference
    __cxa_finalize                            - Undefined Weak Reference
    __decompress                              - Undefined Weak Reference
    _clock_init                               - Undefined Weak Reference
    _microlib_exit                            - Undefined Weak Reference
    __Vectors_Size                           0x00000130   Number         0  startup_stm32f10x_hd.o ABSOLUTE
    __Vectors                                0x08000000   Data           4  startup_stm32f10x_hd.o(RESET)
    __Vectors_End                            0x08000130   Data           0  startup_stm32f10x_hd.o(RESET)
    __main                                   0x08000131   Thumb Code     0  entry.o(.ARM.Collect$$$$00000000)
    _main_stk                                0x08000131   Thumb Code     0  entry2.o(.ARM.Collect$$$$00000001)
    _main_scatterload                        0x08000135   Thumb Code     0  entry5.o(.ARM.Collect$$$$00000004)
    __main_after_scatterload                 0x08000139   Thumb Code     0  entry5.o(.ARM.Collect$$$$00000004)
    _main_clock                              0x08000139   Thumb Code     0  entry7b.o(.ARM.Collect$$$$00000008)
    _main_cpp_init                           0x08000139   Thumb Code     0  entry8b.o(.ARM.Collect$$$$0000000A)
    _main_init                               0x08000139   Thumb Code     0  entry9a.o(.ARM.Collect$$$$0000000B)
    __rt_final_cpp                           0x08000141   Thumb Code     0  entry10a.o(.ARM.Collect$$$$0000000D)
    __rt_final_exit                          0x08000141   Thumb Code     0  entry11a.o(.ARM.Collect$$$$0000000F)
    SVC_Handler                              0x08000145   Thumb Code    32  port.o(.emb_text)
    __asm___6_port_c_39a90d8d__prvStartFirstTask 0x08000169   Thumb Code    28  port.o(.emb_text)
    PendSV_Handler                           0x08000189   Thumb Code    72  port.o(.emb_text)
    vPortGetIPSR                             0x080001d5   Thumb Code     6  port.o(.emb_text)
    Reset_Handler                            0x080001dd   Thumb Code     8  startup_stm32f10x_hd.o(.text)
    ADC1_2_IRQHandler                        0x080001f7   Thumb Code     0  startup_stm32f10x_hd.o(.text)
    ADC3_IRQHandler                          0x080001f7   Thumb Code     0  startup_stm32f10x_hd.o(.text)
    CAN1_RX1_IRQHandler                      0x080001f7   Thumb Code     0  startup_stm32f10x_hd.o(.text)
    CAN1_SCE_IRQHandler                      0x080001f7   Thumb Code     0  startup_stm32f10x_hd.o(.text)
    DMA1_Channel1_IRQHandler                 0x080001f7   Thumb Code     0  startup_stm32f10x_hd.o(.text)
    DMA1_Channel2_IRQHandler                 0x080001f7   Thumb Code     0  startup_stm32f10x_hd.o(.text)
    DMA1_Channel3_IRQHandler                 0x080001f7   Thumb Code     0  startup_stm32f10x_hd.o(.text)
    DMA1_Channel4_IRQHandler                 0x080001f7   Thumb Code     0  startup_stm32f10x_hd.o(.text)
    DMA1_Channel6_IRQHandler                 0x080001f7   Thumb Code     0  startup_stm32f10x_hd.o(.text)
    DMA1_Channel7_IRQHandler                 0x080001f7   Thumb Code     0  startup_stm32f10x_hd.o(.text)
    DMA2_Channel1_IRQHandler                 0x080001f7   Thumb Code     0  startup_stm32f10x_hd.o(.text)
    DMA2_Channel2_IRQHandler                 0x080001f7   Thumb Code     0  startup_stm32f10x_hd.o(.text)
    DMA2_Channel3_IRQHandler                 0x080001f7   Thumb Code     0  startup_stm32f10x_hd.o(.text)
    DMA2_Channel4_5_IRQHandler               0x080001f7   Thumb Code     0  startup_stm32f10x_hd.o(.text)
    EXTI0_IRQHandler                         0x080001f7   Thumb Code     0  startup_stm32f10x_hd.o(.text)
    EXTI15_10_IRQHandler                     0x080001f7   Thumb Code     0  startup_stm32f10x_hd.o(.text)
    EXTI1_IRQHandler                         0x080001f7   Thumb Code     0  startup_stm32f10x_hd.o(.text)
    EXTI2_IRQHandler                         0x080001f7   Thumb Code     0  startup_stm32f10x_hd.o(.text)
    EXTI3_IRQHandler                         0x080001f7   Thumb Code     0  startup_stm32f10x_hd.o(.text)
    EXTI4_IRQHandler                         0x080001f7   Thumb Code     0  startup_stm32f10x_hd.o(.text)
    EXTI9_5_IRQHandler                       0x080001f7   Thumb Code     0  startup_stm32f10x_hd.o(.text)
    FLASH_IRQHandler                         0x080001f7   Thumb Code     0  startup_stm32f10x_hd.o(.text)
    FSMC_IRQHandler                          0x080001f7   Thumb Code     0  startup_stm32f10x_hd.o(.text)
    I2C1_ER_IRQHandler                       0x080001f7   Thumb Code     0  startup_stm32f10x_hd.o(.text)
    I2C1_EV_IRQHandler                       0x080001f7   Thumb Code     0  startup_stm32f10x_hd.o(.text)
    I2C2_ER_IRQHandler                       0x080001f7   Thumb Code     0  startup_stm32f10x_hd.o(.text)
    I2C2_EV_IRQHandler                       0x080001f7   Thumb Code     0  startup_stm32f10x_hd.o(.text)
    PVD_IRQHandler                           0x080001f7   Thumb Code     0  startup_stm32f10x_hd.o(.text)
    RCC_IRQHandler                           0x080001f7   Thumb Code     0  startup_stm32f10x_hd.o(.text)
    RTCAlarm_IRQHandler                      0x080001f7   Thumb Code     0  startup_stm32f10x_hd.o(.text)
    RTC_IRQHandler                           0x080001f7   Thumb Code     0  startup_stm32f10x_hd.o(.text)
    SDIO_IRQHandler                          0x080001f7   Thumb Code     0  startup_stm32f10x_hd.o(.text)
    SPI1_IRQHandler                          0x080001f7   Thumb Code     0  startup_stm32f10x_hd.o(.text)
    SPI2_IRQHandler                          0x080001f7   Thumb Code     0  startup_stm32f10x_hd.o(.text)
    SPI3_IRQHandler                          0x080001f7   Thumb Code     0  startup_stm32f10x_hd.o(.text)
    TAMPER_IRQHandler                        0x080001f7   Thumb Code     0  startup_stm32f10x_hd.o(.text)
    TIM1_BRK_IRQHandler                      0x080001f7   Thumb Code     0  startup_stm32f10x_hd.o(.text)
    TIM1_CC_IRQHandler                       0x080001f7   Thumb Code     0  startup_stm32f10x_hd.o(.text)
    TIM1_TRG_COM_IRQHandler                  0x080001f7   Thumb Code     0  startup_stm32f10x_hd.o(.text)
    TIM1_UP_IRQHandler                       0x080001f7   Thumb Code     0  startup_stm32f10x_hd.o(.text)
    TIM2_IRQHandler                          0x080001f7   Thumb Code     0  startup_stm32f10x_hd.o(.text)
    TIM3_IRQHandler                          0x080001f7   Thumb Code     0  startup_stm32f10x_hd.o(.text)
    TIM4_IRQHandler                          0x080001f7   Thumb Code     0  startup_stm32f10x_hd.o(.text)
    TIM5_IRQHandler                          0x080001f7   Thumb Code     0  startup_stm32f10x_hd.o(.text)
    TIM6_IRQHandler                          0x080001f7   Thumb Code     0  startup_stm32f10x_hd.o(.text)
    TIM7_IRQHandler                          0x080001f7   Thumb Code     0  startup_stm32f10x_hd.o(.text)
    TIM8_BRK_IRQHandler                      0x080001f7   Thumb Code     0  startup_stm32f10x_hd.o(.text)
    TIM8_CC_IRQHandler                       0x080001f7   Thumb Code     0  startup_stm32f10x_hd.o(.text)
    TIM8_TRG_COM_IRQHandler                  0x080001f7   Thumb Code     0  startup_stm32f10x_hd.o(.text)
    TIM8_UP_IRQHandler                       0x080001f7   Thumb Code     0  startup_stm32f10x_hd.o(.text)
    UART4_IRQHandler                         0x080001f7   Thumb Code     0  startup_stm32f10x_hd.o(.text)
    UART5_IRQHandler                         0x080001f7   Thumb Code     0  startup_stm32f10x_hd.o(.text)
    USART3_IRQHandler                        0x080001f7   Thumb Code     0  startup_stm32f10x_hd.o(.text)
    USBWakeUp_IRQHandler                     0x080001f7   Thumb Code     0  startup_stm32f10x_hd.o(.text)
    USB_HP_CAN1_TX_IRQHandler                0x080001f7   Thumb Code     0  startup_stm32f10x_hd.o(.text)
    USB_LP_CAN1_RX0_IRQHandler               0x080001f7   Thumb Code     0  startup_stm32f10x_hd.o(.text)
    WWDG_IRQHandler                          0x080001f7   Thumb Code     0  startup_stm32f10x_hd.o(.text)
    __aeabi_memcpy                           0x08000201   Thumb Code    36  memcpya.o(.text)
    __aeabi_memcpy4                          0x08000201   Thumb Code     0  memcpya.o(.text)
    __aeabi_memcpy8                          0x08000201   Thumb Code     0  memcpya.o(.text)
    __aeabi_memset                           0x08000225   Thumb Code    14  memseta.o(.text)
    __aeabi_memset4                          0x08000225   Thumb Code     0  memseta.o(.text)
    __aeabi_memset8                          0x08000225   Thumb Code     0  memseta.o(.text)
    __aeabi_memclr                           0x08000233   Thumb Code     4  memseta.o(.text)
    __aeabi_memclr4                          0x08000233   Thumb Code     0  memseta.o(.text)
    __aeabi_memclr8                          0x08000233   Thumb Code     0  memseta.o(.text)
    memset                                   0x08000237   Thumb Code    18  memseta.o(.text)
    __aeabi_dmul                             0x08000249   Thumb Code   228  dmul.o(.text)
    __aeabi_ui2d                             0x0800032d   Thumb Code    26  dfltui.o(.text)
    __aeabi_d2uiz                            0x08000347   Thumb Code    50  dfixui.o(.text)
    __aeabi_uidiv                            0x08000379   Thumb Code     0  uidiv.o(.text)
    __aeabi_uidivmod                         0x08000379   Thumb Code    44  uidiv.o(.text)
    __aeabi_uldivmod                         0x080003a5   Thumb Code    98  uldiv.o(.text)
    __aeabi_llsr                             0x08000407   Thumb Code    32  llushr.o(.text)
    _ll_ushift_r                             0x08000407   Thumb Code     0  llushr.o(.text)
    __I$use$fp                               0x08000427   Thumb Code     0  iusefp.o(.text)
    _double_round                            0x08000427   Thumb Code    30  depilogue.o(.text)
    _double_epilogue                         0x08000445   Thumb Code   156  depilogue.o(.text)
    __aeabi_dadd                             0x080004e1   Thumb Code   322  dadd.o(.text)
    __aeabi_dsub                             0x08000623   Thumb Code     6  dadd.o(.text)
    __aeabi_drsub                            0x08000629   Thumb Code     6  dadd.o(.text)
    __aeabi_ddiv                             0x0800062f   Thumb Code   222  ddiv.o(.text)
    __aeabi_d2ulz                            0x0800070d   Thumb Code    48  dfixul.o(.text)
    __aeabi_cdrcmple                         0x0800073d   Thumb Code    48  cdrcmple.o(.text)
    __scatterload                            0x0800076d   Thumb Code    28  init.o(.text)
    __scatterload_rt2                        0x0800076d   Thumb Code     0  init.o(.text)
    __aeabi_llsl                             0x08000791   Thumb Code    30  llshl.o(.text)
    _ll_shift_l                              0x08000791   Thumb Code     0  llshl.o(.text)
    __aeabi_lasr                             0x080007af   Thumb Code    36  llsshr.o(.text)
    _ll_sshift_r                             0x080007af   Thumb Code     0  llsshr.o(.text)
    ADC_Cmd                                  0x080007d3   Thumb Code    24  stm32f10x_adc.o(i.ADC_Cmd)
    ADC_DMACmd                               0x080007eb   Thumb Code    24  stm32f10x_adc.o(i.ADC_DMACmd)
    ADC_GetCalibrationStatus                 0x08000803   Thumb Code    14  stm32f10x_adc.o(i.ADC_GetCalibrationStatus)
    ADC_GetResetCalibrationStatus            0x08000811   Thumb Code    14  stm32f10x_adc.o(i.ADC_GetResetCalibrationStatus)
    ADC_Init                                 0x08000821   Thumb Code    62  stm32f10x_adc.o(i.ADC_Init)
    ADC_RegularChannelConfig                 0x08000869   Thumb Code   116  stm32f10x_adc.o(i.ADC_RegularChannelConfig)
    ADC_ResetCalibration                     0x080008dd   Thumb Code    10  stm32f10x_adc.o(i.ADC_ResetCalibration)
    ADC_SoftwareStartConvCmd                 0x080008e7   Thumb Code    24  stm32f10x_adc.o(i.ADC_SoftwareStartConvCmd)
    ADC_StartCalibration                     0x080008ff   Thumb Code    10  stm32f10x_adc.o(i.ADC_StartCalibration)
    BusFault_Handler                         0x08000909   Thumb Code     2  stm32f10x_it.o(i.BusFault_Handler)
    Clock_Init                               0x0800090b   Thumb Code    84  systick.o(i.Clock_Init)
    DMA1_Channel5_IRQHandler                 0x08000961   Thumb Code    96  usart1.o(i.DMA1_Channel5_IRQHandler)
    DMA_ClearFlag                            0x080009c5   Thumb Code    16  stm32f10x_dma.o(i.DMA_ClearFlag)
    DMA_ClearITPendingBit                    0x080009dd   Thumb Code    16  stm32f10x_dma.o(i.DMA_ClearITPendingBit)
    DMA_Cmd                                  0x080009f5   Thumb Code    26  stm32f10x_dma.o(i.DMA_Cmd)
    DMA_DeInit                               0x08000a11   Thumb Code   238  stm32f10x_dma.o(i.DMA_DeInit)
    DMA_GetCurrDataCounter                   0x08000b09   Thumb Code     6  stm32f10x_dma.o(i.DMA_GetCurrDataCounter)
    DMA_GetITStatus                          0x08000b11   Thumb Code    26  stm32f10x_dma.o(i.DMA_GetITStatus)
    DMA_ITConfig                             0x08000b35   Thumb Code    20  stm32f10x_dma.o(i.DMA_ITConfig)
    DMA_Init                                 0x08000b49   Thumb Code    58  stm32f10x_dma.o(i.DMA_Init)
    DMA_SetCurrDataCounter                   0x08000b83   Thumb Code     4  stm32f10x_dma.o(i.DMA_SetCurrDataCounter)
    DebugMon_Handler                         0x08000beb   Thumb Code     2  stm32f10x_it.o(i.DebugMon_Handler)
    GPIO_Init                                0x08000bed   Thumb Code   166  stm32f10x_gpio.o(i.GPIO_Init)
    GPIO_ReadInputDataBit                    0x08000c93   Thumb Code    14  stm32f10x_gpio.o(i.GPIO_ReadInputDataBit)
    GPIO_ResetBits                           0x08000ca1   Thumb Code     4  stm32f10x_gpio.o(i.GPIO_ResetBits)
    GPIO_SetBits                             0x08000ca5   Thumb Code     4  stm32f10x_gpio.o(i.GPIO_SetBits)
    HardFault_Handler                        0x08000ca9   Thumb Code     2  stm32f10x_it.o(i.HardFault_Handler)
    Led1_On                                  0x08000e41   Thumb Code    88  led.o(i.Led1_On)
    Led2_On                                  0x08000e9d   Thumb Code    88  led.o(i.Led2_On)
    Led3_On                                  0x08000ef9   Thumb Code    88  led.o(i.Led3_On)
    Led4_On                                  0x08000f55   Thumb Code    88  led.o(i.Led4_On)
    Led5_On                                  0x08000fb1   Thumb Code    88  led.o(i.Led5_On)
    Led6_On                                  0x0800100d   Thumb Code    88  led.o(i.Led6_On)
    LedRequestBreath                         0x08001069   Thumb Code    48  main.o(i.LedRequestBreath)
    Led_Init                                 0x08001125   Thumb Code   166  led.o(i.Led_Init)
    Led_Mode_Blink                           0x080011d5   Thumb Code    32  led.o(i.Led_Mode_Blink)
    Led_Mode_Breath                          0x080011f9   Thumb Code    34  led.o(i.Led_Mode_Breath)
    Led_Mode_LongOff                         0x08001221   Thumb Code    16  led.o(i.Led_Mode_LongOff)
    Led_Mode_Off                             0x08001235   Thumb Code     8  led.o(i.Led_Mode_Off)
    Led_Mode_On                              0x08001241   Thumb Code    12  led.o(i.Led_Mode_On)
    Led_Off                                  0x08001251   Thumb Code    42  led.o(i.Led_Off)
    Led_Update_1ms                           0x08001281   Thumb Code   424  led.o(i.Led_Update_1ms)
    MemManage_Handler                        0x0800147d   Thumb Code     2  stm32f10x_it.o(i.MemManage_Handler)
    NMI_Handler                              0x0800147f   Thumb Code     2  stm32f10x_it.o(i.NMI_Handler)
    NVIC_Init                                0x08001481   Thumb Code    96  misc.o(i.NVIC_Init)
    NVIC_PriorityGroupConfig                 0x080014e5   Thumb Code    10  misc.o(i.NVIC_PriorityGroupConfig)
    OLED_Clear                               0x08001519   Thumb Code    38  oled.o(i.OLED_Clear)
    OLED_Init                                0x080015b9   Thumb Code   220  oled.o(i.OLED_Init)
    OLED_ShowNum                             0x080017ad   Thumb Code   136  oled.o(i.OLED_ShowNum)
    OLED_ShowString                          0x08001835   Thumb Code    84  oled.o(i.OLED_ShowString)
    RCC_AHBPeriphClockCmd                    0x080018cd   Thumb Code    22  stm32f10x_rcc.o(i.RCC_AHBPeriphClockCmd)
    RCC_APB1PeriphClockCmd                   0x080018e9   Thumb Code    22  stm32f10x_rcc.o(i.RCC_APB1PeriphClockCmd)
    RCC_APB2PeriphClockCmd                   0x08001905   Thumb Code    22  stm32f10x_rcc.o(i.RCC_APB2PeriphClockCmd)
    RCC_DeInit                               0x08001921   Thumb Code    50  stm32f10x_rcc.o(i.RCC_DeInit)
    RCC_GetClocksFreq                        0x08001961   Thumb Code   154  stm32f10x_rcc.o(i.RCC_GetClocksFreq)
    RCC_GetFlagStatus                        0x08001a0d   Thumb Code    42  stm32f10x_rcc.o(i.RCC_GetFlagStatus)
    RCC_GetSYSCLKSource                      0x08001a3d   Thumb Code    10  stm32f10x_rcc.o(i.RCC_GetSYSCLKSource)
    RCC_HCLKConfig                           0x08001a4d   Thumb Code    14  stm32f10x_rcc.o(i.RCC_HCLKConfig)
    RCC_HSICmd                               0x08001a61   Thumb Code     6  stm32f10x_rcc.o(i.RCC_HSICmd)
    RCC_PCLK1Config                          0x08001a6d   Thumb Code    14  stm32f10x_rcc.o(i.RCC_PCLK1Config)
    RCC_PCLK2Config                          0x08001a81   Thumb Code    16  stm32f10x_rcc.o(i.RCC_PCLK2Config)
    RCC_PLLCmd                               0x08001a95   Thumb Code     6  stm32f10x_rcc.o(i.RCC_PLLCmd)
    RCC_PLLConfig                            0x08001aa1   Thumb Code    16  stm32f10x_rcc.o(i.RCC_PLLConfig)
    RCC_SYSCLKConfig                         0x08001ab5   Thumb Code    14  stm32f10x_rcc.o(i.RCC_SYSCLKConfig)
    SysTick_Handler                          0x08001b7d   Thumb Code    20  stm32f10x_it.o(i.SysTick_Handler)
    SysTick_Init                             0x08001b91   Thumb Code   102  systick.o(i.SysTick_Init)
    SystemInit                               0x08001c01   Thumb Code    64  system_stm32f10x.o(i.SystemInit)
    TIM_ARRPreloadConfig                     0x08001c51   Thumb Code    24  stm32f10x_tim.o(i.TIM_ARRPreloadConfig)
    TIM_Cmd                                  0x08001c69   Thumb Code    24  stm32f10x_tim.o(i.TIM_Cmd)
    TIM_CtrlPWMOutputs                       0x08001c81   Thumb Code    28  stm32f10x_tim.o(i.TIM_CtrlPWMOutputs)
    TIM_OC1Init                              0x08001c9d   Thumb Code   114  stm32f10x_tim.o(i.TIM_OC1Init)
    TIM_OC1PreloadConfig                     0x08001d25   Thumb Code    12  stm32f10x_tim.o(i.TIM_OC1PreloadConfig)
    TIM_OC4Init                              0x08001d31   Thumb Code    94  stm32f10x_tim.o(i.TIM_OC4Init)
    TIM_OC4PreloadConfig                     0x08001d99   Thumb Code    20  stm32f10x_tim.o(i.TIM_OC4PreloadConfig)
    TIM_SetCompare1                          0x08001dad   Thumb Code     4  stm32f10x_tim.o(i.TIM_SetCompare1)
    TIM_SetCompare4                          0x08001db1   Thumb Code     6  stm32f10x_tim.o(i.TIM_SetCompare4)
    TIM_TimeBaseInit                         0x08001db9   Thumb Code   114  stm32f10x_tim.o(i.TIM_TimeBaseInit)
    USART1_IRQHandler                        0x08001e79   Thumb Code   140  usart1.o(i.USART1_IRQHandler)
    USART1_ParseData                         0x08001f15   Thumb Code    94  usart1.o(i.USART1_ParseData)
    USART1_Read                              0x0800204d   Thumb Code   204  usart1.o(i.USART1_Read)
    USART1_ShowWaiting                       0x08002141   Thumb Code    32  usart1.o(i.USART1_ShowWaiting)
    USART2_IRQHandler                        0x0800216d   Thumb Code   114  usart2.o(i.USART2_IRQHandler)
    USART_Cmd                                0x080021ed   Thumb Code    24  stm32f10x_usart.o(i.USART_Cmd)
    USART_DMACmd                             0x08002205   Thumb Code    20  stm32f10x_usart.o(i.USART_DMACmd)
    USART_GetFlagStatus                      0x08002219   Thumb Code    14  stm32f10x_usart.o(i.USART_GetFlagStatus)
    USART_GetITStatus                        0x08002227   Thumb Code    64  stm32f10x_usart.o(i.USART_GetITStatus)
    USART_ITConfig                           0x08002267   Thumb Code    54  stm32f10x_usart.o(i.USART_ITConfig)
    USART_Init                               0x0800229d   Thumb Code   182  stm32f10x_usart.o(i.USART_Init)
    USART_ReceiveData                        0x08002359   Thumb Code     8  stm32f10x_usart.o(i.USART_ReceiveData)
    USART_SendData                           0x08002361   Thumb Code     8  stm32f10x_usart.o(i.USART_SendData)
    UsageFault_Handler                       0x08002369   Thumb Code     2  stm32f10x_it.o(i.UsageFault_Handler)
    Usart1_Init                              0x0800236d   Thumb Code   186  usart1.o(i.Usart1_Init)
    __0printf                                0x08002515   Thumb Code    22  printfa.o(i.__0printf)
    __1printf                                0x08002515   Thumb Code     0  printfa.o(i.__0printf)
    __2printf                                0x08002515   Thumb Code     0  printfa.o(i.__0printf)
    __c89printf                              0x08002515   Thumb Code     0  printfa.o(i.__0printf)
    printf                                   0x08002515   Thumb Code     0  printfa.o(i.__0printf)
    __0sprintf                               0x08002535   Thumb Code    34  printfa.o(i.__0sprintf)
    __1sprintf                               0x08002535   Thumb Code     0  printfa.o(i.__0sprintf)
    __2sprintf                               0x08002535   Thumb Code     0  printfa.o(i.__0sprintf)
    __c89sprintf                             0x08002535   Thumb Code     0  printfa.o(i.__0sprintf)
    sprintf                                  0x08002535   Thumb Code     0  printfa.o(i.__0sprintf)
    __scatterload_copy                       0x0800255d   Thumb Code    14  handlers.o(i.__scatterload_copy)
    __scatterload_null                       0x0800256b   Thumb Code     2  handlers.o(i.__scatterload_null)
    __scatterload_zeroinit                   0x0800256d   Thumb Code    14  handlers.o(i.__scatterload_zeroinit)
    adc_get_pa_mv                            0x08002e39   Thumb Code    38  key.o(i.adc_get_pa_mv)
    adc_get_pa_raw                           0x08002e65   Thumb Code    12  key.o(i.adc_get_pa_raw)
    adc_get_value                            0x08002e75   Thumb Code    36  key.o(i.adc_get_value)
    adc_init                                 0x08002e9d   Thumb Code   264  key.o(i.adc_init)
    adc_power_off                            0x080030b5   Thumb Code     2  key.o(i.adc_power_off)
    adc_power_on                             0x080030b7   Thumb Code     2  key.o(i.adc_power_on)
    fputc                                    0x080030cd   Thumb Code    30  usart1.o(i.fputc)
    key_init                                 0x0800326d   Thumb Code    16  key.o(i.key_init)
    key_scan                                 0x08003281   Thumb Code    34  key.o(i.key_scan)
    main                                     0x0800331d   Thumb Code   136  main.o(i.main)
    menu_handle_key                          0x08003479   Thumb Code   400  oled_menu.o(i.menu_handle_key)
    menu_init                                0x08003631   Thumb Code    98  oled_menu.o(i.menu_init)
    menu_switch                              0x080036ed   Thumb Code    44  oled_menu.o(i.menu_switch)
    menu_update                              0x08003721   Thumb Code    18  oled_menu.o(i.menu_update)
    pvPortMalloc                             0x08003ec9   Thumb Code   208  heap_4.o(i.pvPortMalloc)
    pwm_get_duty                             0x08003f9d   Thumb Code    22  pwm.o(i.pwm_get_duty)
    pwm_init                                 0x08003fb9   Thumb Code   248  pwm.o(i.pwm_init)
    pwm_set_duty                             0x08004199   Thumb Code    34  pwm.o(i.pwm_set_duty)
    pxPortInitialiseStack                    0x080041c9   Thumb Code    24  port.o(i.pxPortInitialiseStack)
    uxListRemove                             0x08004239   Thumb Code    38  list.o(i.uxListRemove)
    vListInitialise                          0x0800425f   Thumb Code    22  list.o(i.vListInitialise)
    vListInitialiseItem                      0x08004275   Thumb Code     6  list.o(i.vListInitialiseItem)
    vListInsert                              0x0800427b   Thumb Code    48  list.o(i.vListInsert)
    vListInsertEnd                           0x080042ab   Thumb Code    24  list.o(i.vListInsertEnd)
    vPortEnterCritical                       0x080042c5   Thumb Code    54  port.o(i.vPortEnterCritical)
    vPortExitCritical                        0x08004305   Thumb Code    38  port.o(i.vPortExitCritical)
    vPortFree                                0x08004331   Thumb Code    88  heap_4.o(i.vPortFree)
    vPortSetupTimerInterrupt                 0x0800438d   Thumb Code    32  port.o(i.vPortSetupTimerInterrupt)
    vPortValidateInterruptPriority           0x080043b1   Thumb Code    74  port.o(i.vPortValidateInterruptPriority)
    vQueueAddToRegistry                      0x08004405   Thumb Code    32  queue.o(i.vQueueAddToRegistry)
    vQueueWaitForMessageRestricted           0x08004429   Thumb Code    70  queue.o(i.vQueueWaitForMessageRestricted)
    vTaskDelay                               0x08004471   Thumb Code    70  tasks.o(i.vTaskDelay)
    vTaskDelayUntil                          0x080044c1   Thumb Code   142  tasks.o(i.vTaskDelayUntil)
    vTaskInternalSetTimeOutState             0x08004559   Thumb Code    12  tasks.o(i.vTaskInternalSetTimeOutState)
    vTaskMissedYield                         0x08004569   Thumb Code     8  tasks.o(i.vTaskMissedYield)
    vTaskPlaceOnEventList                    0x08004575   Thumb Code    46  tasks.o(i.vTaskPlaceOnEventList)
    vTaskPlaceOnEventListRestricted          0x080045a9   Thumb Code    54  tasks.o(i.vTaskPlaceOnEventListRestricted)
    vTaskStartScheduler                      0x080045e5   Thumb Code    94  tasks.o(i.vTaskStartScheduler)
    vTaskSuspendAll                          0x08004655   Thumb Code    10  tasks.o(i.vTaskSuspendAll)
    vTaskSwitchContext                       0x08004665   Thumb Code    94  tasks.o(i.vTaskSwitchContext)
    xPortStartScheduler                      0x080046cd   Thumb Code   154  port.o(i.xPortStartScheduler)
    xPortSysTickHandler                      0x08004775   Thumb Code    38  port.o(i.xPortSysTickHandler)
    xQueueGenericCreate                      0x080047a1   Thumb Code    68  queue.o(i.xQueueGenericCreate)
    xQueueGenericReset                       0x080047e5   Thumb Code   134  queue.o(i.xQueueGenericReset)
    xQueueGenericSend                        0x08004871   Thumb Code   352  queue.o(i.xQueueGenericSend)
    xQueueGenericSendFromISR                 0x080049d5   Thumb Code   190  queue.o(i.xQueueGenericSendFromISR)
    xQueueReceive                            0x08004a95   Thumb Code   310  queue.o(i.xQueueReceive)
    xTaskCheckForTimeOut                     0x08004bd1   Thumb Code   118  tasks.o(i.xTaskCheckForTimeOut)
    xTaskCreate                              0x08004c4d   Thumb Code    96  tasks.o(i.xTaskCreate)
    xTaskGetSchedulerState                   0x08004cad   Thumb Code    24  tasks.o(i.xTaskGetSchedulerState)
    xTaskGetTickCount                        0x08004cc9   Thumb Code     6  tasks.o(i.xTaskGetTickCount)
    xTaskIncrementTick                       0x08004cd5   Thumb Code   194  tasks.o(i.xTaskIncrementTick)
    xTaskPriorityDisinherit                  0x08004da1   Thumb Code   116  tasks.o(i.xTaskPriorityDisinherit)
    xTaskRemoveFromEventList                 0x08004e1d   Thumb Code   106  tasks.o(i.xTaskRemoveFromEventList)
    xTaskResumeAll                           0x08004e95   Thumb Code   184  tasks.o(i.xTaskResumeAll)
    xTimerCreateTimerTask                    0x08004f5d   Thumb Code    60  timers.o(i.xTimerCreateTimerTask)
    xTimerGenericCommand                     0x08004fa9   Thumb Code   104  timers.o(i.xTimerGenericCommand)
    asc2_1206                                0x08005014   Data        1140  oled.o(.constdata)
    asc2_1608                                0x08005488   Data        1520  oled.o(.constdata)
    asc2_2412                                0x08005a78   Data        3420  oled.o(.constdata)
    Region$$Table$$Base                      0x080067d4   Number         0  anon$$obj.o(Region$$Table)
    Region$$Table$$Limit                     0x080067f4   Number         0  anon$$obj.o(Region$$Table)
    xKeyQueue                                0x20000000   Data           4  main.o(.data)
    g_uptime_seconds                         0x20000004   Data           4  main.o(.data)
    xLedQueue                                0x20000008   Data           4  main.o(.data)
    SystemCoreClock                          0x2000000c   Data           4  system_stm32f10x.o(.data)
    AHBPrescTable                            0x20000010   Data          16  system_stm32f10x.o(.data)
    uartRecQueue                             0x20000074   Data           4  usart1.o(.data)
    pxCurrentTCB                             0x20000080   Data           4  tasks.o(.data)
    __stdout                                 0x200000f4   Data           4  stdout.o(.data)
    xQueueRegistry                           0x200006a8   Data          64  queue.o(.bss)
    __initial_sp                             0x20004fd8   Data           0  startup_stm32f10x_hd.o(STACK)



==============================================================================

Memory Map of the image

  Image Entry point : 0x08000131

  Load Region LR_IROM1 (Base: 0x08000000, Size: 0x000068ec, Max: 0x00010000, ABSOLUTE)

    Execution Region ER_IROM1 (Exec base: 0x08000000, Load base: 0x08000000, Size: 0x000067f4, Max: 0x00010000, ABSOLUTE)

    Exec Addr    Load Addr    Size         Type   Attr      Idx    E Section Name        Object

    0x08000000   0x08000000   0x00000130   Data   RO          332    RESET               startup_stm32f10x_hd.o
    0x08000130   0x08000130   0x00000000   Code   RO         5220  * .ARM.Collect$$$$00000000  mc_w.l(entry.o)
    0x08000130   0x08000130   0x00000004   Code   RO         5504    .ARM.Collect$$$$00000001  mc_w.l(entry2.o)
    0x08000134   0x08000134   0x00000004   Code   RO         5507    .ARM.Collect$$$$00000004  mc_w.l(entry5.o)
    0x08000138   0x08000138   0x00000000   Code   RO         5509    .ARM.Collect$$$$00000008  mc_w.l(entry7b.o)
    0x08000138   0x08000138   0x00000000   Code   RO         5511    .ARM.Collect$$$$0000000A  mc_w.l(entry8b.o)
    0x08000138   0x08000138   0x00000008   Code   RO         5512    .ARM.Collect$$$$0000000B  mc_w.l(entry9a.o)
    0x08000140   0x08000140   0x00000000   Code   RO         5514    .ARM.Collect$$$$0000000D  mc_w.l(entry10a.o)
    0x08000140   0x08000140   0x00000000   Code   RO         5516    .ARM.Collect$$$$0000000F  mc_w.l(entry11a.o)
    0x08000140   0x08000140   0x00000004   Code   RO         5505    .ARM.Collect$$$$00002712  mc_w.l(entry2.o)
    0x08000144   0x08000144   0x00000096   Code   RO         5003    .emb_text           port.o
    0x080001da   0x080001da   0x00000002   PAD
    0x080001dc   0x080001dc   0x00000024   Code   RO          333    .text               startup_stm32f10x_hd.o
    0x08000200   0x08000200   0x00000024   Code   RO         5223    .text               mc_w.l(memcpya.o)
    0x08000224   0x08000224   0x00000024   Code   RO         5227    .text               mc_w.l(memseta.o)
    0x08000248   0x08000248   0x000000e4   Code   RO         5494    .text               mf_w.l(dmul.o)
    0x0800032c   0x0800032c   0x0000001a   Code   RO         5498    .text               mf_w.l(dfltui.o)
    0x08000346   0x08000346   0x00000032   Code   RO         5500    .text               mf_w.l(dfixui.o)
    0x08000378   0x08000378   0x0000002c   Code   RO         5519    .text               mc_w.l(uidiv.o)
    0x080003a4   0x080003a4   0x00000062   Code   RO         5521    .text               mc_w.l(uldiv.o)
    0x08000406   0x08000406   0x00000020   Code   RO         5523    .text               mc_w.l(llushr.o)
    0x08000426   0x08000426   0x00000000   Code   RO         5525    .text               mc_w.l(iusefp.o)
    0x08000426   0x08000426   0x000000ba   Code   RO         5528    .text               mf_w.l(depilogue.o)
    0x080004e0   0x080004e0   0x0000014e   Code   RO         5530    .text               mf_w.l(dadd.o)
    0x0800062e   0x0800062e   0x000000de   Code   RO         5532    .text               mf_w.l(ddiv.o)
    0x0800070c   0x0800070c   0x00000030   Code   RO         5534    .text               mf_w.l(dfixul.o)
    0x0800073c   0x0800073c   0x00000030   Code   RO         5536    .text               mf_w.l(cdrcmple.o)
    0x0800076c   0x0800076c   0x00000024   Code   RO         5538    .text               mc_w.l(init.o)
    0x08000790   0x08000790   0x0000001e   Code   RO         5540    .text               mc_w.l(llshl.o)
    0x080007ae   0x080007ae   0x00000024   Code   RO         5542    .text               mc_w.l(llsshr.o)
    0x080007d2   0x080007d2   0x00000018   Code   RO          683    i.ADC_Cmd           stm32f10x_adc.o
    0x080007ea   0x080007ea   0x00000018   Code   RO          684    i.ADC_DMACmd        stm32f10x_adc.o
    0x08000802   0x08000802   0x0000000e   Code   RO          691    i.ADC_GetCalibrationStatus  stm32f10x_adc.o
    0x08000810   0x08000810   0x0000000e   Code   RO          697    i.ADC_GetResetCalibrationStatus  stm32f10x_adc.o
    0x0800081e   0x0800081e   0x00000002   PAD
    0x08000820   0x08000820   0x00000048   Code   RO          701    i.ADC_Init          stm32f10x_adc.o
    0x08000868   0x08000868   0x00000074   Code   RO          705    i.ADC_RegularChannelConfig  stm32f10x_adc.o
    0x080008dc   0x080008dc   0x0000000a   Code   RO          706    i.ADC_ResetCalibration  stm32f10x_adc.o
    0x080008e6   0x080008e6   0x00000018   Code   RO          708    i.ADC_SoftwareStartConvCmd  stm32f10x_adc.o
    0x080008fe   0x080008fe   0x0000000a   Code   RO          710    i.ADC_StartCalibration  stm32f10x_adc.o
    0x08000908   0x08000908   0x00000002   Code   RO          216    i.BusFault_Handler  stm32f10x_it.o
    0x0800090a   0x0800090a   0x00000054   Code   RO         3722    i.Clock_Init        systick.o
    0x0800095e   0x0800095e   0x00000002   PAD
    0x08000960   0x08000960   0x00000064   Code   RO         3749    i.DMA1_Channel5_IRQHandler  usart1.o
    0x080009c4   0x080009c4   0x00000018   Code   RO         1366    i.DMA_ClearFlag     stm32f10x_dma.o
    0x080009dc   0x080009dc   0x00000018   Code   RO         1367    i.DMA_ClearITPendingBit  stm32f10x_dma.o
    0x080009f4   0x080009f4   0x0000001a   Code   RO         1368    i.DMA_Cmd           stm32f10x_dma.o
    0x08000a0e   0x08000a0e   0x00000002   PAD
    0x08000a10   0x08000a10   0x000000f8   Code   RO         1369    i.DMA_DeInit        stm32f10x_dma.o
    0x08000b08   0x08000b08   0x00000006   Code   RO         1370    i.DMA_GetCurrDataCounter  stm32f10x_dma.o
    0x08000b0e   0x08000b0e   0x00000002   PAD
    0x08000b10   0x08000b10   0x00000024   Code   RO         1372    i.DMA_GetITStatus   stm32f10x_dma.o
    0x08000b34   0x08000b34   0x00000014   Code   RO         1373    i.DMA_ITConfig      stm32f10x_dma.o
    0x08000b48   0x08000b48   0x0000003a   Code   RO         1374    i.DMA_Init          stm32f10x_dma.o
    0x08000b82   0x08000b82   0x00000004   Code   RO         1375    i.DMA_SetCurrDataCounter  stm32f10x_dma.o
    0x08000b86   0x08000b86   0x00000064   Code   RO         3750    i.Data_TO_FIFO      usart1.o
    0x08000bea   0x08000bea   0x00000002   Code   RO          217    i.DebugMon_Handler  stm32f10x_it.o
    0x08000bec   0x08000bec   0x000000a6   Code   RO         1792    i.GPIO_Init         stm32f10x_gpio.o
    0x08000c92   0x08000c92   0x0000000e   Code   RO         1796    i.GPIO_ReadInputDataBit  stm32f10x_gpio.o
    0x08000ca0   0x08000ca0   0x00000004   Code   RO         1799    i.GPIO_ResetBits    stm32f10x_gpio.o
    0x08000ca4   0x08000ca4   0x00000004   Code   RO         1800    i.GPIO_SetBits      stm32f10x_gpio.o
    0x08000ca8   0x08000ca8   0x00000002   Code   RO          218    i.HardFault_Handler  stm32f10x_it.o
    0x08000caa   0x08000caa   0x00000002   PAD
    0x08000cac   0x08000cac   0x00000048   Code   RO         5080    i.IIC_Start         oled.o
    0x08000cf4   0x08000cf4   0x0000003c   Code   RO         5081    i.IIC_Stop          oled.o
    0x08000d30   0x08000d30   0x00000070   Code   RO         5082    i.IIC_Wait_Ack      oled.o
    0x08000da0   0x08000da0   0x00000060   Code   RO         5083    i.IIC_Write_Byte    oled.o
    0x08000e00   0x08000e00   0x00000040   Code   RO           17    i.KeyTaskFunc       main.o
    0x08000e40   0x08000e40   0x0000005c   Code   RO         3608    i.Led1_On           led.o
    0x08000e9c   0x08000e9c   0x0000005c   Code   RO         3609    i.Led2_On           led.o
    0x08000ef8   0x08000ef8   0x0000005c   Code   RO         3610    i.Led3_On           led.o
    0x08000f54   0x08000f54   0x0000005c   Code   RO         3611    i.Led4_On           led.o
    0x08000fb0   0x08000fb0   0x0000005c   Code   RO         3612    i.Led5_On           led.o
    0x0800100c   0x0800100c   0x0000005c   Code   RO         3613    i.Led6_On           led.o
    0x08001068   0x08001068   0x00000034   Code   RO           18    i.LedRequestBreath  main.o
    0x0800109c   0x0800109c   0x00000088   Code   RO           19    i.LedTaskFunc       main.o
    0x08001124   0x08001124   0x000000b0   Code   RO         3614    i.Led_Init          led.o
    0x080011d4   0x080011d4   0x00000024   Code   RO         3615    i.Led_Mode_Blink    led.o
    0x080011f8   0x080011f8   0x00000028   Code   RO         3616    i.Led_Mode_Breath   led.o
    0x08001220   0x08001220   0x00000014   Code   RO         3617    i.Led_Mode_LongOff  led.o
    0x08001234   0x08001234   0x0000000c   Code   RO         3618    i.Led_Mode_Off      led.o
    0x08001240   0x08001240   0x00000010   Code   RO         3619    i.Led_Mode_On       led.o
    0x08001250   0x08001250   0x00000030   Code   RO         3620    i.Led_Off           led.o
    0x08001280   0x08001280   0x000001b4   Code   RO         3623    i.Led_Update_1ms    led.o
    0x08001434   0x08001434   0x00000048   Code   RO           20    i.MainTaskFunc      main.o
    0x0800147c   0x0800147c   0x00000002   Code   RO          219    i.MemManage_Handler  stm32f10x_it.o
    0x0800147e   0x0800147e   0x00000002   Code   RO          220    i.NMI_Handler       stm32f10x_it.o
    0x08001480   0x08001480   0x00000064   Code   RO          641    i.NVIC_Init         misc.o
    0x080014e4   0x080014e4   0x00000014   Code   RO          642    i.NVIC_PriorityGroupConfig  misc.o
    0x080014f8   0x080014f8   0x00000020   Code   RO         3723    i.NVIC_SetPriority  systick.o
    0x08001518   0x08001518   0x0000002c   Code   RO         5084    i.OLED_Clear        oled.o
    0x08001544   0x08001544   0x0000003c   Code   RO         5087    i.OLED_DrawPoint    oled.o
    0x08001580   0x08001580   0x00000038   Code   RO         5088    i.OLED_GPIO_Init    oled.o
    0x080015b8   0x080015b8   0x000000dc   Code   RO         5089    i.OLED_Init         oled.o
    0x08001694   0x08001694   0x00000050   Code   RO         5090    i.OLED_Refresh_Gram  oled.o
    0x080016e4   0x080016e4   0x000000c8   Code   RO         5091    i.OLED_ShowChar     oled.o
    0x080017ac   0x080017ac   0x00000088   Code   RO         5092    i.OLED_ShowNum      oled.o
    0x08001834   0x08001834   0x00000054   Code   RO         5094    i.OLED_ShowString   oled.o
    0x08001888   0x08001888   0x00000042   Code   RO         5095    i.OLED_WR_Byte      oled.o
    0x080018ca   0x080018ca   0x00000002   PAD
    0x080018cc   0x080018cc   0x0000001c   Code   RO         2207    i.RCC_AHBPeriphClockCmd  stm32f10x_rcc.o
    0x080018e8   0x080018e8   0x0000001c   Code   RO         2208    i.RCC_APB1PeriphClockCmd  stm32f10x_rcc.o
    0x08001904   0x08001904   0x0000001c   Code   RO         2210    i.RCC_APB2PeriphClockCmd  stm32f10x_rcc.o
    0x08001920   0x08001920   0x00000040   Code   RO         2217    i.RCC_DeInit        stm32f10x_rcc.o
    0x08001960   0x08001960   0x000000ac   Code   RO         2218    i.RCC_GetClocksFreq  stm32f10x_rcc.o
    0x08001a0c   0x08001a0c   0x00000030   Code   RO         2219    i.RCC_GetFlagStatus  stm32f10x_rcc.o
    0x08001a3c   0x08001a3c   0x00000010   Code   RO         2221    i.RCC_GetSYSCLKSource  stm32f10x_rcc.o
    0x08001a4c   0x08001a4c   0x00000014   Code   RO         2222    i.RCC_HCLKConfig    stm32f10x_rcc.o
    0x08001a60   0x08001a60   0x0000000c   Code   RO         2224    i.RCC_HSICmd        stm32f10x_rcc.o
    0x08001a6c   0x08001a6c   0x00000014   Code   RO         2229    i.RCC_PCLK1Config   stm32f10x_rcc.o
    0x08001a80   0x08001a80   0x00000014   Code   RO         2230    i.RCC_PCLK2Config   stm32f10x_rcc.o
    0x08001a94   0x08001a94   0x0000000c   Code   RO         2231    i.RCC_PLLCmd        stm32f10x_rcc.o
    0x08001aa0   0x08001aa0   0x00000014   Code   RO         2232    i.RCC_PLLConfig     stm32f10x_rcc.o
    0x08001ab4   0x08001ab4   0x00000014   Code   RO         2235    i.RCC_SYSCLKConfig  stm32f10x_rcc.o
    0x08001ac8   0x08001ac8   0x00000004   Code   RO          296    i.SetSysClock       system_stm32f10x.o
    0x08001acc   0x08001acc   0x000000b0   Code   RO          297    i.SetSysClockTo48   system_stm32f10x.o
    0x08001b7c   0x08001b7c   0x00000014   Code   RO          221    i.SysTick_Handler   stm32f10x_it.o
    0x08001b90   0x08001b90   0x00000070   Code   RO         3724    i.SysTick_Init      systick.o
    0x08001c00   0x08001c00   0x00000050   Code   RO          299    i.SystemInit        system_stm32f10x.o
    0x08001c50   0x08001c50   0x00000018   Code   RO         2830    i.TIM_ARRPreloadConfig  stm32f10x_tim.o
    0x08001c68   0x08001c68   0x00000018   Code   RO         2842    i.TIM_Cmd           stm32f10x_tim.o
    0x08001c80   0x08001c80   0x0000001c   Code   RO         2844    i.TIM_CtrlPWMOutputs  stm32f10x_tim.o
    0x08001c9c   0x08001c9c   0x00000088   Code   RO         2871    i.TIM_OC1Init       stm32f10x_tim.o
    0x08001d24   0x08001d24   0x0000000c   Code   RO         2874    i.TIM_OC1PreloadConfig  stm32f10x_tim.o
    0x08001d30   0x08001d30   0x00000068   Code   RO         2886    i.TIM_OC4Init       stm32f10x_tim.o
    0x08001d98   0x08001d98   0x00000014   Code   RO         2888    i.TIM_OC4PreloadConfig  stm32f10x_tim.o
    0x08001dac   0x08001dac   0x00000004   Code   RO         2903    i.TIM_SetCompare1   stm32f10x_tim.o
    0x08001db0   0x08001db0   0x00000006   Code   RO         2906    i.TIM_SetCompare4   stm32f10x_tim.o
    0x08001db6   0x08001db6   0x00000002   PAD
    0x08001db8   0x08001db8   0x0000009c   Code   RO         2913    i.TIM_TimeBaseInit  stm32f10x_tim.o
    0x08001e54   0x08001e54   0x00000024   Code   RO           21    i.TimeKeeperTaskFunc  main.o
    0x08001e78   0x08001e78   0x0000009c   Code   RO         3751    i.USART1_IRQHandler  usart1.o
    0x08001f14   0x08001f14   0x00000068   Code   RO         3752    i.USART1_ParseData  usart1.o
    0x08001f7c   0x08001f7c   0x000000d0   Code   RO         3753    i.USART1_ProcessFrame  usart1.o
    0x0800204c   0x0800204c   0x000000f4   Code   RO         3754    i.USART1_Read       usart1.o
    0x08002140   0x08002140   0x0000002c   Code   RO         3755    i.USART1_ShowWaiting  usart1.o
    0x0800216c   0x0800216c   0x00000080   Code   RO         3847    i.USART2_IRQHandler  usart2.o
    0x080021ec   0x080021ec   0x00000018   Code   RO         3378    i.USART_Cmd         stm32f10x_usart.o
    0x08002204   0x08002204   0x00000014   Code   RO         3379    i.USART_DMACmd      stm32f10x_usart.o
    0x08002218   0x08002218   0x0000000e   Code   RO         3381    i.USART_GetFlagStatus  stm32f10x_usart.o
    0x08002226   0x08002226   0x00000040   Code   RO         3382    i.USART_GetITStatus  stm32f10x_usart.o
    0x08002266   0x08002266   0x00000036   Code   RO         3384    i.USART_ITConfig    stm32f10x_usart.o
    0x0800229c   0x0800229c   0x000000bc   Code   RO         3385    i.USART_Init        stm32f10x_usart.o
    0x08002358   0x08002358   0x00000008   Code   RO         3392    i.USART_ReceiveData  stm32f10x_usart.o
    0x08002360   0x08002360   0x00000008   Code   RO         3395    i.USART_SendData    stm32f10x_usart.o
    0x08002368   0x08002368   0x00000002   Code   RO          222    i.UsageFault_Handler  stm32f10x_it.o
    0x0800236a   0x0800236a   0x00000002   PAD
    0x0800236c   0x0800236c   0x000000c8   Code   RO         3756    i.Usart1_Init       usart1.o
    0x08002434   0x08002434   0x0000007c   Code   RO         3757    i.Usart1_Receive_DMA_Init  usart1.o
    0x080024b0   0x080024b0   0x00000064   Code   RO         3759    i.Usart1_Send_DMA_Init  usart1.o
    0x08002514   0x08002514   0x00000020   Code   RO         5464    i.__0printf         mc_w.l(printfa.o)
    0x08002534   0x08002534   0x00000028   Code   RO         5466    i.__0sprintf        mc_w.l(printfa.o)
    0x0800255c   0x0800255c   0x0000000e   Code   RO         5546    i.__scatterload_copy  mc_w.l(handlers.o)
    0x0800256a   0x0800256a   0x00000002   Code   RO         5547    i.__scatterload_null  mc_w.l(handlers.o)
    0x0800256c   0x0800256c   0x0000000e   Code   RO         5548    i.__scatterload_zeroinit  mc_w.l(handlers.o)
    0x0800257a   0x0800257a   0x00000002   PAD
    0x0800257c   0x0800257c   0x00000184   Code   RO         5471    i._fp_digits        mc_w.l(printfa.o)
    0x08002700   0x08002700   0x000006dc   Code   RO         5472    i._printf_core      mc_w.l(printfa.o)
    0x08002ddc   0x08002ddc   0x00000024   Code   RO         5473    i._printf_post_padding  mc_w.l(printfa.o)
    0x08002e00   0x08002e00   0x0000002e   Code   RO         5474    i._printf_pre_padding  mc_w.l(printfa.o)
    0x08002e2e   0x08002e2e   0x0000000a   Code   RO         5476    i._sputc            mc_w.l(printfa.o)
    0x08002e38   0x08002e38   0x0000002c   Code   RO          519    i.adc_get_pa_mv     key.o
    0x08002e64   0x08002e64   0x00000010   Code   RO          520    i.adc_get_pa_raw    key.o
    0x08002e74   0x08002e74   0x00000028   Code   RO          521    i.adc_get_value     key.o
    0x08002e9c   0x08002e9c   0x0000011c   Code   RO          522    i.adc_init          key.o
    0x08002fb8   0x08002fb8   0x00000004   Code   RO          376    i.adc_menu_exit     oled_menu.o
    0x08002fbc   0x08002fbc   0x00000058   Code   RO          377    i.adc_menu_init     oled_menu.o
    0x08003014   0x08003014   0x000000a0   Code   RO          378    i.adc_menu_loop     oled_menu.o
    0x080030b4   0x080030b4   0x00000002   Code   RO          523    i.adc_power_off     key.o
    0x080030b6   0x080030b6   0x00000002   Code   RO          524    i.adc_power_on      key.o
    0x080030b8   0x080030b8   0x00000012   Code   RO          525    i.adc_to_mv         key.o
    0x080030ca   0x080030ca   0x00000002   PAD
    0x080030cc   0x080030cc   0x00000024   Code   RO         3760    i.fputc             usart1.o
    0x080030f0   0x080030f0   0x00000002   Code   RO          379    i.free_debug_menu_exit  oled_menu.o
    0x080030f2   0x080030f2   0x00000002   PAD
    0x080030f4   0x080030f4   0x00000038   Code   RO          380    i.free_debug_menu_init  oled_menu.o
    0x0800312c   0x0800312c   0x00000014   Code   RO          381    i.free_debug_menu_loop  oled_menu.o
    0x08003140   0x08003140   0x00000002   Code   RO          382    i.gpio_input_menu_exit  oled_menu.o
    0x08003142   0x08003142   0x00000002   PAD
    0x08003144   0x08003144   0x00000038   Code   RO          383    i.gpio_input_menu_init  oled_menu.o
    0x0800317c   0x0800317c   0x00000034   Code   RO          384    i.gpio_input_menu_loop  oled_menu.o
    0x080031b0   0x080031b0   0x00000010   Code   RO          385    i.gpio_output_menu_exit  oled_menu.o
    0x080031c0   0x080031c0   0x00000050   Code   RO          386    i.gpio_output_menu_init  oled_menu.o
    0x08003210   0x08003210   0x00000024   Code   RO          387    i.gpio_output_menu_loop  oled_menu.o
    0x08003234   0x08003234   0x00000036   Code   RO          526    i.key_decode_mv     key.o
    0x0800326a   0x0800326a   0x00000002   PAD
    0x0800326c   0x0800326c   0x00000014   Code   RO          528    i.key_init          key.o
    0x08003280   0x08003280   0x00000022   Code   RO          529    i.key_scan          key.o
    0x080032a2   0x080032a2   0x00000002   PAD
    0x080032a4   0x080032a4   0x00000020   Code   RO          530    i.key_scan_pb10     key.o
    0x080032c4   0x080032c4   0x00000020   Code   RO          531    i.key_scan_pb11     key.o
    0x080032e4   0x080032e4   0x00000004   Code   RO         3624    i.led_off_target    led.o
    0x080032e8   0x080032e8   0x00000034   Code   RO         3625    i.led_on_target     led.o
    0x0800331c   0x0800331c   0x000000c4   Code   RO           22    i.main              main.o
    0x080033e0   0x080033e0   0x00000002   Code   RO          388    i.main_menu_exit    oled_menu.o
    0x080033e2   0x080033e2   0x00000002   PAD
    0x080033e4   0x080033e4   0x00000028   Code   RO          389    i.main_menu_init    oled_menu.o
    0x0800340c   0x0800340c   0x0000006c   Code   RO          390    i.main_menu_loop    oled_menu.o
    0x08003478   0x08003478   0x000001b8   Code   RO          391    i.menu_handle_key   oled_menu.o
    0x08003630   0x08003630   0x000000bc   Code   RO          392    i.menu_init         oled_menu.o
    0x080036ec   0x080036ec   0x00000034   Code   RO          393    i.menu_switch       oled_menu.o
    0x08003720   0x08003720   0x0000001c   Code   RO          394    i.menu_update       oled_menu.o
    0x0800373c   0x0800373c   0x00000060   Code   RO         4454    i.prvAddCurrentTaskToDelayedList  tasks.o
    0x0800379c   0x0800379c   0x00000088   Code   RO         4455    i.prvAddNewTaskToReadyList  tasks.o
    0x08003824   0x08003824   0x00000050   Code   RO         4809    i.prvCheckForValidListAndQueue  timers.o
    0x08003874   0x08003874   0x0000003c   Code   RO         4456    i.prvCheckTasksWaitingTermination  tasks.o
    0x080038b0   0x080038b0   0x00000028   Code   RO         4083    i.prvCopyDataFromQueue  queue.o
    0x080038d8   0x080038d8   0x0000006e   Code   RO         4084    i.prvCopyDataToQueue  queue.o
    0x08003946   0x08003946   0x00000014   Code   RO         4457    i.prvDeleteTCB      tasks.o
    0x0800395a   0x0800395a   0x00000002   PAD
    0x0800395c   0x0800395c   0x00000024   Code   RO         4810    i.prvGetNextExpireTime  timers.o
    0x08003980   0x08003980   0x0000004c   Code   RO         4954    i.prvHeapInit       heap_4.o
    0x080039cc   0x080039cc   0x00000028   Code   RO         4458    i.prvIdleTask       tasks.o
    0x080039f4   0x080039f4   0x00000022   Code   RO         4087    i.prvInitialiseNewQueue  queue.o
    0x08003a16   0x08003a16   0x0000009a   Code   RO         4459    i.prvInitialiseNewTask  tasks.o
    0x08003ab0   0x08003ab0   0x00000058   Code   RO         4460    i.prvInitialiseTaskLists  tasks.o
    0x08003b08   0x08003b08   0x00000054   Code   RO         4955    i.prvInsertBlockIntoFreeList  heap_4.o
    0x08003b5c   0x08003b5c   0x00000040   Code   RO         4812    i.prvInsertTimerInActiveList  timers.o
    0x08003b9c   0x08003b9c   0x0000001a   Code   RO         4088    i.prvIsQueueEmpty   queue.o
    0x08003bb6   0x08003bb6   0x0000001e   Code   RO         4089    i.prvIsQueueFull    queue.o
    0x08003bd4   0x08003bd4   0x0000005c   Code   RO         4813    i.prvProcessExpiredTimer  timers.o
    0x08003c30   0x08003c30   0x000000c4   Code   RO         4814    i.prvProcessReceivedCommands  timers.o
    0x08003cf4   0x08003cf4   0x0000006c   Code   RO         4815    i.prvProcessTimerOrBlockTask  timers.o
    0x08003d60   0x08003d60   0x00000024   Code   RO         4462    i.prvResetNextTaskUnblockTime  tasks.o
    0x08003d84   0x08003d84   0x0000002c   Code   RO         4816    i.prvSampleTimeNow  timers.o
    0x08003db0   0x08003db0   0x0000006c   Code   RO         4817    i.prvSwitchTimerLists  timers.o
    0x08003e1c   0x08003e1c   0x0000002c   Code   RO         5004    i.prvTaskExitError  port.o
    0x08003e48   0x08003e48   0x00000014   Code   RO         4818    i.prvTimerTask      timers.o
    0x08003e5c   0x08003e5c   0x0000006a   Code   RO         4090    i.prvUnlockQueue    queue.o
    0x08003ec6   0x08003ec6   0x00000002   PAD
    0x08003ec8   0x08003ec8   0x000000d4   Code   RO         4956    i.pvPortMalloc      heap_4.o
    0x08003f9c   0x08003f9c   0x0000001c   Code   RO         3892    i.pwm_get_duty      pwm.o
    0x08003fb8   0x08003fb8   0x00000108   Code   RO         3893    i.pwm_init          pwm.o
    0x080040c0   0x080040c0   0x00000016   Code   RO          395    i.pwm_menu_exit     oled_menu.o
    0x080040d6   0x080040d6   0x00000002   PAD
    0x080040d8   0x080040d8   0x00000070   Code   RO          396    i.pwm_menu_init     oled_menu.o
    0x08004148   0x08004148   0x00000050   Code   RO          397    i.pwm_menu_loop     oled_menu.o
    0x08004198   0x08004198   0x00000030   Code   RO         3894    i.pwm_set_duty      pwm.o
    0x080041c8   0x080041c8   0x0000001c   Code   RO         5005    i.pxPortInitialiseStack  port.o
    0x080041e4   0x080041e4   0x00000002   Code   RO          398    i.uart_receive_menu_exit  oled_menu.o
    0x080041e6   0x080041e6   0x00000002   PAD
    0x080041e8   0x080041e8   0x0000003c   Code   RO          399    i.uart_receive_menu_init  oled_menu.o
    0x08004224   0x08004224   0x00000014   Code   RO          400    i.uart_receive_menu_loop  oled_menu.o
    0x08004238   0x08004238   0x00000026   Code   RO         4043    i.uxListRemove      list.o
    0x0800425e   0x0800425e   0x00000016   Code   RO         4044    i.vListInitialise   list.o
    0x08004274   0x08004274   0x00000006   Code   RO         4045    i.vListInitialiseItem  list.o
    0x0800427a   0x0800427a   0x00000030   Code   RO         4046    i.vListInsert       list.o
    0x080042aa   0x080042aa   0x00000018   Code   RO         4047    i.vListInsertEnd    list.o
    0x080042c2   0x080042c2   0x00000002   PAD
    0x080042c4   0x080042c4   0x00000040   Code   RO         5007    i.vPortEnterCritical  port.o
    0x08004304   0x08004304   0x0000002c   Code   RO         5008    i.vPortExitCritical  port.o
    0x08004330   0x08004330   0x0000005c   Code   RO         4957    i.vPortFree         heap_4.o
    0x0800438c   0x0800438c   0x00000024   Code   RO         5009    i.vPortSetupTimerInterrupt  port.o
    0x080043b0   0x080043b0   0x00000054   Code   RO         5010    i.vPortValidateInterruptPriority  port.o
    0x08004404   0x08004404   0x00000024   Code   RO         4096    i.vQueueAddToRegistry  queue.o
    0x08004428   0x08004428   0x00000046   Code   RO         4100    i.vQueueWaitForMessageRestricted  queue.o
    0x0800446e   0x0800446e   0x00000002   PAD
    0x08004470   0x08004470   0x00000050   Code   RO         4474    i.vTaskDelay        tasks.o
    0x080044c0   0x080044c0   0x00000098   Code   RO         4475    i.vTaskDelayUntil   tasks.o
    0x08004558   0x08004558   0x00000010   Code   RO         4479    i.vTaskInternalSetTimeOutState  tasks.o
    0x08004568   0x08004568   0x0000000c   Code   RO         4480    i.vTaskMissedYield  tasks.o
    0x08004574   0x08004574   0x00000034   Code   RO         4482    i.vTaskPlaceOnEventList  tasks.o
    0x080045a8   0x080045a8   0x0000003c   Code   RO         4483    i.vTaskPlaceOnEventListRestricted  tasks.o
    0x080045e4   0x080045e4   0x00000070   Code   RO         4491    i.vTaskStartScheduler  tasks.o
    0x08004654   0x08004654   0x00000010   Code   RO         4493    i.vTaskSuspendAll   tasks.o
    0x08004664   0x08004664   0x00000068   Code   RO         4494    i.vTaskSwitchContext  tasks.o
    0x080046cc   0x080046cc   0x000000a8   Code   RO         5011    i.xPortStartScheduler  port.o
    0x08004774   0x08004774   0x0000002c   Code   RO         5012    i.xPortSysTickHandler  port.o
    0x080047a0   0x080047a0   0x00000044   Code   RO         4103    i.xQueueGenericCreate  queue.o
    0x080047e4   0x080047e4   0x0000008c   Code   RO         4104    i.xQueueGenericReset  queue.o
    0x08004870   0x08004870   0x00000164   Code   RO         4105    i.xQueueGenericSend  queue.o
    0x080049d4   0x080049d4   0x000000be   Code   RO         4106    i.xQueueGenericSendFromISR  queue.o
    0x08004a92   0x08004a92   0x00000002   PAD
    0x08004a94   0x08004a94   0x0000013c   Code   RO         4115    i.xQueueReceive     queue.o
    0x08004bd0   0x08004bd0   0x0000007c   Code   RO         4495    i.xTaskCheckForTimeOut  tasks.o
    0x08004c4c   0x08004c4c   0x00000060   Code   RO         4496    i.xTaskCreate       tasks.o
    0x08004cac   0x08004cac   0x0000001c   Code   RO         4500    i.xTaskGetSchedulerState  tasks.o
    0x08004cc8   0x08004cc8   0x0000000c   Code   RO         4501    i.xTaskGetTickCount  tasks.o
    0x08004cd4   0x08004cd4   0x000000cc   Code   RO         4503    i.xTaskIncrementTick  tasks.o
    0x08004da0   0x08004da0   0x0000007c   Code   RO         4506    i.xTaskPriorityDisinherit  tasks.o
    0x08004e1c   0x08004e1c   0x00000078   Code   RO         4508    i.xTaskRemoveFromEventList  tasks.o
    0x08004e94   0x08004e94   0x000000c8   Code   RO         4509    i.xTaskResumeAll    tasks.o
    0x08004f5c   0x08004f5c   0x0000004c   Code   RO         4824    i.xTimerCreateTimerTask  timers.o
    0x08004fa8   0x08004fa8   0x0000006c   Code   RO         4825    i.xTimerGenericCommand  timers.o
    0x08005014   0x08005014   0x000017c0   Data   RO         5097    .constdata          oled.o
    0x080067d4   0x080067d4   0x00000020   Data   RO         5544    Region$$Table       anon$$obj.o


    Execution Region RW_IRAM1 (Exec base: 0x20000000, Load base: 0x080067f4, Size: 0x00004fd8, Max: 0x00010000, ABSOLUTE)

    Exec Addr    Load Addr    Size         Type   Attr      Idx    E Section Name        Object

    0x20000000   0x080067f4   0x0000000c   Data   RW           24    .data               main.o
    0x2000000c   0x08006800   0x00000014   Data   RW          300    .data               system_stm32f10x.o
    0x20000020   0x08006814   0x00000008   Data   RW          402    .data               oled_menu.o
    0x20000028   0x0800681c   0x00000010   Data   RW          532    .data               key.o
    0x20000038   0x0800682c   0x00000014   Data   RW         2238    .data               stm32f10x_rcc.o
    0x2000004c   0x08006840   0x00000024   Data   RW         3626    .data               led.o
    0x20000070   0x08006864   0x00000008   Data   RW         3762    .data               usart1.o
    0x20000078   0x0800686c   0x00000004   Data   RW         3850    .data               usart2.o
    0x2000007c   0x08006870   0x00000002   Data   RW         3895    .data               pwm.o
    0x2000007e   0x08006872   0x00000002   PAD
    0x20000080   0x08006874   0x0000003c   Data   RW         4512    .data               tasks.o
    0x200000bc   0x080068b0   0x00000014   Data   RW         4833    .data               timers.o
    0x200000d0   0x080068c4   0x00000018   Data   RW         4962    .data               heap_4.o
    0x200000e8   0x080068dc   0x0000000c   Data   RW         5013    .data               port.o
    0x200000f4   0x080068e8   0x00000004   Data   RW         5518    .data               mc_w.l(stdout.o)
    0x200000f8        -       0x00000054   Zero   RW          401    .bss                oled_menu.o
    0x2000014c        -       0x0000054c   Zero   RW         3761    .bss                usart1.o
    0x20000698        -       0x00000010   Zero   RW         3849    .bss                usart2.o
    0x200006a8        -       0x00000040   Zero   RW         4119    .bss                queue.o
    0x200006e8        -       0x000004c4   Zero   RW         4511    .bss                tasks.o
    0x20000bac        -       0x00000028   Zero   RW         4832    .bss                timers.o
    0x20000bd4        -       0x00003c00   Zero   RW         4961    .bss                heap_4.o
    0x200047d4        -       0x00000400   Zero   RW         5096    .bss                oled.o
    0x20004bd4   0x080068ec   0x00000004   PAD
    0x20004bd8        -       0x00000400   Zero   RW          330    STACK               startup_stm32f10x_hd.o


==============================================================================

Image component sizes


      Code (inc. data)   RO Data    RW Data    ZI Data      Debug   Object Name

         0          0          0          0          0       4540   core_cm3.o
         0          0          0          0          0       8992   event_groups.o
       464         22          0         24      15360       4543   heap_4.o
       578         50          0         16          0       7157   key.o
      1392         92          0         36          0       9653   led.o
       138          0          0          0          0       3154   list.o
       556         94          0         12          0     280337   main.o
       120         14          0          0          0       1703   misc.o
      1286         58       6080          0       1024       9750   oled.o
      1726        430          0          8         84      12783   oled_menu.o
       662         70          0         12          0      10225   port.o
       340         36          0          2          0       1961   pwm.o
      1522         20          0          0         64      13534   queue.o
        36          8        304          0       1024        772   startup_stm32f10x_hd.o
       308         10          0          0          0       7821   stm32f10x_adc.o
       446         36          0          0          0       7225   stm32f10x_dma.o
       188          0          0          0          0       3864   stm32f10x_gpio.o
        32          0          0          0          0       2935   stm32f10x_it.o
       508        100          0         20          0      10767   stm32f10x_rcc.o
       514         74          0          0          0       7063   stm32f10x_tim.o
       380          6          0          0          0       7216   stm32f10x_usart.o
       260         26          0         20          0       2173   system_stm32f10x.o
       228         10          0          0          0      16839   systick.o
      2142        198          0         60       1220      21904   tasks.o
       932         84          0         20         40       9615   timers.o
      1416        148          0          8       1356      12310   usart1.o
       128         14          0          4         16       9108   usart2.o

    ----------------------------------------------------------------------
     16346       1600       6416        244      20192     487944   Object Totals
         0          0         32          0          0          0   (incl. Generated)
        44          0          0          2          4          0   (incl. Padding)

    ----------------------------------------------------------------------

      Code (inc. data)   RO Data    RW Data    ZI Data      Debug   Library Member Name

         0          0          0          0          0          0   entry.o
         0          0          0          0          0          0   entry10a.o
         0          0          0          0          0          0   entry11a.o
         8          4          0          0          0          0   entry2.o
         4          0          0          0          0          0   entry5.o
         0          0          0          0          0          0   entry7b.o
         0          0          0          0          0          0   entry8b.o
         8          4          0          0          0          0   entry9a.o
        30          0          0          0          0          0   handlers.o
        36          8          0          0          0         68   init.o
         0          0          0          0          0          0   iusefp.o
        30          0          0          0          0         68   llshl.o
        36          0          0          0          0         68   llsshr.o
        32          0          0          0          0         68   llushr.o
        36          0          0          0          0         68   memcpya.o
        36          0          0          0          0        108   memseta.o
      2308         96          0          0          0        604   printfa.o
         0          0          0          4          0          0   stdout.o
        44          0          0          0          0         80   uidiv.o
        98          0          0          0          0         92   uldiv.o
        48          0          0          0          0         68   cdrcmple.o
       334          0          0          0          0        148   dadd.o
       222          0          0          0          0        100   ddiv.o
       186          0          0          0          0        176   depilogue.o
        50          0          0          0          0         76   dfixui.o
        48          0          0          0          0         68   dfixul.o
        26          0          0          0          0         76   dfltui.o
       228          0          0          0          0         96   dmul.o

    ----------------------------------------------------------------------
      3850        112          0          4          0       2032   Library Totals
         2          0          0          0          0          0   (incl. Padding)

    ----------------------------------------------------------------------

      Code (inc. data)   RO Data    RW Data    ZI Data      Debug   Library Name

      2706        112          0          4          0       1224   mc_w.l
      1142          0          0          0          0        808   mf_w.l

    ----------------------------------------------------------------------
      3850        112          0          4          0       2032   Library Totals

    ----------------------------------------------------------------------

==============================================================================


      Code (inc. data)   RO Data    RW Data    ZI Data      Debug   

     20196       1712       6416        248      20192     477648   Grand Totals
     20196       1712       6416        248      20192     477648   ELF Image Totals
     20196       1712       6416        248          0          0   ROM Totals

==============================================================================

    Total RO  Size (Code + RO Data)                26612 (  25.99kB)
    Total RW  Size (RW Data + ZI Data)             20440 (  19.96kB)
    Total ROM Size (Code + RO Data + RW Data)      26860 (  26.23kB)

==============================================================================

