<html>
<body>
<pre>
<h1>礦ision Build Log</h1>
<h2>Tool Versions:</h2>
IDE-Version: μVision V5.25.3.0
Copyright (C) 2018 ARM Ltd and ARM Germany GmbH. All rights reserved.
License Information: 2 72, 7, LIC=CZLZX-HWAV9-RA2DM-XJ7QM-0HQEM-KC897
 
Tool Versions:
Toolchain:       MDK-ARM Plus  Version: 5.14.0.0
Toolchain Path:  C:\Keil_v5\ARM\ARMCC\Bin
C Compiler:      Armcc.exe V5.05 update 1 (build 106)
Assembler:       Armasm.exe V5.05 update 1 (build 106)
Linker/Locator:  ArmLink.exe V5.05 update 1 (build 106)
Library Manager: ArmAr.exe V5.05 update 1 (build 106)
Hex Converter:   FromElf.exe V5.05 update 1 (build 106)
CPU DLL:         SARMCM3.DLL V5.14.0.0
Dialog DLL:      DCM.DLL V1.13.1.0
Target DLL:      CMSIS_AGDI.dll V1.21.0.0
Dialog DLL:      TCM.DLL V1.14.4.0
 
<h2>Project:</h2>
C:\chunchu\大项目\串口调试住手2\NK001-TSZS\User\FreeRTOS.uvprojx
Project File Date:  12/09/2025

<h2>Output:</h2>
*** Using Compiler 'V5.05 update 1 (build 106)', folder: 'C:\Keil_v5\ARM\ARMCC\Bin'
Rebuild target 'FreeRTOS'
assembling startup_stm32f10x_hd.s...
compiling core_cm3.c...
compiling test.c...
test.c(147): warning:  #188-D: enumerated type mixed with another type
                  current_interface = (current_interface + 1) % 2;
test.c(146): warning:  #177-D: variable "previous_interface" was declared but never referenced
                  INTERFACE_TYPE previous_interface = current_interface;
test.c(253): warning:  #1-D: last line of file ends without a newline
  }
test.c(136): warning:  #177-D: variable "pb0_mv" was declared but never referenced
          uint16_t pb0_mv, pb1_mv;
test.c(136): warning:  #177-D: variable "pb1_mv" was declared but never referenced
          uint16_t pb0_mv, pb1_mv;
test.c(36): warning:  #177-D: variable "next_update_tick" was declared but never referenced
  static uint32_t next_update_tick = 0;
test.c: 6 warnings, 0 errors
compiling system_stm32f10x.c...
compiling misc.c...
compiling stm32f10x_it.c...
compiling key.c...
..\BSP\key.c(130): warning:  #188-D: enumerated type mixed with another type
          return (key*2-1);
..\BSP\key.c(134): warning:  #188-D: enumerated type mixed with another type
          return (key*2);   
..\BSP\key.c: 2 warnings, 0 errors
compiling buzzer.c...
compiling main.c...
compiling stm32f10x_bkp.c...
compiling stm32f10x_adc.c...
compiling oled_menu.c...
compiling stm32f10x_can.c...
compiling stm32f10x_cec.c...
compiling stm32f10x_crc.c...
compiling stm32f10x_dbgmcu.c...
compiling stm32f10x_dac.c...
compiling stm32f10x_dma.c...
compiling stm32f10x_exti.c...
compiling stm32f10x_gpio.c...
compiling stm32f10x_fsmc.c...
compiling stm32f10x_i2c.c...
compiling stm32f10x_flash.c...
compiling stm32f10x_iwdg.c...
compiling stm32f10x_pwr.c...
compiling stm32f10x_rcc.c...
compiling stm32f10x_rtc.c...
compiling stm32f10x_sdio.c...
compiling stm32f10x_spi.c...
compiling stm32f10x_usart.c...
compiling sysTick.c...
compiling stm32f10x_wwdg.c...
compiling croutine.c...
compiling led.c...
..\BSP\led.c(244): warning:  #550-D: variable "g_breath_up" was set but never used
  static uint8_t g_breath_up = 1;
..\BSP\led.c: 1 warning, 0 errors
compiling stm32f10x_tim.c...
compiling event_groups.c...
compiling list.c...
compiling pwm.c...
..\BSP\pwm.c(66): warning:  #1-D: last line of file ends without a newline
  }
..\BSP\pwm.c: 1 warning, 0 errors
compiling stream_buffer.c...
compiling queue.c...
compiling usart2.c...
compiling heap_4.c...
compiling timers.c...
compiling usart1.c...
..\BSP\usart1.c(216): warning:  #167-D: argument of type "uint8_t *" is incompatible with parameter of type "const char *"
                  OLED_ShowString(0, row * 16, display_data, 16);
..\BSP\usart1.c(184): warning:  #550-D: variable "display_row" was set but never used
      uint8_t display_row = 0;
..\BSP\usart1.c: 2 warnings, 0 errors
compiling tasks.c...
compiling port.c...
compiling oled.c...
..\Driver\oled.c(165): warning:  #177-D: function "IIC_Ack" was declared but never referenced
  static void IIC_Ack(void)
..\Driver\oled.c(182): warning:  #177-D: function "IIC_NAck" was declared but never referenced
  static void IIC_NAck(void)
..\Driver\oled.c: 2 warnings, 0 errors
compiling pms5003st.c...
linking...
Program Size: Code=19040 RO-data=6416 RW-data=244 ZI-data=20188  
FromELF: creating hex file...
".\Objects\USART.axf" - 0 Error(s), 14 Warning(s).

<h2>Software Packages used:</h2>

Package Vendor: Keil
                http://www.keil.com/pack/Keil.STM32F1xx_DFP.2.2.0.pack
                Keil.STM32F1xx_DFP.2.2.0
                STMicroelectronics STM32F1 Series Device Support, Drivers and Examples

<h2>Collection of Component include folders:</h2>
  .\RTE\_FreeRTOS
  C:\Keil_v5\ARM\PACK\Keil\STM32F1xx_DFP\2.2.0\Device\Include

<h2>Collection of Component Files used:</h2>
Build Time Elapsed:  00:00:02
</pre>
</body>
</html>
